Component: ARM Compiler 5.06 update 6 (build 750) Tool: armlink [4d35ed]

==============================================================================

Section Cross References

    startup_n32g430.o(RESET) refers to startup_n32g430.o(STACK) for __initial_sp
    startup_n32g430.o(RESET) refers to startup_n32g430.o(.text) for Reset_Handler
    startup_n32g430.o(RESET) refers to hw_uart.o(i.USART1_IRQHandler) for USART1_IRQHandler
    startup_n32g430.o(RESET) refers to hw_uart.o(i.UART3_IRQHandler) for UART3_IRQHandler
    startup_n32g430.o(RESET) refers to hw_timer.o(i.TIM6_IRQHandler) for TIM6_IRQHandler
    startup_n32g430.o(.text) refers to system_n32g430.o(i.System_Initializes) for System_Initializes
    startup_n32g430.o(.text) refers to entry.o(.ARM.Collect$$$$00000000) for __main
    system_n32g430.o(i.System_Clock_Frequency_Update) refers to system_n32g430.o(.data) for SystemClockFrequency
    system_n32g430.o(i.System_Clock_Frequency_Update) refers to system_n32g430.o(.constdata) for AHBPrescTable
    system_n32g430.o(i.System_Clock_Set) refers to system_n32g430.o(.data) for SystemClockFrequency
    system_n32g430.o(i.System_Initializes) refers to system_n32g430.o(i.System_Clock_Set) for System_Clock_Set
    n32g430_adc.o(i.ADC_Clock_Mode_Config) refers to n32g430_rcc.o(i.RCC_ADC_Hclk_Enable) for RCC_ADC_Hclk_Enable
    n32g430_adc.o(i.ADC_Clock_Mode_Config) refers to n32g430_rcc.o(i.RCC_ADC_PLL_Clock_Disable) for RCC_ADC_PLL_Clock_Disable
    n32g430_adc.o(i.ADC_Clock_Mode_Config) refers to n32g430_rcc.o(i.RCC_ADC_Hclk_Config) for RCC_ADC_Hclk_Config
    n32g430_adc.o(i.ADC_Clock_Mode_Config) refers to n32g430_adc.o(i.ADC_AHB_Clock_Mode_Config) for ADC_AHB_Clock_Mode_Config
    n32g430_adc.o(i.ADC_Clock_Mode_Config) refers to n32g430_rcc.o(i.RCC_ADC_PLL_Clock_Prescaler_Enable) for RCC_ADC_PLL_Clock_Prescaler_Enable
    n32g430_adc.o(i.ADC_Clock_Mode_Config) refers to n32g430_adc.o(i.ADC_PLL_Clock_Mode_Config) for ADC_PLL_Clock_Mode_Config
    n32g430_adc.o(i.ADC_Initializes) refers to n32g430_adc.o(i.ADC_Multichannels_Enable) for ADC_Multichannels_Enable
    n32g430_adc.o(i.ADC_Initializes) refers to n32g430_adc.o(i.ADC_Multichannels_Disable) for ADC_Multichannels_Disable
    n32g430_adc.o(i.ADC_Initializes) refers to n32g430_adc.o(i.ADC_Continue_Conversion_Enable) for ADC_Continue_Conversion_Enable
    n32g430_adc.o(i.ADC_Initializes) refers to n32g430_adc.o(i.ADC_Continue_Conversion_Disable) for ADC_Continue_Conversion_Disable
    n32g430_adc.o(i.ADC_Initializes) refers to n32g430_adc.o(i.ADC_Regular_Group_External_Trigger_Source_Config) for ADC_Regular_Group_External_Trigger_Source_Config
    n32g430_adc.o(i.ADC_Initializes) refers to n32g430_adc.o(i.ADC_Data_Alignment_Config) for ADC_Data_Alignment_Config
    n32g430_adc.o(i.ADC_Initializes) refers to n32g430_adc.o(i.ADC_Regular_Channels_Number_Config) for ADC_Regular_Channels_Number_Config
    n32g430_adc.o(i.ADC_Initializes_Ex) refers to n32g430_adc.o(i.ADC_Vbat_Monitor_Enable) for ADC_Vbat_Monitor_Enable
    n32g430_adc.o(i.ADC_Initializes_Ex) refers to n32g430_adc.o(i.ADC_Vbat_Monitor_Disable) for ADC_Vbat_Monitor_Disable
    n32g430_adc.o(i.ADC_Initializes_Ex) refers to n32g430_adc.o(i.ADC_Deep_Power_Mode_Enable) for ADC_Deep_Power_Mode_Enable
    n32g430_adc.o(i.ADC_Initializes_Ex) refers to n32g430_adc.o(i.ADC_Deep_Power_Mode_Disable) for ADC_Deep_Power_Mode_Disable
    n32g430_adc.o(i.ADC_Initializes_Ex) refers to n32g430_adc.o(i.ADC_Interrupts_Enable) for ADC_Interrupts_Enable
    n32g430_adc.o(i.ADC_Initializes_Ex) refers to n32g430_adc.o(i.ADC_Interrupts_Disable) for ADC_Interrupts_Disable
    n32g430_adc.o(i.ADC_Initializes_Ex) refers to n32g430_adc.o(i.ADC_PLL_Clock_Mode_Config) for ADC_PLL_Clock_Mode_Config
    n32g430_adc.o(i.ADC_Initializes_Ex) refers to n32g430_adc.o(i.ADC_AHB_Clock_Mode_Config) for ADC_AHB_Clock_Mode_Config
    n32g430_adc.o(i.ADC_Initializes_Ex) refers to n32g430_adc.o(i.ADC_Calibration_Auto_Load_Enable) for ADC_Calibration_Auto_Load_Enable
    n32g430_adc.o(i.ADC_Initializes_Ex) refers to n32g430_adc.o(i.ADC_Calibration_Auto_Load_Disable) for ADC_Calibration_Auto_Load_Disable
    n32g430_adc.o(i.ADC_Initializes_Ex) refers to n32g430_adc.o(i.ADC_Differential_Mode_Enable) for ADC_Differential_Mode_Enable
    n32g430_adc.o(i.ADC_Initializes_Ex) refers to n32g430_adc.o(i.ADC_Differential_Mode_Disable) for ADC_Differential_Mode_Disable
    n32g430_adc.o(i.ADC_Initializes_Ex) refers to n32g430_adc.o(i.ADC_Data_Resolution_Config) for ADC_Data_Resolution_Config
    n32g430_adc.o(i.ADC_Initializes_Ex) refers to n32g430_adc.o(i.ADC_Sample_Time_Level_Config) for ADC_Sample_Time_Level_Config
    n32g430_adc.o(i.ADC_Reset) refers to n32g430_rcc.o(i.RCC_AHB_Peripheral_Reset) for RCC_AHB_Peripheral_Reset
    n32g430_adc.o(i.ADC_Vrefint_Get) refers to n32g430_adc.o(.data) for vrefint_value
    n32g430_beeper.o(i.BEEPER_Initialize) refers to n32g430_beeper.o(i.BEEPER_Clock_Select) for BEEPER_Clock_Select
[...]
    ADCHCLKPresTable                         0x0800b344   Data          16  n32g430_rcc.o(.constdata)
    ADCPLLCLKPresTable                       0x0800b354   Data          32  n32g430_rcc.o(.constdata)
    .constdata                               0x0800b374   Section      320  powf.o(.constdata)
    table                                    0x0800b374   Data         128  powf.o(.constdata)
    powersof2to1over16top                    0x0800b3f4   Data          64  powf.o(.constdata)
    powersof2to1over16bot                    0x0800b434   Data          64  powf.o(.constdata)
    powersof2to1over16all                    0x0800b474   Data          64  powf.o(.constdata)
    .constdata                               0x0800b4b4   Section       32  rredf.o(.constdata)
    twooverpi                                0x0800b4b4   Data          32  rredf.o(.constdata)
    .data                                    0x20000000   Section        4  system_n32g430.o(.data)
    .data                                    0x20000004   Section        2  main.o(.data)
    .data                                    0x20000006   Section        3  led.o(.data)
    ledCnt                                   0x20000007   Data           1  led.o(.data)
    ledindex                                 0x20000008   Data           1  led.o(.data)
    .data                                    0x2000000a   Section        3  ticks.o(.data)
    delayTimer                               0x2000000a   Data           2  ticks.o(.data)
    _cnt20ms                                 0x2000000c   Data           1  ticks.o(.data)
    .data                                    0x20000010   Section       28  iap.o(.data)
    pack_index_last                          0x20000016   Data           1  iap.o(.data)
    pack_atleastonce                         0x20000017   Data           1  iap.o(.data)
    receive_cnt                              0x20000018   Data           4  iap.o(.data)
    rx_nunber                                0x2000001c   Data           2  iap.o(.data)
    .data                                    0x2000002c   Section        1  i2c_soft.o(.data)
    .data                                    0x20000030   Section        4  hw_timer.o(.data)
    pTickCallback                            0x20000030   Data           4  hw_timer.o(.data)
    .data                                    0x20000034   Section        8  msp.o(.data)
    pack_index_last                          0x20000034   Data           1  msp.o(.data)
    pack_atleastonce                         0x20000035   Data           1  msp.o(.data)
    receive_cnt                              0x20000038   Data           4  msp.o(.data)
    .data                                    0x2000003c   Section       17  mpu6050.o(.data)
    _mpu_half_resolution                     0x2000004c   Data           1  mpu6050.o(.data)
    .data                                    0x20000050   Section       18  accgyro.o(.data)
    count                                    0x20000058   Data           2  accgyro.o(.data)
    gyroCalInit                              0x2000005a   Data           1  accgyro.o(.data)
    count                                    0x2000005c   Data           2  accgyro.o(.data)
    accCalInit                               0x2000005e   Data           1  accgyro.o(.data)
    printfcnt                                0x2000005f   Data           1  accgyro.o(.data)
    previousTime                             0x20000060   Data           2  accgyro.o(.data)
    .data                                    0x20000064   Section       52  imu.o(.data)
    imuConfig                                0x2000007c   Data           8  imu.o(.data)
    imuRuntimeConfig                         0x20000084   Data           4  imu.o(.data)
    integralFBx                              0x20000088   Data           4  imu.o(.data)
    integralFBy                              0x2000008c   Data           4  imu.o(.data)
    integralFBz                              0x20000090   Data           4  imu.o(.data)
    previousIMUUpdateTime                    0x20000094   Data           2  imu.o(.data)
    previousTime                             0x20000096   Data           2  imu.o(.data)
    .data                                    0x20000098   Section       20  barometer.o(.data)
    baroSensorReady                          0x200000a4   Data           1  barometer.o(.data)
    baroUpdateCyc                            0x200000a5   Data           1  barometer.o(.data)
    baroUptEnum                              0x200000a6   Data           1  barometer.o(.data)
    _init                                    0x200000a7   Data           1  barometer.o(.data)
    _baroGroundAltitude                      0x200000a8   Data           4  barometer.o(.data)
    .data                                    0x200000ac   Section        8  spl06.o(.data)
    spl06_pressure_raw                       0x200000ac   Data           4  spl06.o(.data)
    spl06_temperature_raw                    0x200000b0   Data           4  spl06.o(.data)
    .data                                    0x200000b4   Section      180  altitude.o(.data)
    currentFilterSampleIndex                 0x20000148   Data           2  altitude.o(.data)
    medianFilterReady                        0x2000014a   Data           1  altitude.o(.data)
    baroHistIdx                              0x2000014c   Data           2  altitude.o(.data)
    indexplus1                               0x2000014e   Data           2  altitude.o(.data)
    bBaroSumReady                            0x20000150   Data           2  altitude.o(.data)
    baroPressureSum                          0x20000154   Data           4  altitude.o(.data)
    baroGroundPressure                       0x20000158   Data           4  altitude.o(.data)
    previousT                                0x2000015c   Data           4  altitude.o(.data)
    errorVelocityI                           0x20000160   Data           4  altitude.o(.data)
    velErrorLast                             0x20000164   Data           4  altitude.o(.data)
    .data                                    0x20000168   Section      128  opflow.o(.data)
    pixel_flow_integral_last                 0x200001ac   Data           4  opflow.o(.data)
    lastTimeForPixel                         0x200001b0   Data           2  opflow.o(.data)
    setVelOpticalflow                        0x200001b4   Data           8  opflow.o(.data)
    VelCurrent                               0x200001bc   Data           8  opflow.o(.data)
    lastError                                0x200001c4   Data           8  opflow.o(.data)
    errorOpitalflowVelI                      0x200001cc   Data           8  opflow.o(.data)
    delta1                                   0x200001d4   Data           8  opflow.o(.data)
    delta2                                   0x200001dc   Data           8  opflow.o(.data)
    stickTimer                               0x200001e4   Data           4  opflow.o(.data)
    .data                                    0x200001e8   Section       19  decode.o(.data)
    armCheckEnb                              0x200001fa   Data           1  decode.o(.data)
    .data                                    0x200001fc   Section        4  fc.o(.data)
    previousIMUUpdateTime                    0x200001fe   Data           2  fc.o(.data)
    .data                                    0x20000200   Section        8  motor.o(.data)
    .data                                    0x20000208   Section        4  stdout.o(.data)
    .data                                    0x2000020c   Section        4  errno.o(.data)
    _errno                                   0x2000020c   Data           4  errno.o(.data)
    .bss                                     0x20000210   Section      580  uart.o(.bss)
    debugUartRxbuf                           0x2000022c   Data         266  uart.o(.bss)
    debugUartTxbuf                           0x20000336   Data         128  uart.o(.bss)
    opflowUartRxbuf                          0x200003d4   Data          64  uart.o(.bss)
    opflowUartTxbuf                          0x20000414   Data          64  uart.o(.bss)
    .bss                                     0x20000454   Section     2320  iap.o(.bss)
    .bss                                     0x20000d64   Section       24  hw_uart.o(.bss)
    .bss                                     0x20000d7c   Section      264  accgyro.o(.bss)
    gyroFilter                               0x20000ddc   Data          36  accgyro.o(.bss)
    accFilter                                0x20000e00   Data          84  accgyro.o(.bss)
    gyroSum                                  0x20000e54   Data          12  accgyro.o(.bss)
    gyroInit                                 0x20000e60   Data          12  accgyro.o(.bss)
    accSum                                   0x20000e6c   Data          12  accgyro.o(.bss)
    gyroInit                                 0x20000e78   Data          12  accgyro.o(.bss)
    .bss                                     0x20000e84   Section       48  imu.o(.bss)
    rMat                                     0x20000e84   Data          36  imu.o(.bss)
    .bss                                     0x20000eb4   Section       24  barometer.o(.bss)
    .bss                                     0x20000ecc   Section       24  spl06.o(.bss)
    .bss                                     0x20000ee4   Section       84  altitude.o(.bss)
    barometerFilterSamples                   0x20000f08   Data          20  altitude.o(.bss)
    baroHistTab                              0x20000f1c   Data          28  altitude.o(.bss)
    .bss                                     0x20000f38   Section        9  opflow.o(.bss)
    .bss                                     0x20000f41   Section       10  decode.o(.bss)
    .bss                                     0x20000f4c   Section      116  pid.o(.bss)
    last_rate                                0x20000f90   Data          12  pid.o(.bss)
    rate_i                                   0x20000f9c   Data          12  pid.o(.bss)
    delta1                                   0x20000fa8   Data          12  pid.o(.bss)
    delta2                                   0x20000fb4   Data          12  pid.o(.bss)
    STACK                                    0x20000fc0   Section     5376  startup_n32g430.o(STACK)

    Global Symbols

    Symbol Name                              Value     Ov Type        Size  Object(Section)

    BuildAttributes$$THM_ISAv4$E$P$D$K$B$S$7EM$VFPi3$EXTD16$VFPS$VFMA$PE$A:L22UL41UL21$X:L11$S22US41US21$IEEE1$IW$USESV6$~STKCKD$USESV7$~SHL$OTIME$ROPI$IEEEX$EBA8$MICROLIB$REQ8$PRES8$EABIv2 0x00000000   Number         0  anon$$obj.o ABSOLUTE
    __ARM_use_no_argv                        0x00000000   Number         0  main.o ABSOLUTE
    _printf_a                                0x00000000   Number         0  stubs.o ABSOLUTE
    _printf_c                                0x00000000   Number         0  stubs.o ABSOLUTE
    _printf_charcount                        0x00000000   Number         0  stubs.o ABSOLUTE
    _printf_d                                0x00000000   Number         0  stubs.o ABSOLUTE
    _printf_e                                0x00000000   Number         0  stubs.o ABSOLUTE
    _printf_f                                0x00000000   Number         0  stubs.o ABSOLUTE
    _printf_flags                            0x00000000   Number         0  stubs.o ABSOLUTE
    _printf_fp_dec                           0x00000000   Number         0  stubs.o ABSOLUTE
    _printf_fp_hex                           0x00000000   Number         0  stubs.o ABSOLUTE
    _printf_g                                0x00000000   Number         0  stubs.o ABSOLUTE
    _printf_i                                0x00000000   Number         0  stubs.o ABSOLUTE
    _printf_int_dec                          0x00000000   Number         0  stubs.o ABSOLUTE
    _printf_l                                0x00000000   Number         0  stubs.o ABSOLUTE
    _printf_lc                               0x00000000   Number         0  stubs.o ABSOLUTE
    _printf_ll                               0x00000000   Number         0  stubs.o ABSOLUTE
    _printf_lld                              0x00000000   Number         0  stubs.o ABSOLUTE
    _printf_lli                              0x00000000   Number         0  stubs.o ABSOLUTE
    _printf_llo                              0x00000000   Number         0  stubs.o ABSOLUTE
    _printf_llu                              0x00000000   Number         0  stubs.o ABSOLUTE
    _printf_llx                              0x00000000   Number         0  stubs.o ABSOLUTE
    _printf_longlong_dec                     0x00000000   Number         0  stubs.o ABSOLUTE
    _printf_longlong_hex                     0x00000000   Number         0  stubs.o ABSOLUTE
    _printf_longlong_oct                     0x00000000   Number         0  stubs.o ABSOLUTE
    _printf_ls                               0x00000000   Number         0  stubs.o ABSOLUTE
    _printf_mbtowc                           0x00000000   Number         0  stubs.o ABSOLUTE
    _printf_n                                0x00000000   Number         0  stubs.o ABSOLUTE
    _printf_o                                0x00000000   Number         0  stubs.o ABSOLUTE
    _printf_p                                0x00000000   Number         0  stubs.o ABSOLUTE
    _printf_percent                          0x00000000   Number         0  stubs.o ABSOLUTE
    _printf_pre_padding                      0x00000000   Number         0  stubs.o ABSOLUTE
    _printf_return_value                     0x00000000   Number         0  stubs.o ABSOLUTE
    _printf_s                                0x00000000   Number         0  stubs.o ABSOLUTE
    _printf_sizespec                         0x00000000   Number         0  stubs.o ABSOLUTE
    _printf_str                              0x00000000   Number         0  stubs.o ABSOLUTE
    _printf_truncate_signed                  0x00000000   Number         0  stubs.o ABSOLUTE
    _printf_truncate_unsigned                0x00000000   Number         0  stubs.o ABSOLUTE
    _printf_u                                0x00000000   Number         0  stubs.o ABSOLUTE
    _printf_wc                               0x00000000   Number         0  stubs.o ABSOLUTE
    _printf_wctomb                           0x00000000   Number         0  stubs.o ABSOLUTE
    _printf_widthprec                        0x00000000   Number         0  stubs.o ABSOLUTE
    _printf_x                                0x00000000   Number         0  stubs.o ABSOLUTE
    __cpp_initialize__aeabi_                  - Undefined Weak Reference
    __cxa_finalize                            - Undefined Weak Reference
    _clock_init                               - Undefined Weak Reference
    _microlib_exit                            - Undefined Weak Reference
    __Vectors_Size                           0x00000114   Number         0  startup_n32g430.o ABSOLUTE
    __Vectors                                0x08004000   Data           4  startup_n32g430.o(RESET)
    __Vectors_End                            0x08004114   Data           0  startup_n32g430.o(RESET)
    __main                                   0x08004115   Thumb Code     0  entry.o(.ARM.Collect$$$$00000000)
    _main_stk                                0x08004115   Thumb Code     0  entry2.o(.ARM.Collect$$$$00000001)
    _main_scatterload                        0x08004119   Thumb Code     0  entry5.o(.ARM.Collect$$$$00000004)
    __main_after_scatterload                 0x0800411d   Thumb Code     0  entry5.o(.ARM.Collect$$$$00000004)
    _main_clock                              0x0800411d   Thumb Code     0  entry7b.o(.ARM.Collect$$$$00000008)
    _main_cpp_init                           0x0800411d   Thumb Code     0  entry8b.o(.ARM.Collect$$$$0000000A)
    _main_init                               0x0800411d   Thumb Code     0  entry9a.o(.ARM.Collect$$$$0000000B)
    __rt_final_cpp                           0x08004125   Thumb Code     0  entry10a.o(.ARM.Collect$$$$0000000D)
    __rt_final_exit                          0x08004125   Thumb Code     0  entry11a.o(.ARM.Collect$$$$0000000F)
    Reset_Handler                            0x08004129   Thumb Code     8  startup_n32g430.o(.text)
    NMI_Handler                              0x08004131   Thumb Code     2  startup_n32g430.o(.text)
    HardFault_Handler                        0x08004133   Thumb Code     2  startup_n32g430.o(.text)
    MemManage_Handler                        0x08004135   Thumb Code     2  startup_n32g430.o(.text)
    BusFault_Handler                         0x08004137   Thumb Code     2  startup_n32g430.o(.text)
    UsageFault_Handler                       0x08004139   Thumb Code     2  startup_n32g430.o(.text)
    SVC_Handler                              0x0800413b   Thumb Code     2  startup_n32g430.o(.text)
    DebugMon_Handler                         0x0800413d   Thumb Code     2  startup_n32g430.o(.text)
    PendSV_Handler                           0x0800413f   Thumb Code     2  startup_n32g430.o(.text)
    SysTick_Handler                          0x08004141   Thumb Code     2  startup_n32g430.o(.text)
    ADC_IRQHandler                           0x08004143   Thumb Code     0  startup_n32g430.o(.text)
    CAN_RX0_IRQHandler                       0x08004143   Thumb Code     0  startup_n32g430.o(.text)
    CAN_RX1_IRQHandler                       0x08004143   Thumb Code     0  startup_n32g430.o(.text)
    CAN_SCE_IRQHandler                       0x08004143   Thumb Code     0  startup_n32g430.o(.text)
    CAN_TX_IRQHandler                        0x08004143   Thumb Code     0  startup_n32g430.o(.text)
    COMP_1_2_3_IRQHandler                    0x08004143   Thumb Code     0  startup_n32g430.o(.text)
    DMA_Channel1_IRQHandler                  0x08004143   Thumb Code     0  startup_n32g430.o(.text)
    DMA_Channel2_IRQHandler                  0x08004143   Thumb Code     0  startup_n32g430.o(.text)
    DMA_Channel3_IRQHandler                  0x08004143   Thumb Code     0  startup_n32g430.o(.text)
    DMA_Channel4_IRQHandler                  0x08004143   Thumb Code     0  startup_n32g430.o(.text)
    DMA_Channel5_IRQHandler                  0x08004143   Thumb Code     0  startup_n32g430.o(.text)
    DMA_Channel6_IRQHandler                  0x08004143   Thumb Code     0  startup_n32g430.o(.text)
    DMA_Channel7_IRQHandler                  0x08004143   Thumb Code     0  startup_n32g430.o(.text)
    DMA_Channel8_IRQHandler                  0x08004143   Thumb Code     0  startup_n32g430.o(.text)
    EXTI0_IRQHandler                         0x08004143   Thumb Code     0  startup_n32g430.o(.text)
    EXTI15_10_IRQHandler                     0x08004143   Thumb Code     0  startup_n32g430.o(.text)
    EXTI1_IRQHandler                         0x08004143   Thumb Code     0  startup_n32g430.o(.text)
    EXTI2_IRQHandler                         0x08004143   Thumb Code     0  startup_n32g430.o(.text)
    EXTI3_IRQHandler                         0x08004143   Thumb Code     0  startup_n32g430.o(.text)
    EXTI4_IRQHandler                         0x08004143   Thumb Code     0  startup_n32g430.o(.text)
    EXTI9_5_IRQHandler                       0x08004143   Thumb Code     0  startup_n32g430.o(.text)
    FLASH_IRQHandler                         0x08004143   Thumb Code     0  startup_n32g430.o(.text)
    I2C1_ER_IRQHandler                       0x08004143   Thumb Code     0  startup_n32g430.o(.text)
    I2C1_EV_IRQHandler                       0x08004143   Thumb Code     0  startup_n32g430.o(.text)
    I2C2_ER_IRQHandler                       0x08004143   Thumb Code     0  startup_n32g430.o(.text)
    I2C2_EV_IRQHandler                       0x08004143   Thumb Code     0  startup_n32g430.o(.text)
    LPTIM_WKUP_IRQHandler                    0x08004143   Thumb Code     0  startup_n32g430.o(.text)
    MMU_IRQHandler                           0x08004143   Thumb Code     0  startup_n32g430.o(.text)
    PVD_IRQHandler                           0x08004143   Thumb Code     0  startup_n32g430.o(.text)
    RCC_IRQHandler                           0x08004143   Thumb Code     0  startup_n32g430.o(.text)
    RTCAlarm_IRQHandler                      0x08004143   Thumb Code     0  startup_n32g430.o(.text)
    RTC_TAMPER_STAMP_IRQHandler              0x08004143   Thumb Code     0  startup_n32g430.o(.text)
    RTC_WKUP_IRQHandler                      0x08004143   Thumb Code     0  startup_n32g430.o(.text)
    SPI1_IRQHandler                          0x08004143   Thumb Code     0  startup_n32g430.o(.text)
    SPI2_IRQHandler                          0x08004143   Thumb Code     0  startup_n32g430.o(.text)
    TIM1_BRK_IRQHandler                      0x08004143   Thumb Code     0  startup_n32g430.o(.text)
    TIM1_CC_IRQHandler                       0x08004143   Thumb Code     0  startup_n32g430.o(.text)
    TIM1_TRG_COM_IRQHandler                  0x08004143   Thumb Code     0  startup_n32g430.o(.text)
    TIM1_UP_IRQHandler                       0x08004143   Thumb Code     0  startup_n32g430.o(.text)
    TIM2_IRQHandler                          0x08004143   Thumb Code     0  startup_n32g430.o(.text)
    TIM3_IRQHandler                          0x08004143   Thumb Code     0  startup_n32g430.o(.text)
    TIM4_IRQHandler                          0x08004143   Thumb Code     0  startup_n32g430.o(.text)
    TIM5_IRQHandler                          0x08004143   Thumb Code     0  startup_n32g430.o(.text)
    TIM8_BRK_IRQHandler                      0x08004143   Thumb Code     0  startup_n32g430.o(.text)
    TIM8_CC_IRQHandler                       0x08004143   Thumb Code     0  startup_n32g430.o(.text)
    TIM8_TRG_COM_IRQHandler                  0x08004143   Thumb Code     0  startup_n32g430.o(.text)
    TIM8_UP_IRQHandler                       0x08004143   Thumb Code     0  startup_n32g430.o(.text)
    UART4_IRQHandler                         0x08004143   Thumb Code     0  startup_n32g430.o(.text)
    USART2_IRQHandler                        0x08004143   Thumb Code     0  startup_n32g430.o(.text)
    WWDG_IRQHandler                          0x08004143   Thumb Code     0  startup_n32g430.o(.text)
    __aeabi_memset                           0x0800414d   Thumb Code    14  memseta.o(.text)
    __aeabi_memset4                          0x0800414d   Thumb Code     0  memseta.o(.text)
    __aeabi_memset8                          0x0800414d   Thumb Code     0  memseta.o(.text)
    __aeabi_memclr                           0x0800415b   Thumb Code     4  memseta.o(.text)
    __aeabi_memclr4                          0x0800415b   Thumb Code     0  memseta.o(.text)
    __aeabi_memclr8                          0x0800415b   Thumb Code     0  memseta.o(.text)
    _memset$wrapper                          0x0800415f   Thumb Code    18  memseta.o(.text)
    __aeabi_dmul                             0x08004171   Thumb Code   228  dmul.o(.text)
    __aeabi_ui2d                             0x08004255   Thumb Code    26  dfltui.o(.text)
    __aeabi_f2d                              0x0800426f   Thumb Code    38  f2d.o(.text)
    __aeabi_d2f                              0x08004295   Thumb Code    56  d2f.o(.text)
    __aeabi_uidiv                            0x080042cd   Thumb Code     0  uidiv.o(.text)
    __aeabi_uidivmod                         0x080042cd   Thumb Code    44  uidiv.o(.text)
    __aeabi_uldivmod                         0x080042f9   Thumb Code    98  uldiv.o(.text)
    __I$use$fp                               0x0800435b   Thumb Code     0  iusefp.o(.text)
    _float_round                             0x0800435b   Thumb Code    18  fepilogue.o(.text)
    _float_epilogue                          0x0800436d   Thumb Code    92  fepilogue.o(.text)
    _frnd                                    0x080043c9   Thumb Code    60  frnd.o(.text)
    _double_round                            0x08004405   Thumb Code    30  depilogue.o(.text)
    _double_epilogue                         0x08004423   Thumb Code   156  depilogue.o(.text)
    __aeabi_dadd                             0x080044bf   Thumb Code   322  dadd.o(.text)
    __aeabi_dsub                             0x08004601   Thumb Code     6  dadd.o(.text)
    __aeabi_drsub                            0x08004607   Thumb Code     6  dadd.o(.text)
    __aeabi_ddiv                             0x0800460d   Thumb Code   222  ddiv.o(.text)
    __aeabi_d2ulz                            0x080046eb   Thumb Code    48  dfixul.o(.text)
    _ffix_r                                  0x0800471b   Thumb Code    76  ffixir.o(.text)
    __aeabi_cdrcmple                         0x08004769   Thumb Code    48  cdrcmple.o(.text)
    __fp_status                              0x08004799   Thumb Code     4  fpstat.o(.text)
    __ieee_status                            0x08004799   Thumb Code     0  fpstat.o(.text)
    __scatterload                            0x0800479d   Thumb Code    28  init.o(.text)
    __scatterload_rt2                        0x0800479d   Thumb Code     0  init.o(.text)
    __aeabi_llsl                             0x080047c1   Thumb Code    30  llshl.o(.text)
    _ll_shift_l                              0x080047c1   Thumb Code     0  llshl.o(.text)
    __aeabi_llsr                             0x080047df   Thumb Code    32  llushr.o(.text)
    _ll_ushift_r                             0x080047df   Thumb Code     0  llushr.o(.text)
    __aeabi_lasr                             0x080047ff   Thumb Code    36  llsshr.o(.text)
    _ll_sshift_r                             0x080047ff   Thumb Code     0  llsshr.o(.text)
    __decompress                             0x08004823   Thumb Code     0  __dczerorl2.o(.text)
    __decompress1                            0x08004823   Thumb Code    86  __dczerorl2.o(.text)
    FLASH_Flag_Status_Clear                  0x08004879   Thumb Code    12  n32g430_flash.o(i.FLASH_Flag_Status_Clear)
    FLASH_Last_Operation_Wait                0x08004889   Thumb Code    38  n32g430_flash.o(i.FLASH_Last_Operation_Wait)
    FLASH_Lock                               0x080048b1   Thumb Code    14  n32g430_flash.o(i.FLASH_Lock)
    FLASH_One_Page_Erase                     0x080048c5   Thumb Code    76  n32g430_flash.o(i.FLASH_One_Page_Erase)
    FLASH_ReadWord                           0x08004915   Thumb Code     6  iap.o(i.FLASH_ReadWord)
    FLASH_Status_Get                         0x0800491d   Thumb Code    48  n32g430_flash.o(i.FLASH_Status_Get)
    FLASH_Unlock                             0x08004951   Thumb Code    12  n32g430_flash.o(i.FLASH_Unlock)
    FLASH_Word_Program                       0x08004969   Thumb Code    76  n32g430_flash.o(i.FLASH_Word_Program)
    GPIO_Alternate_Set                       0x080049b9   Thumb Code    64  n32g430_gpio.o(i.GPIO_Alternate_Set)
    GPIO_Driver_Set                          0x080049f9   Thumb Code    28  n32g430_gpio.o(i.GPIO_Driver_Set)
    GPIO_Mode_Set                            0x08004a15   Thumb Code    68  n32g430_gpio.o(i.GPIO_Mode_Set)
    GPIO_Peripheral_Initialize               0x08004a59   Thumb Code    86  n32g430_gpio.o(i.GPIO_Peripheral_Initialize)
    GPIO_Pull_Set                            0x08004aaf   Thumb Code    28  n32g430_gpio.o(i.GPIO_Pull_Set)
    GPIO_SlewRate_Set                        0x08004acb   Thumb Code    24  n32g430_gpio.o(i.GPIO_SlewRate_Set)
    GPIO_Structure_Initialize                0x08004ae3   Thumb Code    24  n32g430_gpio.o(i.GPIO_Structure_Initialize)
    NVIC_Initializes                         0x08004afd   Thumb Code   100  misc.o(i.NVIC_Initializes)
    RCC_AHB_Peripheral_Clock_Enable          0x08004b6d   Thumb Code    12  n32g430_rcc.o(i.RCC_AHB_Peripheral_Clock_Enable)
    RCC_APB1_Peripheral_Clock_Enable         0x08004b7d   Thumb Code    12  n32g430_rcc.o(i.RCC_APB1_Peripheral_Clock_Enable)
    RCC_APB2_Peripheral_Clock_Enable         0x08004b8d   Thumb Code    12  n32g430_rcc.o(i.RCC_APB2_Peripheral_Clock_Enable)
    RCC_Clocks_Frequencies_Value_Get         0x08004b9d   Thumb Code   250  n32g430_rcc.o(i.RCC_Clocks_Frequencies_Value_Get)
    System_Initializes                       0x08004dc9   Thumb Code   142  system_n32g430.o(i.System_Initializes)
    TIM6_IRQHandler                          0x08004e79   Thumb Code    28  hw_timer.o(i.TIM6_IRQHandler)
    TIM_Base_Auto_Reload_Set                 0x08004e9d   Thumb Code     4  n32g430_tim.o(i.TIM_Base_Auto_Reload_Set)
    TIM_Base_Channel1                        0x08004ea1   Thumb Code    22  n32g430_tim.o(i.TIM_Base_Channel1)
    TIM_Base_Channel2                        0x08004eb7   Thumb Code    22  n32g430_tim.o(i.TIM_Base_Channel2)
    TIM_Base_Channel3                        0x08004ecd   Thumb Code    22  n32g430_tim.o(i.TIM_Base_Channel3)
    TIM_Base_Channel4                        0x08004ee3   Thumb Code    22  n32g430_tim.o(i.TIM_Base_Channel4)
    TIM_Base_Count_Get                       0x08004ef9   Thumb Code     6  n32g430_tim.o(i.TIM_Base_Count_Get)
    TIM_Base_Count_Mode_Set                  0x08004eff   Thumb Code    16  n32g430_tim.o(i.TIM_Base_Count_Mode_Set)
    TIM_Base_Initialize                      0x08004f11   Thumb Code   156  n32g430_tim.o(i.TIM_Base_Initialize)
    TIM_Base_OCrefClear                      0x08004fc1   Thumb Code    22  n32g430_tim.o(i.TIM_Base_OCrefClear)
    TIM_Base_Prescaler_Set                   0x08004fd7   Thumb Code     4  n32g430_tim.o(i.TIM_Base_Prescaler_Set)
    TIM_Base_Reload_Mode_Set                 0x08004fdb   Thumb Code     4  n32g430_tim.o(i.TIM_Base_Reload_Mode_Set)
    TIM_Base_Repeat_Count_Set                0x08004fdf   Thumb Code     4  n32g430_tim.o(i.TIM_Base_Repeat_Count_Set)
    TIM_Base_Struct_Initialize               0x08004fe3   Thumb Code    30  n32g430_tim.o(i.TIM_Base_Struct_Initialize)
    TIM_Capture_Compare_Ch_Disable           0x08005001   Thumb Code    12  n32g430_tim.o(i.TIM_Capture_Compare_Ch_Disable)
    TIM_Capture_Compare_Ch_Enable            0x0800500d   Thumb Code    12  n32g430_tim.o(i.TIM_Capture_Compare_Ch_Enable)
    TIM_Capture_Compare_Ch_N_Disable         0x08005019   Thumb Code    12  n32g430_tim.o(i.TIM_Capture_Compare_Ch_N_Disable)
    TIM_Capture_Compare_Ch_N_Enable          0x08005025   Thumb Code    12  n32g430_tim.o(i.TIM_Capture_Compare_Ch_N_Enable)
    TIM_Clock_Division_Set                   0x08005031   Thumb Code    16  n32g430_tim.o(i.TIM_Clock_Division_Set)
    TIM_Compare1_Set                         0x08005041   Thumb Code    14  n32g430_tim.o(i.TIM_Compare1_Set)
    TIM_Compare2_Set                         0x0800504f   Thumb Code    14  n32g430_tim.o(i.TIM_Compare2_Set)
    TIM_Compare3_Set                         0x0800505d   Thumb Code    14  n32g430_tim.o(i.TIM_Compare3_Set)
    TIM_Compare4_Set                         0x0800506b   Thumb Code    14  n32g430_tim.o(i.TIM_Compare4_Set)
    TIM_Interrupt_Enable                     0x08005079   Thumb Code     8  n32g430_tim.o(i.TIM_Interrupt_Enable)
    TIM_Interrupt_Status_Clear               0x08005081   Thumb Code     6  n32g430_tim.o(i.TIM_Interrupt_Status_Clear)
    TIM_Interrupt_Status_Get                 0x08005087   Thumb Code    32  n32g430_tim.o(i.TIM_Interrupt_Status_Get)
    TIM_Off                                  0x080050a7   Thumb Code    10  n32g430_tim.o(i.TIM_Off)
    TIM_On                                   0x080050b1   Thumb Code    10  n32g430_tim.o(i.TIM_On)
    TIM_Output_Channel1_Initialize           0x080050bd   Thumb Code   140  n32g430_tim.o(i.TIM_Output_Channel1_Initialize)
    TIM_Output_Channel2_Initialize           0x08005151   Thumb Code   152  n32g430_tim.o(i.TIM_Output_Channel2_Initialize)
    TIM_Output_Channel3_Initialize           0x080051f1   Thumb Code   146  n32g430_tim.o(i.TIM_Output_Channel3_Initialize)
    TIM_Output_Channel4_Initialize           0x0800528d   Thumb Code   166  n32g430_tim.o(i.TIM_Output_Channel4_Initialize)
    TIM_Output_Channel_N_Polarity_Set        0x0800533d   Thumb Code    22  n32g430_tim.o(i.TIM_Output_Channel_N_Polarity_Set)
    TIM_Output_Channel_Polarity_Set          0x08005353   Thumb Code    22  n32g430_tim.o(i.TIM_Output_Channel_Polarity_Set)
    TIM_Output_Channel_Struct_Initialize     0x08005369   Thumb Code    20  n32g430_tim.o(i.TIM_Output_Channel_Struct_Initialize)
    UART3_IRQHandler                         0x0800537d   Thumb Code   174  hw_uart.o(i.UART3_IRQHandler)
    USART1_IRQHandler                        0x08005435   Thumb Code   174  hw_uart.o(i.USART1_IRQHandler)
    USART_Baud_Rate_Config                   0x080054ed   Thumb Code   114  n32g430_usart.o(i.USART_Baud_Rate_Config)
    USART_Data_Receive                       0x0800556d   Thumb Code    10  n32g430_usart.o(i.USART_Data_Receive)
    USART_Data_Send                          0x08005577   Thumb Code     8  n32g430_usart.o(i.USART_Data_Send)
    USART_Disable                            0x0800557f   Thumb Code    10  n32g430_usart.o(i.USART_Disable)
    USART_Enable                             0x08005589   Thumb Code    10  n32g430_usart.o(i.USART_Enable)
    USART_Flag_Clear                         0x08005593   Thumb Code     6  n32g430_usart.o(i.USART_Flag_Clear)
    USART_Flag_Status_Get                    0x08005599   Thumb Code    16  n32g430_usart.o(i.USART_Flag_Status_Get)
    USART_Hardware_Flow_Control_Config       0x080055a9   Thumb Code    16  n32g430_usart.o(i.USART_Hardware_Flow_Control_Config)
    USART_Initializes                        0x080055b9   Thumb Code    56  n32g430_usart.o(i.USART_Initializes)
    USART_Interrput_Disable                  0x080055f1   Thumb Code    54  n32g430_usart.o(i.USART_Interrput_Disable)
    USART_Interrput_Enable                   0x08005627   Thumb Code    54  n32g430_usart.o(i.USART_Interrput_Enable)
    USART_Mode_Config                        0x0800565d   Thumb Code    16  n32g430_usart.o(i.USART_Mode_Config)
    USART_Parity_Config                      0x0800566d   Thumb Code    16  n32g430_usart.o(i.USART_Parity_Config)
    USART_Stop_Bits_Config                   0x0800567d   Thumb Code    16  n32g430_usart.o(i.USART_Stop_Bits_Config)
    USART_Word_Length_Config                 0x0800568d   Thumb Code    16  n32g430_usart.o(i.USART_Word_Length_Config)
    __0printf                                0x0800569d   Thumb Code    22  printfa.o(i.__0printf)
    __1printf                                0x0800569d   Thumb Code     0  printfa.o(i.__0printf)
    __2printf                                0x0800569d   Thumb Code     0  printfa.o(i.__0printf)
    __c89printf                              0x0800569d   Thumb Code     0  printfa.o(i.__0printf)
    printf                                   0x0800569d   Thumb Code     0  printfa.o(i.__0printf)
    __ARM_fpclassifyf                        0x080056bd   Thumb Code    38  fpclassifyf.o(i.__ARM_fpclassifyf)
    __hardfp_atan2f                          0x080056e5   Thumb Code   502  atan2f.o(i.__hardfp_atan2f)
    __hardfp_cosf                            0x08005935   Thumb Code   280  cosf.o(i.__hardfp_cosf)
    __hardfp_lrintf                          0x08005a85   Thumb Code    72  lrintf.o(i.__hardfp_lrintf)
    __hardfp_powf                            0x08005acd   Thumb Code  1606  powf.o(i.__hardfp_powf)
    __mathlib_powf                           0x08005acd   Thumb Code     0  powf.o(i.__hardfp_powf)
    __hardfp_sinf                            0x08006131   Thumb Code   344  sinf.o(i.__hardfp_sinf)
    __hardfp_sqrtf                           0x080062c1   Thumb Code    58  sqrtf.o(i.__hardfp_sqrtf)
    __mathlib_flt_divzero                    0x080062fd   Thumb Code    14  funder.o(i.__mathlib_flt_divzero)
    __mathlib_flt_infnan                     0x08006311   Thumb Code     6  funder.o(i.__mathlib_flt_infnan)
    __mathlib_flt_infnan2                    0x08006317   Thumb Code     6  funder.o(i.__mathlib_flt_infnan2)
    __mathlib_flt_invalid                    0x0800631d   Thumb Code    10  funder.o(i.__mathlib_flt_invalid)
    __mathlib_flt_overflow                   0x0800632d   Thumb Code    10  funder.o(i.__mathlib_flt_overflow)
    __mathlib_flt_underflow                  0x0800633d   Thumb Code    10  funder.o(i.__mathlib_flt_underflow)
    __mathlib_rredf2                         0x0800634d   Thumb Code   316  rredf.o(i.__mathlib_rredf2)
    __scatterload_copy                       0x080064a1   Thumb Code    14  handlers.o(i.__scatterload_copy)
    __scatterload_null                       0x080064af   Thumb Code     2  handlers.o(i.__scatterload_null)
    __scatterload_zeroinit                   0x080064b1   Thumb Code    14  handlers.o(i.__scatterload_zeroinit)
    __set_errno                              0x080064c1   Thumb Code     6  errno.o(i.__set_errno)
    acc_calbration                           0x08006d81   Thumb Code   248  accgyro.o(i.acc_calbration)
    accgyro_init                             0x08006e95   Thumb Code   172  accgyro.o(i.accgyro_init)
    accgyro_update                           0x08006f6d   Thumb Code   250  accgyro.o(i.accgyro_update)
    acos_approx                              0x08007075   Thumb Code   112  mlib.o(i.acos_approx)
    altitude_baro_update                     0x080070f9   Thumb Code   582  altitude.o(i.altitude_baro_update)
    altitude_ctrl                            0x08007399   Thumb Code    26  altitude.o(i.altitude_ctrl)
    annexCode                                0x080073b9   Thumb Code   548  decode.o(i.annexCode)
    app_flag_write                           0x080075fd   Thumb Code    44  iap.o(i.app_flag_write)
    applyBarometerMedianFilter               0x08007629   Thumb Code    56  altitude.o(i.applyBarometerMedianFilter)
    applyDeadband                            0x0800766d   Thumb Code    34  mlib.o(i.applyDeadband)
    apply_sensor_alignment                   0x0800768f   Thumb Code   124  alignment.o(i.apply_sensor_alignment)
    atan2_approx                             0x0800770d   Thumb Code   256  mlib.o(i.atan2_approx)
    baro_init                                0x08007835   Thumb Code    32  barometer.o(i.baro_init)
    baro_update                              0x08007861   Thumb Code   142  barometer.o(i.baro_update)
    biquadFilterApply                        0x0800790d   Thumb Code    70  filter.o(i.biquadFilterApply)
    biquadFilterInitLPF                      0x08007a79   Thumb Code    58  filter.o(i.biquadFilterInitLPF)
    cfg_init_temp                            0x08007ab5   Thumb Code    26  iap.o(i.cfg_init_temp)
    cfg_save_temp                            0x08007ad9   Thumb Code    66  iap.o(i.cfg_save_temp)
    constrain                                0x08007b29   Thumb Code    14  mlib.o(i.constrain)
    constrain_float                          0x08007b37   Thumb Code    30  mlib.o(i.constrain_float)
    debug_uart_init                          0x08007b55   Thumb Code    58  uart.o(i.debug_uart_init)
    decode                                   0x08007ba1   Thumb Code    58  decode.o(i.decode)
    delay_ms                                 0x08007be5   Thumb Code    18  ticks.o(i.delay_ms)
    flight_ctrl                              0x08007c25   Thumb Code    96  fc.o(i.flight_ctrl)
    fputc                                    0x08007c95   Thumb Code    20  uart.o(i.fputc)
    from_euler                               0x08007ca9   Thumb Code   226  imu.o(i.from_euler)
    getEstimatedAltitude                     0x08007d8d   Thumb Code  1470  altitude.o(i.getEstimatedAltitude)
    getEstimatedPosition                     0x08008381   Thumb Code   880  opflow.o(i.getEstimatedPosition)
    gyro_calbration                          0x08008755   Thumb Code   214  accgyro.o(i.gyro_calbration)
    hw_debug_uart_init                       0x08008841   Thumb Code   146  hw_uart.o(i.hw_debug_uart_init)
    hw_led_initialize                        0x080088e1   Thumb Code   106  hw_led.o(i.hw_led_initialize)
    hw_opticalflow_uart_init                 0x08008951   Thumb Code   144  hw_uart.o(i.hw_opticalflow_uart_init)
    hw_soft_i2c_init                         0x080089ed   Thumb Code    60  hw_i2c_soft.o(i.hw_soft_i2c_init)
    hw_soft_i2c_sda_input                    0x08008a2d   Thumb Code    14  hw_i2c_soft.o(i.hw_soft_i2c_sda_input)
    hw_soft_i2c_sda_output                   0x08008a41   Thumb Code    14  hw_i2c_soft.o(i.hw_soft_i2c_sda_output)
    hw_tim3_init                             0x08008a55   Thumb Code   244  hw_timer.o(i.hw_tim3_init)
    hw_tim4_init                             0x08008b55   Thumb Code    62  hw_timer.o(i.hw_tim4_init)
    hw_tim6_init                             0x08008b99   Thumb Code   108  hw_timer.o(i.hw_tim6_init)
    iap_for_app                              0x08008c0d   Thumb Code   160  iap.o(i.iap_for_app)
    iap_for_app_init                         0x08008cdd   Thumb Code    38  iap.o(i.iap_for_app_init)
    imuCalculateAcceleration                 0x08008d11   Thumb Code   282  imu.o(i.imuCalculateAcceleration)
    imuCalculateEstimatedAttitude            0x08008e45   Thumb Code   282  imu.o(i.imuCalculateEstimatedAttitude)
    imuComputeRotationMatrix                 0x08008f7d   Thumb Code   326  imu.o(i.imuComputeRotationMatrix)
    imuTransformVectorBodyToEarth            0x0800946d   Thumb Code   134  imu.o(i.imuTransformVectorBodyToEarth)
    imuUpdateEulerAngles                     0x080094f5   Thumb Code   208  imu.o(i.imuUpdateEulerAngles)
    imu_init                                 0x080095f9   Thumb Code    76  imu.o(i.imu_init)
    invSqrt                                  0x08009661   Thumb Code    56  mlib.o(i.invSqrt)
    led_ctrl                                 0x0800969d   Thumb Code   144  led.o(i.led_ctrl)
    led_init                                 0x08009735   Thumb Code    14  led.o(i.led_init)
    led_off                                  0x08009745   Thumb Code    56  led.o(i.led_off)
    led_on                                   0x08009781   Thumb Code    56  led.o(i.led_on)
    led_reverse                              0x080097bd   Thumb Code    74  led.o(i.led_reverse)
    main                                     0x0800980d   Thumb Code   220  main.o(i.main)
    max                                      0x08009931   Thumb Code    14  mlib.o(i.max)
    micros16                                 0x08009941   Thumb Code    14  ticks.o(i.micros16)
    motor_init                               0x08009955   Thumb Code    20  motor.o(i.motor_init)
    motor_pwm_output                         0x0800996d   Thumb Code    44  motor.o(i.motor_pwm_output)
    mpu6050_init                             0x08009a95   Thumb Code   134  mpu6050.o(i.mpu6050_init)
    mpu6050_read                             0x08009b1d   Thumb Code   206  mpu6050.o(i.mpu6050_read)
    msp                                      0x08009bfd   Thumb Code   262  msp.o(i.msp)
    opflow_init                              0x08009d19   Thumb Code    32  opflow.o(i.opflow_init)
    opflow_uart_available                    0x08009d45   Thumb Code    28  uart.o(i.opflow_uart_available)
    opflow_uart_init                         0x08009d65   Thumb Code    56  uart.o(i.opflow_uart_init)
    opflow_uart_read_rx_fifo                 0x08009dad   Thumb Code    38  uart.o(i.opflow_uart_read_rx_fifo)
    opticalflow_ctrl                         0x08009dd9   Thumb Code    26  opflow.o(i.opticalflow_ctrl)
    opticalflow_update                       0x08009df9   Thumb Code   778  opflow.o(i.opticalflow_update)
    pid                                      0x0800a161   Thumb Code  1336  pid.o(i.pid)
    pt1FilterApply                           0x0800a6b1   Thumb Code    50  filter.o(i.pt1FilterApply)
    pt1FilterInit                            0x0800a6e5   Thumb Code    34  filter.o(i.pt1FilterInit)
    quickMedianFilter5                       0x0800a70d   Thumb Code   268  mlib.o(i.quickMedianFilter5)
    send_ack                                 0x0800a959   Thumb Code    66  iap.o(i.send_ack)
    serial_available                         0x0800a9a1   Thumb Code    28  uart.o(i.serial_available)
    serial_read_rx_fifo                      0x0800a9c1   Thumb Code    38  uart.o(i.serial_read_rx_fifo)
    serial_write_buffer                      0x0800a9ed   Thumb Code    30  uart.o(i.serial_write_buffer)
    serial_write_tx_fifo                     0x0800aa0d   Thumb Code    44  uart.o(i.serial_write_tx_fifo)
    sin_approx                               0x0800aa3d   Thumb Code   200  mlib.o(i.sin_approx)
    soft_i2c_buffer_read                     0x0800ab2d   Thumb Code   114  i2c_soft.o(i.soft_i2c_buffer_read)
    soft_i2c_init                            0x0800abb1   Thumb Code    18  i2c_soft.o(i.soft_i2c_init)
    soft_i2c_read                            0x0800abc9   Thumb Code   114  i2c_soft.o(i.soft_i2c_read)
    soft_i2c_read_reg                        0x0800ac41   Thumb Code    58  i2c_soft.o(i.soft_i2c_read_reg)
    soft_i2c_start                           0x0800ac7d   Thumb Code    44  i2c_soft.o(i.soft_i2c_start)
    soft_i2c_stop                            0x0800acad   Thumb Code    34  i2c_soft.o(i.soft_i2c_stop)
    soft_i2c_write                           0x0800acd5   Thumb Code   110  i2c_soft.o(i.soft_i2c_write)
    soft_i2c_write_reg                       0x0800ad49   Thumb Code    44  i2c_soft.o(i.soft_i2c_write_reg)
    spl06Detect                              0x0800ad75   Thumb Code    80  spl06.o(i.spl06Detect)
    spl06_calculate                          0x0800adf5   Thumb Code    70  spl06.o(i.spl06_calculate)
    ticks_callback                           0x0800b13d   Thumb Code   132  ticks.o(i.ticks_callback)
    ticks_init                               0x0800b1f1   Thumb Code    14  ticks.o(i.ticks_init)
    ticks_stop                               0x0800b205   Thumb Code    10  ticks.o(i.ticks_stop)
    to_euler                                 0x0800b215   Thumb Code   252  imu.o(i.to_euler)
    uart_send_data                           0x0800b321   Thumb Code    14  uart.o(i.uart_send_data)
    Region$$Table$$Base                      0x0800b4d4   Number         0  anon$$obj.o(Region$$Table)
    Region$$Table$$Limit                     0x0800b4f4   Number         0  anon$$obj.o(Region$$Table)
    SystemClockFrequency                     0x20000000   Data           4  system_n32g430.o(.data)
    printTestTimer                           0x20000004   Data           1  main.o(.data)
    powerupTimer                             0x20000005   Data           1  main.o(.data)
    ledCtrlTimer                             0x20000006   Data           1  led.o(.data)
    f_IAP_flashing                           0x20000010   Data           1  iap.o(.data)
    f_final_frame                            0x20000011   Data           1  iap.o(.data)
    f_receive_app_done                       0x20000012   Data           1  iap.o(.data)
    slot_timer                               0x20000014   Data           2  iap.o(.data)
    jump2app                                 0x20000020   Data           4  iap.o(.data)
    pages_number                             0x20000024   Data           4  iap.o(.data)
    ready_write_addr                         0x20000028   Data           4  iap.o(.data)
    i2cTestTimer                             0x2000002c   Data           1  i2c_soft.o(.data)
    mpu6050TestTimer                         0x2000003c   Data           1  mpu6050.o(.data)
    accRaw                                   0x2000003e   Data           6  mpu6050.o(.data)
    gyroRaw                                  0x20000044   Data           6  mpu6050.o(.data)
    temperuteRaw                             0x2000004a   Data           2  mpu6050.o(.data)
    acc_1G                                   0x20000050   Data           2  accgyro.o(.data)
    gyroScale                                0x20000054   Data           4  accgyro.o(.data)
    q0                                       0x20000064   Data           4  imu.o(.data)
    q1                                       0x20000068   Data           4  imu.o(.data)
    q2                                       0x2000006c   Data           4  imu.o(.data)
    q3                                       0x20000070   Data           4  imu.o(.data)
    angle                                    0x20000074   Data           6  imu.o(.data)
    baroUpdateTimer                          0x20000098   Data           1  barometer.o(.data)
    baroPressure                             0x2000009c   Data           4  barometer.o(.data)
    baroTemperature                          0x200000a0   Data           4  barometer.o(.data)
    tiltAngle                                0x200000b4   Data           2  altitude.o(.data)
    calibratingB                             0x200000b6   Data           2  altitude.o(.data)
    baroGroundAltitude                       0x200000b8   Data           4  altitude.o(.data)
    BaroAlt                                  0x200000bc   Data           4  altitude.o(.data)
    lastBaroAlt                              0x200000c0   Data           4  altitude.o(.data)
    baroVel                                  0x200000c4   Data           4  altitude.o(.data)
    accSumZCount                             0x200000c8   Data           2  altitude.o(.data)
    accSumZTimer                             0x200000cc   Data           4  altitude.o(.data)
    accZGlobal                               0x200000d0   Data           2  altitude.o(.data)
    vel                                      0x200000d4   Data           4  altitude.o(.data)
    accAlt                                   0x200000d8   Data           4  altitude.o(.data)
    EstAlt                                   0x200000dc   Data           4  altitude.o(.data)
    AltHold                                  0x200000e0   Data           4  altitude.o(.data)
    BaroPID                                  0x200000e4   Data           4  altitude.o(.data)
    altitudeCtrlTimer                        0x200000e8   Data           1  altitude.o(.data)
    setVel                                   0x200000ea   Data           2  altitude.o(.data)
    Pf_Pos                                   0x200000ec   Data           4  altitude.o(.data)
    Pf_Vel                                   0x200000f0   Data           4  altitude.o(.data)
    If_Vel                                   0x200000f4   Data           4  altitude.o(.data)
    Df_Vel                                   0x200000f8   Data           4  altitude.o(.data)
    DispAccAvg                               0x200000fc   Data           4  altitude.o(.data)
    DispError                                0x20000100   Data           4  altitude.o(.data)
    DispVolicityPID                          0x20000104   Data           4  altitude.o(.data)
    DispVel                                  0x20000108   Data           4  altitude.o(.data)
    DispBaroVel                              0x2000010c   Data           4  altitude.o(.data)
    DispSetV                                 0x20000110   Data           4  altitude.o(.data)
    DispMatrix0                              0x20000114   Data           4  altitude.o(.data)
    DispMatrix1                              0x20000118   Data           4  altitude.o(.data)
    DispMatrix2                              0x2000011c   Data           4  altitude.o(.data)
    DispAcc0                                 0x20000120   Data           4  altitude.o(.data)
    DispAcc1                                 0x20000124   Data           4  altitude.o(.data)
    DispAcc2                                 0x20000128   Data           4  altitude.o(.data)
    DispAngleRoll                            0x2000012c   Data           4  altitude.o(.data)
    DispAnglePitch                           0x20000130   Data           4  altitude.o(.data)
    DispMidGyroRoll                          0x20000134   Data           4  altitude.o(.data)
    DispMidGyroPitch                         0x20000138   Data           4  altitude.o(.data)
    DispMidAccRoll                           0x2000013c   Data           4  altitude.o(.data)
    DispMidAccPitch                          0x20000140   Data           4  altitude.o(.data)
    integralBaroThrottle                     0x20000144   Data           4  altitude.o(.data)
    opflowUartIndex                          0x20000168   Data           1  opflow.o(.data)
    opticalflowCtrlTimer                     0x2000016a   Data           2  opflow.o(.data)
    opticalflowMonitorTimer                  0x2000016c   Data           2  opflow.o(.data)
    OpticalflowAltitude                      0x20000170   Data           4  opflow.o(.data)
    AngleDegreeForOF                         0x20000174   Data           8  opflow.o(.data)
    HeadforOpticalflow                       0x2000017c   Data           4  opflow.o(.data)
    pixel_flow_distance                      0x20000180   Data           8  opflow.o(.data)
    pixelVel                                 0x20000188   Data           8  opflow.o(.data)
    optGyro                                  0x20000190   Data           8  opflow.o(.data)
    optGyroLast                              0x20000198   Data           8  opflow.o(.data)
    flagVelCtrl                              0x200001a0   Data           2  opflow.o(.data)
    opticalFlowEnbAfterStick                 0x200001a2   Data           2  opflow.o(.data)
    opticalflowPID                           0x200001a4   Data           8  opflow.o(.data)
    calibrationEnbTimer                      0x200001e8   Data           1  decode.o(.data)
    rcCommand                                0x200001ea   Data           8  decode.o(.data)
    rcCommandTrim                            0x200001f2   Data           6  decode.o(.data)
    setVelocity                              0x200001f8   Data           2  decode.o(.data)
    fc                                       0x200001fc   Data           2  fc.o(.data)
    motorPWMValue                            0x20000200   Data           8  motor.o(.data)
    __stdout                                 0x20000208   Data           4  stdout.o(.data)
    debugUART                                0x20000210   Data          28  uart.o(.bss)
    opflowUART                               0x200003b8   Data          28  uart.o(.bss)
    cfgTemp                                  0x20000454   Data          16  iap.o(.bss)
    RX_buf                                   0x20000464   Data         256  iap.o(.bss)
    flash_buf                                0x20000564   Data        2048  iap.o(.bss)
    hwDebugUart                              0x20000d64   Data          12  hw_uart.o(.bss)
    hwOpflowUart                             0x20000d70   Data          12  hw_uart.o(.bss)
    accgyro                                  0x20000d7c   Data          96  accgyro.o(.bss)
    accSmooth                                0x20000ea8   Data          12  imu.o(.bss)
    baro                                     0x20000eb4   Data          24  barometer.o(.bss)
    spl06_cal                                0x20000ecc   Data          24  spl06.o(.bss)
    accSumZ                                  0x20000ee4   Data          12  altitude.o(.bss)
    velGlobal                                0x20000ef0   Data          12  altitude.o(.bss)
    distanceGlobal                           0x20000efc   Data          12  altitude.o(.bss)
    opflowUartBuf                            0x20000f38   Data           9  opflow.o(.bss)
    fcCmd                                    0x20000f41   Data          10  decode.o(.bss)
    pidconf                                  0x20000f4c   Data          68  pid.o(.bss)
    __initial_sp                             0x200024c0   Data           0  startup_n32g430.o(STACK)



==============================================================================

Memory Map of the image

  Image Entry point : 0x08004115

  Load Region LR_IROM1 (Base: 0x08004000, Size: 0x00007704, Max: 0x0000c000, ABSOLUTE, COMPRESSED[0x00007520])

    Execution Region ER_IROM1 (Exec base: 0x08004000, Load base: 0x08004000, Size: 0x000074f4, Max: 0x0000c000, ABSOLUTE)

    Exec Addr    Load Addr    Size         Type   Attr      Idx    E Section Name        Object

    0x08004000   0x08004000   0x00000114   Data   RO            3    RESET               startup_n32g430.o
    0x08004114   0x08004114   0x00000000   Code   RO         7480  * .ARM.Collect$$$$00000000  mc_w.l(entry.o)
    0x08004114   0x08004114   0x00000004   Code   RO         7777    .ARM.Collect$$$$00000001  mc_w.l(entry2.o)
    0x08004118   0x08004118   0x00000004   Code   RO         7780    .ARM.Collect$$$$00000004  mc_w.l(entry5.o)
    0x0800411c   0x0800411c   0x00000000   Code   RO         7782    .ARM.Collect$$$$00000008  mc_w.l(entry7b.o)
    0x0800411c   0x0800411c   0x00000000   Code   RO         7784    .ARM.Collect$$$$0000000A  mc_w.l(entry8b.o)
    0x0800411c   0x0800411c   0x00000008   Code   RO         7785    .ARM.Collect$$$$0000000B  mc_w.l(entry9a.o)
    0x08004124   0x08004124   0x00000000   Code   RO         7787    .ARM.Collect$$$$0000000D  mc_w.l(entry10a.o)
    0x08004124   0x08004124   0x00000000   Code   RO         7789    .ARM.Collect$$$$0000000F  mc_w.l(entry11a.o)
    0x08004124   0x08004124   0x00000004   Code   RO         7778    .ARM.Collect$$$$00002712  mc_w.l(entry2.o)
    0x08004128   0x08004128   0x00000024   Code   RO            4    .text               startup_n32g430.o
    0x0800414c   0x0800414c   0x00000024   Code   RO         7485    .text               mc_w.l(memseta.o)
    0x08004170   0x08004170   0x000000e4   Code   RO         7750    .text               mf_w.l(dmul.o)
    0x08004254   0x08004254   0x0000001a   Code   RO         7752    .text               mf_w.l(dfltui.o)
    0x0800426e   0x0800426e   0x00000026   Code   RO         7754    .text               mf_w.l(f2d.o)
    0x08004294   0x08004294   0x00000038   Code   RO         7756    .text               mf_w.l(d2f.o)
    0x080042cc   0x080042cc   0x0000002c   Code   RO         7792    .text               mc_w.l(uidiv.o)
    0x080042f8   0x080042f8   0x00000062   Code   RO         7794    .text               mc_w.l(uldiv.o)
    0x0800435a   0x0800435a   0x00000000   Code   RO         7803    .text               mc_w.l(iusefp.o)
    0x0800435a   0x0800435a   0x0000006e   Code   RO         7804    .text               mf_w.l(fepilogue.o)
    0x080043c8   0x080043c8   0x0000003c   Code   RO         7806    .text               mf_w.l(frnd.o)
    0x08004404   0x08004404   0x000000ba   Code   RO         7808    .text               mf_w.l(depilogue.o)
    0x080044be   0x080044be   0x0000014e   Code   RO         7810    .text               mf_w.l(dadd.o)
    0x0800460c   0x0800460c   0x000000de   Code   RO         7812    .text               mf_w.l(ddiv.o)
    0x080046ea   0x080046ea   0x00000030   Code   RO         7814    .text               mf_w.l(dfixul.o)
    0x0800471a   0x0800471a   0x0000004c   Code   RO         7816    .text               mf_w.l(ffixir.o)
    0x08004766   0x08004766   0x00000002   PAD
    0x08004768   0x08004768   0x00000030   Code   RO         7818    .text               mf_w.l(cdrcmple.o)
    0x08004798   0x08004798   0x00000004   Code   RO         7820    .text               mf_w.l(fpstat.o)
    0x0800479c   0x0800479c   0x00000024   Code   RO         7822    .text               mc_w.l(init.o)
    0x080047c0   0x080047c0   0x0000001e   Code   RO         7824    .text               mc_w.l(llshl.o)
    0x080047de   0x080047de   0x00000020   Code   RO         7826    .text               mc_w.l(llushr.o)
    0x080047fe   0x080047fe   0x00000024   Code   RO         7828    .text               mc_w.l(llsshr.o)
    0x08004822   0x08004822   0x00000056   Code   RO         7838    .text               mc_w.l(__dczerorl2.o)
    0x08004878   0x08004878   0x00000010   Code   RO         1720    i.FLASH_Flag_Status_Clear  n32g430_flash.o
    0x08004888   0x08004888   0x00000026   Code   RO         1728    i.FLASH_Last_Operation_Wait  n32g430_flash.o
    0x080048ae   0x080048ae   0x00000002   PAD
    0x080048b0   0x080048b0   0x00000014   Code   RO         1731    i.FLASH_Lock        n32g430_flash.o
    0x080048c4   0x080048c4   0x00000050   Code   RO         1733    i.FLASH_One_Page_Erase  n32g430_flash.o
    0x08004914   0x08004914   0x00000006   Code   RO         5977    i.FLASH_ReadWord    iap.o
    0x0800491a   0x0800491a   0x00000002   PAD
    0x0800491c   0x0800491c   0x00000034   Code   RO         1752    i.FLASH_Status_Get  n32g430_flash.o
    0x08004950   0x08004950   0x00000018   Code   RO         1753    i.FLASH_Unlock      n32g430_flash.o
    0x08004968   0x08004968   0x00000050   Code   RO         1754    i.FLASH_Word_Program  n32g430_flash.o
    0x080049b8   0x080049b8   0x00000040   Code   RO         2008    i.GPIO_Alternate_Set  n32g430_gpio.o
    0x080049f8   0x080049f8   0x0000001c   Code   RO         2009    i.GPIO_Driver_Set   n32g430_gpio.o
    0x08004a14   0x08004a14   0x00000044   Code   RO         2013    i.GPIO_Mode_Set     n32g430_gpio.o
    0x08004a58   0x08004a58   0x00000056   Code   RO         2018    i.GPIO_Peripheral_Initialize  n32g430_gpio.o
    0x08004aae   0x08004aae   0x0000001c   Code   RO         2024    i.GPIO_Pull_Set     n32g430_gpio.o
    0x08004aca   0x08004aca   0x00000018   Code   RO         2026    i.GPIO_SlewRate_Set  n32g430_gpio.o
    0x08004ae2   0x08004ae2   0x00000018   Code   RO         2027    i.GPIO_Structure_Initialize  n32g430_gpio.o
    0x08004afa   0x08004afa   0x00000002   PAD
    0x08004afc   0x08004afc   0x00000070   Code   RO          144    i.NVIC_Initializes  misc.o
    0x08004b6c   0x08004b6c   0x00000010   Code   RO         3118    i.RCC_AHB_Peripheral_Clock_Enable  n32g430_rcc.o
    0x08004b7c   0x08004b7c   0x00000010   Code   RO         3121    i.RCC_APB1_Peripheral_Clock_Enable  n32g430_rcc.o
    0x08004b8c   0x08004b8c   0x00000010   Code   RO         3124    i.RCC_APB2_Peripheral_Clock_Enable  n32g430_rcc.o
    0x08004b9c   0x08004b9c   0x00000118   Code   RO         3129    i.RCC_Clocks_Frequencies_Value_Get  n32g430_rcc.o
    0x08004cb4   0x08004cb4   0x00000114   Code   RO           14    i.System_Clock_Set  system_n32g430.o
    0x08004dc8   0x08004dc8   0x000000b0   Code   RO           15    i.System_Initializes  system_n32g430.o
    0x08004e78   0x08004e78   0x00000024   Code   RO         6230    i.TIM6_IRQHandler   hw_timer.o
    0x08004e9c   0x08004e9c   0x00000004   Code   RO         4208    i.TIM_Base_Auto_Reload_Set  n32g430_tim.o
    0x08004ea0   0x08004ea0   0x00000016   Code   RO         4210    i.TIM_Base_Channel1  n32g430_tim.o
    0x08004eb6   0x08004eb6   0x00000016   Code   RO         4211    i.TIM_Base_Channel2  n32g430_tim.o
    0x08004ecc   0x08004ecc   0x00000016   Code   RO         4212    i.TIM_Base_Channel3  n32g430_tim.o
    0x08004ee2   0x08004ee2   0x00000016   Code   RO         4213    i.TIM_Base_Channel4  n32g430_tim.o
    0x08004ef8   0x08004ef8   0x00000006   Code   RO         4214    i.TIM_Base_Count_Get  n32g430_tim.o
    0x08004efe   0x08004efe   0x00000010   Code   RO         4215    i.TIM_Base_Count_Mode_Set  n32g430_tim.o
    0x08004f0e   0x08004f0e   0x00000002   PAD
    0x08004f10   0x08004f10   0x000000b0   Code   RO         4217    i.TIM_Base_Initialize  n32g430_tim.o
    0x08004fc0   0x08004fc0   0x00000016   Code   RO         4218    i.TIM_Base_OCrefClear  n32g430_tim.o
    0x08004fd6   0x08004fd6   0x00000004   Code   RO         4220    i.TIM_Base_Prescaler_Set  n32g430_tim.o
    0x08004fda   0x08004fda   0x00000004   Code   RO         4221    i.TIM_Base_Reload_Mode_Set  n32g430_tim.o
    0x08004fde   0x08004fde   0x00000004   Code   RO         4222    i.TIM_Base_Repeat_Count_Set  n32g430_tim.o
    0x08004fe2   0x08004fe2   0x0000001e   Code   RO         4223    i.TIM_Base_Struct_Initialize  n32g430_tim.o
    0x08005000   0x08005000   0x0000000c   Code   RO         4230    i.TIM_Capture_Compare_Ch_Disable  n32g430_tim.o
    0x0800500c   0x0800500c   0x0000000c   Code   RO         4231    i.TIM_Capture_Compare_Ch_Enable  n32g430_tim.o
    0x08005018   0x08005018   0x0000000c   Code   RO         4232    i.TIM_Capture_Compare_Ch_N_Disable  n32g430_tim.o
    0x08005024   0x08005024   0x0000000c   Code   RO         4233    i.TIM_Capture_Compare_Ch_N_Enable  n32g430_tim.o
    0x08005030   0x08005030   0x00000010   Code   RO         4248    i.TIM_Clock_Division_Set  n32g430_tim.o
    0x08005040   0x08005040   0x0000000e   Code   RO         4252    i.TIM_Compare1_Set  n32g430_tim.o
    0x0800504e   0x0800504e   0x0000000e   Code   RO         4254    i.TIM_Compare2_Set  n32g430_tim.o
    0x0800505c   0x0800505c   0x0000000e   Code   RO         4256    i.TIM_Compare3_Set  n32g430_tim.o
    0x0800506a   0x0800506a   0x0000000e   Code   RO         4258    i.TIM_Compare4_Set  n32g430_tim.o
    0x08005078   0x08005078   0x00000008   Code   RO         4307    i.TIM_Interrupt_Enable  n32g430_tim.o
    0x08005080   0x08005080   0x00000006   Code   RO         4308    i.TIM_Interrupt_Status_Clear  n32g430_tim.o
    0x08005086   0x08005086   0x00000020   Code   RO         4309    i.TIM_Interrupt_Status_Get  n32g430_tim.o
    0x080050a6   0x080050a6   0x0000000a   Code   RO         4321    i.TIM_Off           n32g430_tim.o
    0x080050b0   0x080050b0   0x0000000a   Code   RO         4322    i.TIM_On            n32g430_tim.o
    0x080050ba   0x080050ba   0x00000002   PAD
    0x080050bc   0x080050bc   0x00000094   Code   RO         4325    i.TIM_Output_Channel1_Initialize  n32g430_tim.o
    0x08005150   0x08005150   0x000000a0   Code   RO         4329    i.TIM_Output_Channel2_Initialize  n32g430_tim.o
    0x080051f0   0x080051f0   0x0000009c   Code   RO         4333    i.TIM_Output_Channel3_Initialize  n32g430_tim.o
    0x0800528c   0x0800528c   0x000000b0   Code   RO         4337    i.TIM_Output_Channel4_Initialize  n32g430_tim.o
    0x0800533c   0x0800533c   0x00000016   Code   RO         4352    i.TIM_Output_Channel_N_Polarity_Set  n32g430_tim.o
    0x08005352   0x08005352   0x00000016   Code   RO         4353    i.TIM_Output_Channel_Polarity_Set  n32g430_tim.o
    0x08005368   0x08005368   0x00000014   Code   RO         4354    i.TIM_Output_Channel_Struct_Initialize  n32g430_tim.o
    0x0800537c   0x0800537c   0x000000b8   Code   RO         6281    i.UART3_IRQHandler  hw_uart.o
    0x08005434   0x08005434   0x000000b8   Code   RO         6282    i.USART1_IRQHandler  hw_uart.o
    0x080054ec   0x080054ec   0x00000080   Code   RO         5232    i.USART_Baud_Rate_Config  n32g430_usart.o
    0x0800556c   0x0800556c   0x0000000a   Code   RO         5239    i.USART_Data_Receive  n32g430_usart.o
    0x08005576   0x08005576   0x00000008   Code   RO         5240    i.USART_Data_Send   n32g430_usart.o
    0x0800557e   0x0800557e   0x0000000a   Code   RO         5241    i.USART_Disable     n32g430_usart.o
    0x08005588   0x08005588   0x0000000a   Code   RO         5242    i.USART_Enable      n32g430_usart.o
    0x08005592   0x08005592   0x00000006   Code   RO         5243    i.USART_Flag_Clear  n32g430_usart.o
    0x08005598   0x08005598   0x00000010   Code   RO         5244    i.USART_Flag_Status_Get  n32g430_usart.o
    0x080055a8   0x080055a8   0x00000010   Code   RO         5248    i.USART_Hardware_Flow_Control_Config  n32g430_usart.o
    0x080055b8   0x080055b8   0x00000038   Code   RO         5249    i.USART_Initializes  n32g430_usart.o
    0x080055f0   0x080055f0   0x00000036   Code   RO         5250    i.USART_Interrput_Disable  n32g430_usart.o
    0x08005626   0x08005626   0x00000036   Code   RO         5251    i.USART_Interrput_Enable  n32g430_usart.o
    0x0800565c   0x0800565c   0x00000010   Code   RO         5261    i.USART_Mode_Config  n32g430_usart.o
    0x0800566c   0x0800566c   0x00000010   Code   RO         5262    i.USART_Parity_Config  n32g430_usart.o
    0x0800567c   0x0800567c   0x00000010   Code   RO         5273    i.USART_Stop_Bits_Config  n32g430_usart.o
    0x0800568c   0x0800568c   0x00000010   Code   RO         5276    i.USART_Word_Length_Config  n32g430_usart.o
    0x0800569c   0x0800569c   0x00000020   Code   RO         7722    i.__0printf         mc_w.l(printfa.o)
    0x080056bc   0x080056bc   0x00000026   Code   RO         7758    i.__ARM_fpclassifyf  m_wm.l(fpclassifyf.o)
    0x080056e2   0x080056e2   0x00000002   PAD
    0x080056e4   0x080056e4   0x00000250   Code   RO         7410    i.__hardfp_atan2f   m_wm.l(atan2f.o)
    0x08005934   0x08005934   0x00000150   Code   RO         7422    i.__hardfp_cosf     m_wm.l(cosf.o)
    0x08005a84   0x08005a84   0x00000048   Code   RO         7472    i.__hardfp_lrintf   m_wm.l(lrintf.o)
    0x08005acc   0x08005acc   0x00000664   Code   RO         7434    i.__hardfp_powf     m_wm.l(powf.o)
    0x08006130   0x08006130   0x00000190   Code   RO         7448    i.__hardfp_sinf     m_wm.l(sinf.o)
    0x080062c0   0x080062c0   0x0000003a   Code   RO         7460    i.__hardfp_sqrtf    m_wm.l(sqrtf.o)
    0x080062fa   0x080062fa   0x00000002   PAD
    0x080062fc   0x080062fc   0x00000014   Code   RO         7760    i.__mathlib_flt_divzero  m_wm.l(funder.o)
    0x08006310   0x08006310   0x00000006   Code   RO         7761    i.__mathlib_flt_infnan  m_wm.l(funder.o)
    0x08006316   0x08006316   0x00000006   Code   RO         7762    i.__mathlib_flt_infnan2  m_wm.l(funder.o)
    0x0800631c   0x0800631c   0x00000010   Code   RO         7763    i.__mathlib_flt_invalid  m_wm.l(funder.o)
    0x0800632c   0x0800632c   0x00000010   Code   RO         7764    i.__mathlib_flt_overflow  m_wm.l(funder.o)
    0x0800633c   0x0800633c   0x00000010   Code   RO         7766    i.__mathlib_flt_underflow  m_wm.l(funder.o)
    0x0800634c   0x0800634c   0x00000154   Code   RO         7774    i.__mathlib_rredf2  m_wm.l(rredf.o)
    0x080064a0   0x080064a0   0x0000000e   Code   RO         7832    i.__scatterload_copy  mc_w.l(handlers.o)
    0x080064ae   0x080064ae   0x00000002   Code   RO         7833    i.__scatterload_null  mc_w.l(handlers.o)
    0x080064b0   0x080064b0   0x0000000e   Code   RO         7834    i.__scatterload_zeroinit  mc_w.l(handlers.o)
    0x080064be   0x080064be   0x00000002   PAD
    0x080064c0   0x080064c0   0x0000000c   Code   RO         7798    i.__set_errno       mc_w.l(errno.o)
    0x080064cc   0x080064cc   0x00000184   Code   RO         7729    i._fp_digits        mc_w.l(printfa.o)
    0x08006650   0x08006650   0x000006dc   Code   RO         7730    i._printf_core      mc_w.l(printfa.o)
    0x08006d2c   0x08006d2c   0x00000024   Code   RO         7731    i._printf_post_padding  mc_w.l(printfa.o)
    0x08006d50   0x08006d50   0x0000002e   Code   RO         7732    i._printf_pre_padding  mc_w.l(printfa.o)
    0x08006d7e   0x08006d7e   0x00000002   PAD
    0x08006d80   0x08006d80   0x00000114   Code   RO         6684    i.acc_calbration    accgyro.o
    0x08006e94   0x08006e94   0x000000d8   Code   RO         6685    i.accgyro_init      accgyro.o
    0x08006f6c   0x08006f6c   0x00000108   Code   RO         6687    i.accgyro_update    accgyro.o
    0x08007074   0x08007074   0x00000084   Code   RO         6468    i.acos_approx       mlib.o
    0x080070f8   0x080070f8   0x000002a0   Code   RO         7043    i.altitude_baro_update  altitude.o
    0x08007398   0x08007398   0x00000020   Code   RO         7044    i.altitude_ctrl     altitude.o
    0x080073b8   0x080073b8   0x00000244   Code   RO         7182    i.annexCode         decode.o
    0x080075fc   0x080075fc   0x0000002c   Code   RO         5979    i.app_flag_write    iap.o
    0x08007628   0x08007628   0x00000044   Code   RO         7045    i.applyBarometerMedianFilter  altitude.o
    0x0800766c   0x0800766c   0x00000022   Code   RO         6469    i.applyDeadband     mlib.o
    0x0800768e   0x0800768e   0x0000007c   Code   RO         6872    i.apply_sensor_alignment  alignment.o
    0x0800770a   0x0800770a   0x00000002   PAD
    0x0800770c   0x0800770c   0x00000128   Code   RO         6470    i.atan2_approx      mlib.o
    0x08007834   0x08007834   0x0000002c   Code   RO         6896    i.baro_init         barometer.o
    0x08007860   0x08007860   0x000000ac   Code   RO         6898    i.baro_update       barometer.o
    0x0800790c   0x0800790c   0x00000046   Code   RO         6401    i.biquadFilterApply  filter.o
    0x08007952   0x08007952   0x00000002   PAD
    0x08007954   0x08007954   0x00000124   Code   RO         6402    i.biquadFilterInit  filter.o
    0x08007a78   0x08007a78   0x0000003a   Code   RO         6403    i.biquadFilterInitLPF  filter.o
    0x08007ab2   0x08007ab2   0x00000002   PAD
    0x08007ab4   0x08007ab4   0x00000024   Code   RO         5981    i.cfg_init_temp     iap.o
    0x08007ad8   0x08007ad8   0x00000050   Code   RO         5982    i.cfg_save_temp     iap.o
    0x08007b28   0x08007b28   0x0000000e   Code   RO         6471    i.constrain         mlib.o
    0x08007b36   0x08007b36   0x0000001e   Code   RO         6472    i.constrain_float   mlib.o
    0x08007b54   0x08007b54   0x0000004c   Code   RO         5857    i.debug_uart_init   uart.o
    0x08007ba0   0x08007ba0   0x00000044   Code   RO         7183    i.decode            decode.o
    0x08007be4   0x08007be4   0x00000018   Code   RO         5762    i.delay_ms          ticks.o
    0x08007bfc   0x08007bfc   0x00000028   Code   RO         6946    i.deviceDetect      spl06.o
    0x08007c24   0x08007c24   0x00000070   Code   RO         7252    i.flight_ctrl       fc.o
    0x08007c94   0x08007c94   0x00000014   Code   RO         5858    i.fputc             uart.o
    0x08007ca8   0x08007ca8   0x000000e2   Code   RO         6757    i.from_euler        imu.o
    0x08007d8a   0x08007d8a   0x00000002   PAD
    0x08007d8c   0x08007d8c   0x000005f4   Code   RO         7046    i.getEstimatedAltitude  altitude.o
    0x08008380   0x08008380   0x000003d4   Code   RO         7104    i.getEstimatedPosition  opflow.o
    0x08008754   0x08008754   0x000000ec   Code   RO         6688    i.gyro_calbration   accgyro.o
    0x08008840   0x08008840   0x000000a0   Code   RO         6283    i.hw_debug_uart_init  hw_uart.o
    0x080088e0   0x080088e0   0x00000070   Code   RO         6200    i.hw_led_initialize  hw_led.o
    0x08008950   0x08008950   0x0000009c   Code   RO         6284    i.hw_opticalflow_uart_init  hw_uart.o
    0x080089ec   0x080089ec   0x00000040   Code   RO         6332    i.hw_soft_i2c_init  hw_i2c_soft.o
    0x08008a2c   0x08008a2c   0x00000014   Code   RO         6333    i.hw_soft_i2c_sda_input  hw_i2c_soft.o
    0x08008a40   0x08008a40   0x00000014   Code   RO         6334    i.hw_soft_i2c_sda_output  hw_i2c_soft.o
    0x08008a54   0x08008a54   0x00000100   Code   RO         6231    i.hw_tim3_init      hw_timer.o
    0x08008b54   0x08008b54   0x00000044   Code   RO         6232    i.hw_tim4_init      hw_timer.o
    0x08008b98   0x08008b98   0x00000074   Code   RO         6233    i.hw_tim6_init      hw_timer.o
    0x08008c0c   0x08008c0c   0x000000d0   Code   RO         5983    i.iap_for_app       iap.o
    0x08008cdc   0x08008cdc   0x00000034   Code   RO         5984    i.iap_for_app_init  iap.o
    0x08008d10   0x08008d10   0x00000134   Code   RO         6758    i.imuCalculateAcceleration  imu.o
    0x08008e44   0x08008e44   0x00000138   Code   RO         6759    i.imuCalculateEstimatedAttitude  imu.o
    0x08008f7c   0x08008f7c   0x00000146   Code   RO         6760    i.imuComputeRotationMatrix  imu.o
    0x080090c2   0x080090c2   0x00000014   Code   RO         6761    i.imuGetPGainScaleFactor  imu.o
    0x080090d6   0x080090d6   0x00000002   PAD
    0x080090d8   0x080090d8   0x00000044   Code   RO         6762    i.imuIsAccelerometerHealthy  imu.o
    0x0800911c   0x0800911c   0x00000350   Code   RO         6763    i.imuMahonyAHRSupdate  imu.o
    0x0800946c   0x0800946c   0x00000086   Code   RO         6764    i.imuTransformVectorBodyToEarth  imu.o
    0x080094f2   0x080094f2   0x00000002   PAD
    0x080094f4   0x080094f4   0x000000e0   Code   RO         6765    i.imuUpdateEulerAngles  imu.o
    0x080095d4   0x080095d4   0x00000024   Code   RO         6766    i.imuUseFastGains   imu.o
    0x080095f8   0x080095f8   0x00000068   Code   RO         6767    i.imu_init          imu.o
    0x08009660   0x08009660   0x0000003c   Code   RO         6474    i.invSqrt           mlib.o
    0x0800969c   0x0800969c   0x00000098   Code   RO         5696    i.led_ctrl          led.o
    0x08009734   0x08009734   0x0000000e   Code   RO         5697    i.led_init          led.o
    0x08009742   0x08009742   0x00000002   PAD
    0x08009744   0x08009744   0x0000003c   Code   RO         5698    i.led_off           led.o
    0x08009780   0x08009780   0x0000003c   Code   RO         5699    i.led_on            led.o
    0x080097bc   0x080097bc   0x00000050   Code   RO         5700    i.led_reverse       led.o
    0x0800980c   0x0800980c   0x00000124   Code   RO         5591    i.main              main.o
    0x08009930   0x08009930   0x0000000e   Code   RO         6475    i.max               mlib.o
    0x0800993e   0x0800993e   0x00000002   PAD
    0x08009940   0x08009940   0x00000014   Code   RO         5763    i.micros16          ticks.o
    0x08009954   0x08009954   0x00000018   Code   RO         7303    i.motor_init        motor.o
    0x0800996c   0x0800996c   0x00000034   Code   RO         7304    i.motor_pwm_output  motor.o
    0x080099a0   0x080099a0   0x000000f4   Code   RO         6616    i.mpu6050FindRevision  mpu6050.o
    0x08009a94   0x08009a94   0x00000086   Code   RO         6617    i.mpu6050_init      mpu6050.o
    0x08009b1a   0x08009b1a   0x00000002   PAD
    0x08009b1c   0x08009b1c   0x000000e0   Code   RO         6618    i.mpu6050_read      mpu6050.o
    0x08009bfc   0x08009bfc   0x0000011c   Code   RO         6566    i.msp               msp.o
    0x08009d18   0x08009d18   0x0000002c   Code   RO         7105    i.opflow_init       opflow.o
    0x08009d44   0x08009d44   0x00000020   Code   RO         5859    i.opflow_uart_available  uart.o
    0x08009d64   0x08009d64   0x00000048   Code   RO         5860    i.opflow_uart_init  uart.o
    0x08009dac   0x08009dac   0x0000002c   Code   RO         5861    i.opflow_uart_read_rx_fifo  uart.o
    0x08009dd8   0x08009dd8   0x00000020   Code   RO         7106    i.opticalflow_ctrl  opflow.o
    0x08009df8   0x08009df8   0x00000368   Code   RO         7107    i.opticalflow_update  opflow.o
    0x0800a160   0x0800a160   0x00000550   Code   RO         7368    i.pid               pid.o
    0x0800a6b0   0x0800a6b0   0x00000032   Code   RO         6405    i.pt1FilterApply    filter.o
    0x0800a6e2   0x0800a6e2   0x00000002   PAD
    0x0800a6e4   0x0800a6e4   0x00000028   Code   RO         6407    i.pt1FilterInit     filter.o
    0x0800a70c   0x0800a70c   0x0000010c   Code   RO         6477    i.quickMedianFilter5  mlib.o
    0x0800a818   0x0800a818   0x00000140   Code   RO         6947    i.read_calibration_coefficients  spl06.o
    0x0800a958   0x0800a958   0x00000048   Code   RO         5988    i.send_ack          iap.o
    0x0800a9a0   0x0800a9a0   0x00000020   Code   RO         5862    i.serial_available  uart.o
    0x0800a9c0   0x0800a9c0   0x0000002c   Code   RO         5864    i.serial_read_rx_fifo  uart.o
    0x0800a9ec   0x0800a9ec   0x0000001e   Code   RO         5866    i.serial_write_buffer  uart.o
    0x0800aa0a   0x0800aa0a   0x00000002   PAD
    0x0800aa0c   0x0800aa0c   0x00000030   Code   RO         5867    i.serial_write_tx_fifo  uart.o
    0x0800aa3c   0x0800aa3c   0x000000f0   Code   RO         6479    i.sin_approx        mlib.o
    0x0800ab2c   0x0800ab2c   0x00000072   Code   RO         6107    i.soft_i2c_buffer_read  i2c_soft.o
    0x0800ab9e   0x0800ab9e   0x00000010   Code   RO         6108    i.soft_i2c_delay    i2c_soft.o
    0x0800abae   0x0800abae   0x00000002   PAD
    0x0800abb0   0x0800abb0   0x00000018   Code   RO         6109    i.soft_i2c_init     i2c_soft.o
    0x0800abc8   0x0800abc8   0x00000078   Code   RO         6110    i.soft_i2c_read     i2c_soft.o
    0x0800ac40   0x0800ac40   0x0000003a   Code   RO         6111    i.soft_i2c_read_reg  i2c_soft.o
    0x0800ac7a   0x0800ac7a   0x00000002   PAD
    0x0800ac7c   0x0800ac7c   0x00000030   Code   RO         6112    i.soft_i2c_start    i2c_soft.o
    0x0800acac   0x0800acac   0x00000028   Code   RO         6113    i.soft_i2c_stop     i2c_soft.o
    0x0800acd4   0x0800acd4   0x00000074   Code   RO         6114    i.soft_i2c_write    i2c_soft.o
    0x0800ad48   0x0800ad48   0x0000002c   Code   RO         6115    i.soft_i2c_write_reg  i2c_soft.o
    0x0800ad74   0x0800ad74   0x00000080   Code   RO         6948    i.spl06Detect       spl06.o
    0x0800adf4   0x0800adf4   0x00000054   Code   RO         6949    i.spl06_calculate   spl06.o
    0x0800ae48   0x0800ae48   0x000000cc   Code   RO         6950    i.spl06_compensate_pressure  spl06.o
    0x0800af14   0x0800af14   0x00000060   Code   RO         6951    i.spl06_compensate_temperature  spl06.o
    0x0800af74   0x0800af74   0x0000004c   Code   RO         6952    i.spl06_configure_measurements  spl06.o
    0x0800afc0   0x0800afc0   0x0000005e   Code   RO         6953    i.spl06_raw_value_scale_factor  spl06.o
    0x0800b01e   0x0800b01e   0x00000002   PAD
    0x0800b020   0x0800b020   0x00000050   Code   RO         6954    i.spl06_read_pressure  spl06.o
    0x0800b070   0x0800b070   0x00000050   Code   RO         6955    i.spl06_read_temperature  spl06.o
    0x0800b0c0   0x0800b0c0   0x0000004e   Code   RO         6956    i.spl06_samples_to_cfg_reg_value  spl06.o
    0x0800b10e   0x0800b10e   0x00000016   Code   RO         6957    i.spl06_start_pressure_measurement  spl06.o
    0x0800b124   0x0800b124   0x00000016   Code   RO         6958    i.spl06_start_temperature_measurement  spl06.o
    0x0800b13a   0x0800b13a   0x00000002   PAD
    0x0800b13c   0x0800b13c   0x000000b4   Code   RO         5764    i.ticks_callback    ticks.o
    0x0800b1f0   0x0800b1f0   0x00000014   Code   RO         5765    i.ticks_init        ticks.o
    0x0800b204   0x0800b204   0x00000010   Code   RO         5766    i.ticks_stop        ticks.o
    0x0800b214   0x0800b214   0x0000010c   Code   RO         6769    i.to_euler          imu.o
    0x0800b320   0x0800b320   0x00000014   Code   RO         5868    i.uart_send_data    uart.o
    0x0800b334   0x0800b334   0x00000040   Data   RO         3170    .constdata          n32g430_rcc.o
    0x0800b374   0x0800b374   0x00000140   Data   RO         7437    .constdata          m_wm.l(powf.o)
    0x0800b4b4   0x0800b4b4   0x00000020   Data   RO         7775    .constdata          m_wm.l(rredf.o)
    0x0800b4d4   0x0800b4d4   0x00000020   Data   RO         7830    Region$$Table       anon$$obj.o


    Execution Region RW_IRAM1 (Exec base: 0x20000000, Load base: 0x0800b4f4, Size: 0x000024c0, Max: 0x00004000, ABSOLUTE, COMPRESSED[0x0000002c])

    Exec Addr    Load Addr    Size         Type   Attr      Idx    E Section Name        Object

    0x20000000   COMPRESSED   0x00000004   Data   RW           17    .data               system_n32g430.o
    0x20000004   COMPRESSED   0x00000002   Data   RW         5592    .data               main.o
    0x20000006   COMPRESSED   0x00000003   Data   RW         5702    .data               led.o
    0x20000009   COMPRESSED   0x00000001   PAD
    0x2000000a   COMPRESSED   0x00000003   Data   RW         5767    .data               ticks.o
    0x2000000d   COMPRESSED   0x00000003   PAD
    0x20000010   COMPRESSED   0x0000001c   Data   RW         5990    .data               iap.o
    0x2000002c   COMPRESSED   0x00000001   Data   RW         6116    .data               i2c_soft.o
    0x2000002d   COMPRESSED   0x00000003   PAD
    0x20000030   COMPRESSED   0x00000004   Data   RW         6234    .data               hw_timer.o
    0x20000034   COMPRESSED   0x00000008   Data   RW         6567    .data               msp.o
    0x2000003c   COMPRESSED   0x00000011   Data   RW         6620    .data               mpu6050.o
    0x2000004d   COMPRESSED   0x00000003   PAD
    0x20000050   COMPRESSED   0x00000012   Data   RW         6690    .data               accgyro.o
    0x20000062   COMPRESSED   0x00000002   PAD
    0x20000064   COMPRESSED   0x00000034   Data   RW         6771    .data               imu.o
    0x20000098   COMPRESSED   0x00000014   Data   RW         6900    .data               barometer.o
    0x200000ac   COMPRESSED   0x00000008   Data   RW         6960    .data               spl06.o
    0x200000b4   COMPRESSED   0x000000b4   Data   RW         7048    .data               altitude.o
    0x20000168   COMPRESSED   0x00000080   Data   RW         7109    .data               opflow.o
    0x200001e8   COMPRESSED   0x00000013   Data   RW         7186    .data               decode.o
    0x200001fb   COMPRESSED   0x00000001   PAD
    0x200001fc   COMPRESSED   0x00000004   Data   RW         7253    .data               fc.o
    0x20000200   COMPRESSED   0x00000008   Data   RW         7307    .data               motor.o
    0x20000208   COMPRESSED   0x00000004   Data   RW         7791    .data               mc_w.l(stdout.o)
    0x2000020c   COMPRESSED   0x00000004   Data   RW         7799    .data               mc_w.l(errno.o)
    0x20000210        -       0x00000244   Zero   RW         5870    .bss                uart.o
    0x20000454        -       0x00000910   Zero   RW         5989    .bss                iap.o
    0x20000d64        -       0x00000018   Zero   RW         6285    .bss                hw_uart.o
    0x20000d7c        -       0x00000108   Zero   RW         6689    .bss                accgyro.o
    0x20000e84        -       0x00000030   Zero   RW         6770    .bss                imu.o
    0x20000eb4        -       0x00000018   Zero   RW         6899    .bss                barometer.o
    0x20000ecc        -       0x00000018   Zero   RW         6959    .bss                spl06.o
    0x20000ee4        -       0x00000054   Zero   RW         7047    .bss                altitude.o
    0x20000f38        -       0x00000009   Zero   RW         7108    .bss                opflow.o
    0x20000f41        -       0x0000000a   Zero   RW         7185    .bss                decode.o
    0x20000f4b   COMPRESSED   0x00000001   PAD
    0x20000f4c        -       0x00000074   Zero   RW         7369    .bss                pid.o
    0x20000fc0        -       0x00001500   Zero   RW            1    STACK               startup_n32g430.o


==============================================================================

Image component sizes


      Code (inc. data)   RO Data    RW Data    ZI Data      Debug   Object Name

       992        108          0         18        264       6105   accgyro.o
       124         10          0          0          0       1137   alignment.o
      2296        306          0        180         84       6483   altitude.o
       216         42          0         20         24       3118   barometer.o
       648         42          0         19         10       2481   decode.o
       112         16          0          4          0       1295   fc.o
       510         18          0          0          0       4915   filter.o
       104         16          0          0          0       1560   hw_i2c_soft.o
       112          6          0          0          0        588   hw_led.o
       476         34          0          4          0       2887   hw_timer.o
       684         46          0          0         24       5170   hw_uart.o
       580         28          0          1          0       6013   i2c_soft.o
       498         92          0         28       2320      35786   iap.o
      2874        178          0         52         48      10789   imu.o
       366         22          0          3          0       3583   led.o
       292         72          0          2          0        813   main.o
       112         12          0          0          0       1215   misc.o
      1088        104          0          0          0       7077   mlib.o
        76         12          0          8          0       1604   motor.o
       602         78          0         17          0       2909   mpu6050.o
       284         22          0          8          0        950   msp.o
       310         34          0          0          0       4345   n32g430_flash.o
       322          0          0          0          0       5440   n32g430_gpio.o
       328         42         64          0          0       3435   n32g430_rcc.o
      1244         56          0          0          0      22609   n32g430_tim.o
       432         14          0          0          0      10504   n32g430_usart.o
      1928        212          0        128          9       5075   opflow.o
      1360        114          0          0        116       2920   pid.o
      1324         90          0          8         24       9424   spl06.o
        36          8        276          0       5376        880   startup_n32g430.o
       452         60          0          4          0     291686   system_n32g430.o
       260         72          0          3          0       2561   ticks.o
       418         64          0          0        580       8022   uart.o

    ----------------------------------------------------------------------
     21500       2030        372        520       8880     473379   Object Totals
         0          0         32          0          0          0   (incl. Generated)
        40          0          0         13          1          0   (incl. Padding)

    ----------------------------------------------------------------------

      Code (inc. data)   RO Data    RW Data    ZI Data      Debug   Library Member Name

       592         90          0          0          0        184   atan2f.o
       336         56          0          0          0        136   cosf.o
        38          0          0          0          0        116   fpclassifyf.o
        80         24          0          0          0        696   funder.o
        72          0          0          0          0        136   lrintf.o
      1636        110        320          0          0        372   powf.o
       340         24         32          0          0        160   rredf.o
       400         56          0          0          0        212   sinf.o
        58          0          0          0          0        136   sqrtf.o
        86          0          0          0          0          0   __dczerorl2.o
         0          0          0          0          0          0   entry.o
         0          0          0          0          0          0   entry10a.o
         0          0          0          0          0          0   entry11a.o
         8          4          0          0          0          0   entry2.o
         4          0          0          0          0          0   entry5.o
         0          0          0          0          0          0   entry7b.o
         0          0          0          0          0          0   entry8b.o
         8          4          0          0          0          0   entry9a.o
        12          6          0          4          0         68   errno.o
        30          0          0          0          0          0   handlers.o
        36          8          0          0          0         68   init.o
         0          0          0          0          0          0   iusefp.o
        30          0          0          0          0         68   llshl.o
        36          0          0          0          0         68   llsshr.o
        32          0          0          0          0         68   llushr.o
        36          0          0          0          0        108   memseta.o
      2258         90          0          0          0        452   printfa.o
         0          0          0          4          0          0   stdout.o
        44          0          0          0          0         80   uidiv.o
        98          0          0          0          0         92   uldiv.o
        48          0          0          0          0         68   cdrcmple.o
        56          0          0          0          0         88   d2f.o
       334          0          0          0          0        148   dadd.o
       222          0          0          0          0        100   ddiv.o
       186          0          0          0          0        176   depilogue.o
        48          0          0          0          0         68   dfixul.o
        26          0          0          0          0         76   dfltui.o
       228          0          0          0          0         96   dmul.o
        38          0          0          0          0         68   f2d.o
       110          0          0          0          0        168   fepilogue.o
        76          0          0          0          0         76   ffixir.o
         4          0          0          0          0         68   fpstat.o
        60          0          0          0          0         76   frnd.o

    ----------------------------------------------------------------------
      7716        472        352          8          0       4496   Library Totals
        10          0          0          0          0          0   (incl. Padding)

    ----------------------------------------------------------------------

      Code (inc. data)   RO Data    RW Data    ZI Data      Debug   Library Name

      3552        360        352          0          0       2148   m_wm.l
      2718        112          0          8          0       1072   mc_w.l
      1436          0          0          0          0       1276   mf_w.l

    ----------------------------------------------------------------------
      7716        472        352          8          0       4496   Library Totals

    ----------------------------------------------------------------------

==============================================================================


      Code (inc. data)   RO Data    RW Data    ZI Data      Debug   

     29216       2502        724        528       8880     458663   Grand Totals
     29216       2502        724         44       8880     458663   ELF Image Totals (compressed)
     29216       2502        724         44          0          0   ROM Totals

==============================================================================

    Total RO  Size (Code + RO Data)                29940 (  29.24kB)
    Total RW  Size (RW Data + ZI Data)              9408 (   9.19kB)
    Total ROM Size (Code + RO Data + RW Data)      29984 (  29.28kB)

==============================================================================

