Component: ARM Compiler 5.06 update 6 (build 750) Tool: armlink [4d35ed]

==============================================================================

Section Cross References

    led.o(i.led_ctrl) refers to led.o(i.led_reverse) for led_reverse
    led.o(i.led_ctrl) refers to led.o(i.led_on) for led_on
    led.o(i.led_ctrl) refers to led.o(i.led_off) for led_off
    led.o(i.led_ctrl) refers to led.o(.data) for ledCtrlTimer
    led.o(i.led_init) refers to hw_led.o(i.hw_led_initialize) for hw_led_initialize
    led.o(i.led_init) refers to led.o(i.led_on) for led_on
    led.o(i.led_test_x) refers to led.o(i.led_off) for led_off
    led.o(i.led_test_x) refers to led.o(i.led_on) for led_on
    led.o(i.led_test_x) refers to led.o(.data) for ledCtrlTimer
    ticks.o(i.delay_ms) refers to ticks.o(.data) for delayTimer
    ticks.o(i.micros16) refers to stm32f10x_tim.o(i.TIM_GetCounter) for TIM_GetCounter
    ticks.o(i.ticks_callback) refers to ticks.o(.data) for delayTimer
    ticks.o(i.ticks_callback) refers to iap.o(.data) for slot_timer
    ticks.o(i.ticks_callback) refers to barometer.o(.data) for baroUpdateTimer
    ticks.o(i.ticks_callback) refers to altitude.o(.data) for altitudeCtrlTimer
    ticks.o(i.ticks_callback) refers to opflow.o(.data) for opticalflowCtrlTimer
    ticks.o(i.ticks_callback) refers to led.o(.data) for ledCtrlTimer
    ticks.o(i.ticks_callback) refers to i2c_soft.o(.data) for i2cTestTimer
    ticks.o(i.ticks_callback) refers to mpu6050.o(.data) for mpu6050TestTimer
    ticks.o(i.ticks_callback) refers to decode.o(.data) for calibrationEnbTimer
    ticks.o(i.ticks_callback) refers to main.o(.data) for printTestTimer
    ticks.o(i.ticks_init) refers to hw_timer.o(i.hw_tim6_init) for hw_tim6_init
    ticks.o(i.ticks_init) refers to hw_timer.o(i.hw_tim4_init) for hw_tim4_init
    ticks.o(i.ticks_init) refers to ticks.o(i.ticks_callback) for ticks_callback
    ticks.o(i.ticks_stop) refers to stm32f10x_tim.o(i.TIM_Cmd) for TIM_Cmd
    i2c_soft.o(i.i2c_test) refers to i2c_soft.o(i.soft_i2c_buffer_read) for soft_i2c_buffer_read
    i2c_soft.o(i.i2c_test) refers to printfa.o(i.__0printf) for __2printf
    i2c_soft.o(i.i2c_test) refers to i2c_soft.o(.data) for i2cTestTimer
    i2c_soft.o(i.soft_i2c_buffer_read) refers to i2c_soft.o(i.soft_i2c_start) for soft_i2c_start
    i2c_soft.o(i.soft_i2c_buffer_read) refers to i2c_soft.o(i.soft_i2c_write) for soft_i2c_write
    i2c_soft.o(i.soft_i2c_buffer_read) refers to hw_i2c_soft.o(i.hw_soft_i2c_sda_input) for hw_soft_i2c_sda_input
    i2c_soft.o(i.soft_i2c_buffer_read) refers to i2c_soft.o(i.soft_i2c_read) for soft_i2c_read
    i2c_soft.o(i.soft_i2c_buffer_read) refers to hw_i2c_soft.o(i.hw_soft_i2c_sda_output) for hw_soft_i2c_sda_output
    i2c_soft.o(i.soft_i2c_buffer_read) refers to i2c_soft.o(i.soft_i2c_stop) for soft_i2c_stop
    i2c_soft.o(i.soft_i2c_init) refers to hw_i2c_soft.o(i.hw_soft_i2c_init) for hw_soft_i2c_init
    i2c_soft.o(i.soft_i2c_read) refers to i2c_soft.o(i.soft_i2c_delay) for soft_i2c_delay
    i2c_soft.o(i.soft_i2c_read) refers to hw_i2c_soft.o(i.hw_soft_i2c_sda_output) for hw_soft_i2c_sda_output
    i2c_soft.o(i.soft_i2c_read) refers to hw_i2c_soft.o(i.hw_soft_i2c_sda_input) for hw_soft_i2c_sda_input
    i2c_soft.o(i.soft_i2c_read_reg) refers to i2c_soft.o(i.soft_i2c_start) for soft_i2c_start
    i2c_soft.o(i.soft_i2c_read_reg) refers to i2c_soft.o(i.soft_i2c_write) for soft_i2c_write
    i2c_soft.o(i.soft_i2c_read_reg) refers to hw_i2c_soft.o(i.hw_soft_i2c_sda_input) for hw_soft_i2c_sda_input
    i2c_soft.o(i.soft_i2c_read_reg) refers to i2c_soft.o(i.soft_i2c_read) for soft_i2c_read
    i2c_soft.o(i.soft_i2c_read_reg) refers to hw_i2c_soft.o(i.hw_soft_i2c_sda_output) for hw_soft_i2c_sda_output
    i2c_soft.o(i.soft_i2c_read_reg) refers to i2c_soft.o(i.soft_i2c_stop) for soft_i2c_stop
    i2c_soft.o(i.soft_i2c_start) refers to i2c_soft.o(i.soft_i2c_delay) for soft_i2c_delay
    i2c_soft.o(i.soft_i2c_stop) refers to i2c_soft.o(i.soft_i2c_delay) for soft_i2c_delay
    i2c_soft.o(i.soft_i2c_write) refers to i2c_soft.o(i.soft_i2c_delay) for soft_i2c_delay
    i2c_soft.o(i.soft_i2c_write) refers to hw_i2c_soft.o(i.hw_soft_i2c_sda_input) for hw_soft_i2c_sda_input
    i2c_soft.o(i.soft_i2c_write) refers to hw_i2c_soft.o(i.hw_soft_i2c_sda_output) for hw_soft_i2c_sda_output
    i2c_soft.o(i.soft_i2c_write_reg) refers to i2c_soft.o(i.soft_i2c_start) for soft_i2c_start
    i2c_soft.o(i.soft_i2c_write_reg) refers to i2c_soft.o(i.soft_i2c_write) for soft_i2c_write
    i2c_soft.o(i.soft_i2c_write_reg) refers to i2c_soft.o(i.soft_i2c_stop) for soft_i2c_stop
    uart.o(i.debug_uart_init) refers to memseta.o(.text) for __aeabi_memclr4
    uart.o(i.debug_uart_init) refers to hw_uart.o(i.hw_debug_uart_init) for hw_debug_uart_init
    uart.o(i.debug_uart_init) refers to uart.o(.bss) for debugUART
    uart.o(i.debug_uart_init) refers to hw_uart.o(.bss) for hwDebugUart
[...]
    i.spl06_raw_value_scale_factor           0x0800abf8   Section        0  spl06.o(i.spl06_raw_value_scale_factor)
    spl06_raw_value_scale_factor             0x0800abf9   Thumb Code    94  spl06.o(i.spl06_raw_value_scale_factor)
    i.spl06_read_pressure                    0x0800ac58   Section        0  spl06.o(i.spl06_read_pressure)
    spl06_read_pressure                      0x0800ac59   Thumb Code    76  spl06.o(i.spl06_read_pressure)
    i.spl06_read_temperature                 0x0800aca8   Section        0  spl06.o(i.spl06_read_temperature)
    spl06_read_temperature                   0x0800aca9   Thumb Code    76  spl06.o(i.spl06_read_temperature)
    i.spl06_samples_to_cfg_reg_value         0x0800acf8   Section        0  spl06.o(i.spl06_samples_to_cfg_reg_value)
    spl06_samples_to_cfg_reg_value           0x0800acf9   Thumb Code    78  spl06.o(i.spl06_samples_to_cfg_reg_value)
    i.spl06_start_pressure_measurement       0x0800ad46   Section        0  spl06.o(i.spl06_start_pressure_measurement)
    spl06_start_pressure_measurement         0x0800ad47   Thumb Code    22  spl06.o(i.spl06_start_pressure_measurement)
    i.spl06_start_temperature_measurement    0x0800ad5c   Section        0  spl06.o(i.spl06_start_temperature_measurement)
    spl06_start_temperature_measurement      0x0800ad5d   Thumb Code    22  spl06.o(i.spl06_start_temperature_measurement)
    i.sqrtf                                  0x0800ad72   Section        0  sqrtf.o(i.sqrtf)
    i.ticks_callback                         0x0800ada0   Section        0  ticks.o(i.ticks_callback)
    i.ticks_init                             0x0800ae54   Section        0  ticks.o(i.ticks_init)
    i.ticks_stop                             0x0800ae68   Section        0  ticks.o(i.ticks_stop)
    i.to_euler                               0x0800ae78   Section        0  imu.o(i.to_euler)
    i.uart_send_data                         0x0800afa4   Section        0  uart.o(i.uart_send_data)
    .constdata                               0x0800afb8   Section      320  powf.o(.constdata)
    table                                    0x0800afb8   Data         128  powf.o(.constdata)
    powersof2to1over16top                    0x0800b038   Data          64  powf.o(.constdata)
    powersof2to1over16bot                    0x0800b078   Data          64  powf.o(.constdata)
    powersof2to1over16all                    0x0800b0b8   Data          64  powf.o(.constdata)
    .constdata                               0x0800b0f8   Section       32  rredf.o(.constdata)
    twooverpi                                0x0800b0f8   Data          32  rredf.o(.constdata)
    .data                                    0x20000000   Section        3  led.o(.data)
    ledCnt                                   0x20000001   Data           1  led.o(.data)
    ledindex                                 0x20000002   Data           1  led.o(.data)
    .data                                    0x20000004   Section        3  ticks.o(.data)
    delayTimer                               0x20000004   Data           2  ticks.o(.data)
    _cnt20ms                                 0x20000006   Data           1  ticks.o(.data)
    .data                                    0x20000007   Section        1  i2c_soft.o(.data)
    .data                                    0x20000008   Section       28  iap.o(.data)
    pack_index_last                          0x2000000e   Data           1  iap.o(.data)
    pack_atleastonce                         0x2000000f   Data           1  iap.o(.data)
    receive_cnt                              0x20000010   Data           4  iap.o(.data)
    rx_nunber                                0x20000014   Data           2  iap.o(.data)
    .data                                    0x20000024   Section        2  main.o(.data)
    .data                                    0x20000026   Section       20  stm32f10x_rcc.o(.data)
    APBAHBPrescTable                         0x20000026   Data          16  stm32f10x_rcc.o(.data)
    ADCPrescTable                            0x20000036   Data           4  stm32f10x_rcc.o(.data)
    .data                                    0x2000003c   Section        4  hw_timer.o(.data)
    pTickCallback                            0x2000003c   Data           4  hw_timer.o(.data)
    .data                                    0x20000040   Section        8  msp.o(.data)
    pack_index_last                          0x20000040   Data           1  msp.o(.data)
    pack_atleastonce                         0x20000041   Data           1  msp.o(.data)
    receive_cnt                              0x20000044   Data           4  msp.o(.data)
    .data                                    0x20000048   Section       17  mpu6050.o(.data)
    _mpu_half_resolution                     0x20000058   Data           1  mpu6050.o(.data)
    .data                                    0x2000005c   Section       18  accgyro.o(.data)
    count                                    0x20000064   Data           2  accgyro.o(.data)
    gyroCalInit                              0x20000066   Data           1  accgyro.o(.data)
    count                                    0x20000068   Data           2  accgyro.o(.data)
    accCalInit                               0x2000006a   Data           1  accgyro.o(.data)
    printfcnt                                0x2000006b   Data           1  accgyro.o(.data)
    previousTime                             0x2000006c   Data           2  accgyro.o(.data)
    .data                                    0x20000070   Section       52  imu.o(.data)
    imuConfig                                0x20000088   Data           8  imu.o(.data)
    imuRuntimeConfig                         0x20000090   Data           4  imu.o(.data)
    integralFBx                              0x20000094   Data           4  imu.o(.data)
    integralFBy                              0x20000098   Data           4  imu.o(.data)
    integralFBz                              0x2000009c   Data           4  imu.o(.data)
    previousIMUUpdateTime                    0x200000a0   Data           2  imu.o(.data)
    previousTime                             0x200000a2   Data           2  imu.o(.data)
    .data                                    0x200000a4   Section       20  barometer.o(.data)
    baroSensorReady                          0x200000b0   Data           1  barometer.o(.data)
    baroUpdateCyc                            0x200000b1   Data           1  barometer.o(.data)
    baroUptEnum                              0x200000b2   Data           1  barometer.o(.data)
    _init                                    0x200000b3   Data           1  barometer.o(.data)
    _baroGroundAltitude                      0x200000b4   Data           4  barometer.o(.data)
    .data                                    0x200000b8   Section        8  spl06.o(.data)
    spl06_pressure_raw                       0x200000b8   Data           4  spl06.o(.data)
    spl06_temperature_raw                    0x200000bc   Data           4  spl06.o(.data)
    .data                                    0x200000c0   Section      128  opflow.o(.data)
    pixel_flow_integral_last                 0x20000104   Data           4  opflow.o(.data)
    lastTimeForPixel                         0x20000108   Data           2  opflow.o(.data)
    setVelOpticalflow                        0x2000010c   Data           8  opflow.o(.data)
    VelCurrent                               0x20000114   Data           8  opflow.o(.data)
    lastError                                0x2000011c   Data           8  opflow.o(.data)
    errorOpitalflowVelI                      0x20000124   Data           8  opflow.o(.data)
    delta1                                   0x2000012c   Data           8  opflow.o(.data)
    delta2                                   0x20000134   Data           8  opflow.o(.data)
    stickTimer                               0x2000013c   Data           4  opflow.o(.data)
    .data                                    0x20000140   Section      180  altitude.o(.data)
    currentFilterSampleIndex                 0x200001d4   Data           2  altitude.o(.data)
    medianFilterReady                        0x200001d6   Data           1  altitude.o(.data)
    baroHistIdx                              0x200001d8   Data           2  altitude.o(.data)
    indexplus1                               0x200001da   Data           2  altitude.o(.data)
    bBaroSumReady                            0x200001dc   Data           2  altitude.o(.data)
    baroPressureSum                          0x200001e0   Data           4  altitude.o(.data)
    baroGroundPressure                       0x200001e4   Data           4  altitude.o(.data)
    previousT                                0x200001e8   Data           4  altitude.o(.data)
    errorVelocityI                           0x200001ec   Data           4  altitude.o(.data)
    velErrorLast                             0x200001f0   Data           4  altitude.o(.data)
    .data                                    0x200001f4   Section       19  decode.o(.data)
    armCheckEnb                              0x20000206   Data           1  decode.o(.data)
    .data                                    0x20000208   Section        4  fc.o(.data)
    previousIMUUpdateTime                    0x2000020a   Data           2  fc.o(.data)
    .data                                    0x2000020c   Section        8  motor.o(.data)
    .data                                    0x20000214   Section        4  stdout.o(.data)
    .data                                    0x20000218   Section        4  errno.o(.data)
    _errno                                   0x20000218   Data           4  errno.o(.data)
    .bss                                     0x2000021c   Section      580  uart.o(.bss)
    debugUartRxbuf                           0x20000238   Data         266  uart.o(.bss)
    debugUartTxbuf                           0x20000342   Data         128  uart.o(.bss)
    opflowUartRxbuf                          0x200003e0   Data          64  uart.o(.bss)
    opflowUartTxbuf                          0x20000420   Data          64  uart.o(.bss)
    .bss                                     0x20000460   Section     2320  iap.o(.bss)
    .bss                                     0x20000d70   Section       24  hw_uart.o(.bss)
    .bss                                     0x20000d88   Section      264  accgyro.o(.bss)
    gyroFilter                               0x20000de8   Data          36  accgyro.o(.bss)
    accFilter                                0x20000e0c   Data          84  accgyro.o(.bss)
    gyroSum                                  0x20000e60   Data          12  accgyro.o(.bss)
    gyroInit                                 0x20000e6c   Data          12  accgyro.o(.bss)
    accSum                                   0x20000e78   Data          12  accgyro.o(.bss)
    gyroInit                                 0x20000e84   Data          12  accgyro.o(.bss)
    .bss                                     0x20000e90   Section       48  imu.o(.bss)
    rMat                                     0x20000e90   Data          36  imu.o(.bss)
    .bss                                     0x20000ec0   Section       24  barometer.o(.bss)
    .bss                                     0x20000ed8   Section       24  spl06.o(.bss)
    .bss                                     0x20000ef0   Section       84  altitude.o(.bss)
    barometerFilterSamples                   0x20000f14   Data          20  altitude.o(.bss)
    baroHistTab                              0x20000f28   Data          28  altitude.o(.bss)
    .bss                                     0x20000f44   Section       10  decode.o(.bss)
    .bss                                     0x20000f50   Section      116  pid.o(.bss)
    last_rate                                0x20000f94   Data          12  pid.o(.bss)
    rate_i                                   0x20000fa0   Data          12  pid.o(.bss)
    delta1                                   0x20000fac   Data          12  pid.o(.bss)
    delta2                                   0x20000fb8   Data          12  pid.o(.bss)
    STACK                                    0x20000fc8   Section     1024  startup_stm32f10x_hd_vl.o(STACK)

    Global Symbols

    Symbol Name                              Value     Ov Type        Size  Object(Section)

    BuildAttributes$$THM_ISAv4$P$D$K$B$S$PE$A:L22UL41UL21$X:L11$S22US41US21$IEEE1$IW$USESV6$~STKCKD$USESV7$~SHL$OTIME$ROPI$IEEEX$EBA8$MICROLIB$REQ8$PRES8$EABIv2 0x00000000   Number         0  anon$$obj.o ABSOLUTE
    __ARM_use_no_argv                        0x00000000   Number         0  main.o ABSOLUTE
    _printf_a                                0x00000000   Number         0  stubs.o ABSOLUTE
    _printf_c                                0x00000000   Number         0  stubs.o ABSOLUTE
    _printf_charcount                        0x00000000   Number         0  stubs.o ABSOLUTE
    _printf_d                                0x00000000   Number         0  stubs.o ABSOLUTE
    _printf_e                                0x00000000   Number         0  stubs.o ABSOLUTE
    _printf_f                                0x00000000   Number         0  stubs.o ABSOLUTE
    _printf_flags                            0x00000000   Number         0  stubs.o ABSOLUTE
    _printf_fp_dec                           0x00000000   Number         0  stubs.o ABSOLUTE
    _printf_fp_hex                           0x00000000   Number         0  stubs.o ABSOLUTE
    _printf_g                                0x00000000   Number         0  stubs.o ABSOLUTE
    _printf_i                                0x00000000   Number         0  stubs.o ABSOLUTE
    _printf_int_dec                          0x00000000   Number         0  stubs.o ABSOLUTE
    _printf_l                                0x00000000   Number         0  stubs.o ABSOLUTE
    _printf_lc                               0x00000000   Number         0  stubs.o ABSOLUTE
    _printf_ll                               0x00000000   Number         0  stubs.o ABSOLUTE
    _printf_lld                              0x00000000   Number         0  stubs.o ABSOLUTE
    _printf_lli                              0x00000000   Number         0  stubs.o ABSOLUTE
    _printf_llo                              0x00000000   Number         0  stubs.o ABSOLUTE
    _printf_llu                              0x00000000   Number         0  stubs.o ABSOLUTE
    _printf_llx                              0x00000000   Number         0  stubs.o ABSOLUTE
    _printf_longlong_dec                     0x00000000   Number         0  stubs.o ABSOLUTE
    _printf_longlong_hex                     0x00000000   Number         0  stubs.o ABSOLUTE
    _printf_longlong_oct                     0x00000000   Number         0  stubs.o ABSOLUTE
    _printf_ls                               0x00000000   Number         0  stubs.o ABSOLUTE
    _printf_mbtowc                           0x00000000   Number         0  stubs.o ABSOLUTE
    _printf_n                                0x00000000   Number         0  stubs.o ABSOLUTE
    _printf_o                                0x00000000   Number         0  stubs.o ABSOLUTE
    _printf_p                                0x00000000   Number         0  stubs.o ABSOLUTE
    _printf_percent                          0x00000000   Number         0  stubs.o ABSOLUTE
    _printf_pre_padding                      0x00000000   Number         0  stubs.o ABSOLUTE
    _printf_return_value                     0x00000000   Number         0  stubs.o ABSOLUTE
    _printf_s                                0x00000000   Number         0  stubs.o ABSOLUTE
    _printf_sizespec                         0x00000000   Number         0  stubs.o ABSOLUTE
    _printf_str                              0x00000000   Number         0  stubs.o ABSOLUTE
    _printf_truncate_signed                  0x00000000   Number         0  stubs.o ABSOLUTE
    _printf_truncate_unsigned                0x00000000   Number         0  stubs.o ABSOLUTE
    _printf_u                                0x00000000   Number         0  stubs.o ABSOLUTE
    _printf_wc                               0x00000000   Number         0  stubs.o ABSOLUTE
    _printf_wctomb                           0x00000000   Number         0  stubs.o ABSOLUTE
    _printf_widthprec                        0x00000000   Number         0  stubs.o ABSOLUTE
    _printf_x                                0x00000000   Number         0  stubs.o ABSOLUTE
    __cpp_initialize__aeabi_                  - Undefined Weak Reference
    __cxa_finalize                            - Undefined Weak Reference
    _clock_init                               - Undefined Weak Reference
    _microlib_exit                            - Undefined Weak Reference
    __Vectors_Size                           0x00000134   Number         0  startup_stm32f10x_hd_vl.o ABSOLUTE
    __Vectors                                0x08004000   Data           4  startup_stm32f10x_hd_vl.o(RESET)
    __Vectors_End                            0x08004134   Data           0  startup_stm32f10x_hd_vl.o(RESET)
    __main                                   0x08004135   Thumb Code     0  entry.o(.ARM.Collect$$$$00000000)
    _main_stk                                0x08004135   Thumb Code     0  entry2.o(.ARM.Collect$$$$00000001)
    _main_scatterload                        0x08004139   Thumb Code     0  entry5.o(.ARM.Collect$$$$00000004)
    __main_after_scatterload                 0x0800413d   Thumb Code     0  entry5.o(.ARM.Collect$$$$00000004)
    _main_clock                              0x0800413d   Thumb Code     0  entry7b.o(.ARM.Collect$$$$00000008)
    _main_cpp_init                           0x0800413d   Thumb Code     0  entry8b.o(.ARM.Collect$$$$0000000A)
    _main_init                               0x0800413d   Thumb Code     0  entry9a.o(.ARM.Collect$$$$0000000B)
    __rt_final_cpp                           0x08004145   Thumb Code     0  entry10a.o(.ARM.Collect$$$$0000000D)
    __rt_final_exit                          0x08004145   Thumb Code     0  entry11a.o(.ARM.Collect$$$$0000000F)
    Reset_Handler                            0x08004149   Thumb Code     8  startup_stm32f10x_hd_vl.o(.text)
    NMI_Handler                              0x08004151   Thumb Code     2  startup_stm32f10x_hd_vl.o(.text)
    HardFault_Handler                        0x08004153   Thumb Code     2  startup_stm32f10x_hd_vl.o(.text)
    MemManage_Handler                        0x08004155   Thumb Code     2  startup_stm32f10x_hd_vl.o(.text)
    BusFault_Handler                         0x08004157   Thumb Code     2  startup_stm32f10x_hd_vl.o(.text)
    UsageFault_Handler                       0x08004159   Thumb Code     2  startup_stm32f10x_hd_vl.o(.text)
    SVC_Handler                              0x0800415b   Thumb Code     2  startup_stm32f10x_hd_vl.o(.text)
    DebugMon_Handler                         0x0800415d   Thumb Code     2  startup_stm32f10x_hd_vl.o(.text)
    PendSV_Handler                           0x0800415f   Thumb Code     2  startup_stm32f10x_hd_vl.o(.text)
    SysTick_Handler                          0x08004161   Thumb Code     2  startup_stm32f10x_hd_vl.o(.text)
    ADC1_IRQHandler                          0x08004163   Thumb Code     0  startup_stm32f10x_hd_vl.o(.text)
    CEC_IRQHandler                           0x08004163   Thumb Code     0  startup_stm32f10x_hd_vl.o(.text)
    DMA1_Channel1_IRQHandler                 0x08004163   Thumb Code     0  startup_stm32f10x_hd_vl.o(.text)
    DMA1_Channel2_IRQHandler                 0x08004163   Thumb Code     0  startup_stm32f10x_hd_vl.o(.text)
    DMA1_Channel3_IRQHandler                 0x08004163   Thumb Code     0  startup_stm32f10x_hd_vl.o(.text)
    DMA1_Channel4_IRQHandler                 0x08004163   Thumb Code     0  startup_stm32f10x_hd_vl.o(.text)
    DMA1_Channel5_IRQHandler                 0x08004163   Thumb Code     0  startup_stm32f10x_hd_vl.o(.text)
    DMA1_Channel6_IRQHandler                 0x08004163   Thumb Code     0  startup_stm32f10x_hd_vl.o(.text)
    DMA1_Channel7_IRQHandler                 0x08004163   Thumb Code     0  startup_stm32f10x_hd_vl.o(.text)
    DMA2_Channel1_IRQHandler                 0x08004163   Thumb Code     0  startup_stm32f10x_hd_vl.o(.text)
    DMA2_Channel2_IRQHandler                 0x08004163   Thumb Code     0  startup_stm32f10x_hd_vl.o(.text)
    DMA2_Channel3_IRQHandler                 0x08004163   Thumb Code     0  startup_stm32f10x_hd_vl.o(.text)
    DMA2_Channel4_5_IRQHandler               0x08004163   Thumb Code     0  startup_stm32f10x_hd_vl.o(.text)
    DMA2_Channel5_IRQHandler                 0x08004163   Thumb Code     0  startup_stm32f10x_hd_vl.o(.text)
    EXTI0_IRQHandler                         0x08004163   Thumb Code     0  startup_stm32f10x_hd_vl.o(.text)
    EXTI15_10_IRQHandler                     0x08004163   Thumb Code     0  startup_stm32f10x_hd_vl.o(.text)
    EXTI1_IRQHandler                         0x08004163   Thumb Code     0  startup_stm32f10x_hd_vl.o(.text)
    EXTI2_IRQHandler                         0x08004163   Thumb Code     0  startup_stm32f10x_hd_vl.o(.text)
    EXTI3_IRQHandler                         0x08004163   Thumb Code     0  startup_stm32f10x_hd_vl.o(.text)
    EXTI4_IRQHandler                         0x08004163   Thumb Code     0  startup_stm32f10x_hd_vl.o(.text)
    EXTI9_5_IRQHandler                       0x08004163   Thumb Code     0  startup_stm32f10x_hd_vl.o(.text)
    FLASH_IRQHandler                         0x08004163   Thumb Code     0  startup_stm32f10x_hd_vl.o(.text)
    I2C1_ER_IRQHandler                       0x08004163   Thumb Code     0  startup_stm32f10x_hd_vl.o(.text)
    I2C1_EV_IRQHandler                       0x08004163   Thumb Code     0  startup_stm32f10x_hd_vl.o(.text)
    I2C2_ER_IRQHandler                       0x08004163   Thumb Code     0  startup_stm32f10x_hd_vl.o(.text)
    I2C2_EV_IRQHandler                       0x08004163   Thumb Code     0  startup_stm32f10x_hd_vl.o(.text)
    PVD_IRQHandler                           0x08004163   Thumb Code     0  startup_stm32f10x_hd_vl.o(.text)
    RCC_IRQHandler                           0x08004163   Thumb Code     0  startup_stm32f10x_hd_vl.o(.text)
    RTCAlarm_IRQHandler                      0x08004163   Thumb Code     0  startup_stm32f10x_hd_vl.o(.text)
    RTC_IRQHandler                           0x08004163   Thumb Code     0  startup_stm32f10x_hd_vl.o(.text)
    SPI1_IRQHandler                          0x08004163   Thumb Code     0  startup_stm32f10x_hd_vl.o(.text)
    SPI2_IRQHandler                          0x08004163   Thumb Code     0  startup_stm32f10x_hd_vl.o(.text)
    SPI3_IRQHandler                          0x08004163   Thumb Code     0  startup_stm32f10x_hd_vl.o(.text)
    TAMPER_IRQHandler                        0x08004163   Thumb Code     0  startup_stm32f10x_hd_vl.o(.text)
    TIM12_IRQHandler                         0x08004163   Thumb Code     0  startup_stm32f10x_hd_vl.o(.text)
    TIM13_IRQHandler                         0x08004163   Thumb Code     0  startup_stm32f10x_hd_vl.o(.text)
    TIM14_IRQHandler                         0x08004163   Thumb Code     0  startup_stm32f10x_hd_vl.o(.text)
    TIM1_BRK_TIM15_IRQHandler                0x08004163   Thumb Code     0  startup_stm32f10x_hd_vl.o(.text)
    TIM1_CC_IRQHandler                       0x08004163   Thumb Code     0  startup_stm32f10x_hd_vl.o(.text)
    TIM1_TRG_COM_TIM17_IRQHandler            0x08004163   Thumb Code     0  startup_stm32f10x_hd_vl.o(.text)
    TIM1_UP_TIM16_IRQHandler                 0x08004163   Thumb Code     0  startup_stm32f10x_hd_vl.o(.text)
    TIM3_IRQHandler                          0x08004163   Thumb Code     0  startup_stm32f10x_hd_vl.o(.text)
    TIM4_IRQHandler                          0x08004163   Thumb Code     0  startup_stm32f10x_hd_vl.o(.text)
    TIM5_IRQHandler                          0x08004163   Thumb Code     0  startup_stm32f10x_hd_vl.o(.text)
    TIM6_DAC_IRQHandler                      0x08004163   Thumb Code     0  startup_stm32f10x_hd_vl.o(.text)
    TIM7_IRQHandler                          0x08004163   Thumb Code     0  startup_stm32f10x_hd_vl.o(.text)
    UART4_IRQHandler                         0x08004163   Thumb Code     0  startup_stm32f10x_hd_vl.o(.text)
    UART5_IRQHandler                         0x08004163   Thumb Code     0  startup_stm32f10x_hd_vl.o(.text)
    USART2_IRQHandler                        0x08004163   Thumb Code     0  startup_stm32f10x_hd_vl.o(.text)
    WWDG_IRQHandler                          0x08004163   Thumb Code     0  startup_stm32f10x_hd_vl.o(.text)
    __aeabi_memset                           0x0800416d   Thumb Code    14  memseta.o(.text)
    __aeabi_memset4                          0x0800416d   Thumb Code     0  memseta.o(.text)
    __aeabi_memset8                          0x0800416d   Thumb Code     0  memseta.o(.text)
    __aeabi_memclr                           0x0800417b   Thumb Code     4  memseta.o(.text)
    __aeabi_memclr4                          0x0800417b   Thumb Code     0  memseta.o(.text)
    __aeabi_memclr8                          0x0800417b   Thumb Code     0  memseta.o(.text)
    _memset$wrapper                          0x0800417f   Thumb Code    18  memseta.o(.text)
    __aeabi_fadd                             0x08004191   Thumb Code   164  fadd.o(.text)
    __aeabi_fsub                             0x08004235   Thumb Code     6  fadd.o(.text)
    __aeabi_frsub                            0x0800423b   Thumb Code     6  fadd.o(.text)
    __aeabi_fmul                             0x08004241   Thumb Code   100  fmul.o(.text)
    __aeabi_fdiv                             0x080042a5   Thumb Code   124  fdiv.o(.text)
    __aeabi_dmul                             0x08004321   Thumb Code   228  dmul.o(.text)
    __aeabi_i2f                              0x08004405   Thumb Code    18  fflti.o(.text)
    __aeabi_ui2f                             0x08004417   Thumb Code    10  ffltui.o(.text)
    __aeabi_ui2d                             0x08004421   Thumb Code    26  dfltui.o(.text)
    __aeabi_f2iz                             0x0800443b   Thumb Code    50  ffixi.o(.text)
    __aeabi_f2d                              0x0800446d   Thumb Code    38  f2d.o(.text)
    __aeabi_d2f                              0x08004493   Thumb Code    56  d2f.o(.text)
    __aeabi_cfcmpeq                          0x080044cd   Thumb Code     0  cfcmple.o(.text)
    __aeabi_cfcmple                          0x080044cd   Thumb Code    20  cfcmple.o(.text)
    __aeabi_cfrcmple                         0x080044e1   Thumb Code    20  cfrcmple.o(.text)
    __aeabi_uidiv                            0x080044f5   Thumb Code     0  uidiv.o(.text)
    __aeabi_uidivmod                         0x080044f5   Thumb Code    44  uidiv.o(.text)
    __aeabi_uldivmod                         0x08004521   Thumb Code    98  uldiv.o(.text)
    __I$use$fp                               0x08004583   Thumb Code     0  iusefp.o(.text)
    _float_round                             0x08004583   Thumb Code    18  fepilogue.o(.text)
    _float_epilogue                          0x08004595   Thumb Code    92  fepilogue.o(.text)
    __ARM_scalbnf                            0x080045f1   Thumb Code    24  fscalb.o(.text)
    scalbnf                                  0x080045f1   Thumb Code     0  fscalb.o(.text)
    _fsqrt                                   0x08004609   Thumb Code    94  fsqrt.o(.text)
    _frnd                                    0x08004667   Thumb Code    60  frnd.o(.text)
    _double_round                            0x080046a3   Thumb Code    30  depilogue.o(.text)
    _double_epilogue                         0x080046c1   Thumb Code   156  depilogue.o(.text)
    __aeabi_dadd                             0x0800475d   Thumb Code   322  dadd.o(.text)
    __aeabi_dsub                             0x0800489f   Thumb Code     6  dadd.o(.text)
    __aeabi_drsub                            0x080048a5   Thumb Code     6  dadd.o(.text)
    __aeabi_ddiv                             0x080048ab   Thumb Code   222  ddiv.o(.text)
    __aeabi_d2ulz                            0x08004989   Thumb Code    48  dfixul.o(.text)
    _ffix_r                                  0x080049b9   Thumb Code    76  ffixir.o(.text)
    __aeabi_cdrcmple                         0x08004a05   Thumb Code    48  cdrcmple.o(.text)
    __fp_status                              0x08004a35   Thumb Code     4  fpstat.o(.text)
    __ieee_status                            0x08004a35   Thumb Code     0  fpstat.o(.text)
    __scatterload                            0x08004a39   Thumb Code    28  init.o(.text)
    __scatterload_rt2                        0x08004a39   Thumb Code     0  init.o(.text)
    __aeabi_llsl                             0x08004a5d   Thumb Code    30  llshl.o(.text)
    _ll_shift_l                              0x08004a5d   Thumb Code     0  llshl.o(.text)
    __aeabi_llsr                             0x08004a7b   Thumb Code    32  llushr.o(.text)
    _ll_ushift_r                             0x08004a7b   Thumb Code     0  llushr.o(.text)
    __aeabi_lasr                             0x08004a9b   Thumb Code    36  llsshr.o(.text)
    _ll_sshift_r                             0x08004a9b   Thumb Code     0  llsshr.o(.text)
    __decompress                             0x08004abf   Thumb Code     0  __dczerorl2.o(.text)
    __decompress1                            0x08004abf   Thumb Code    86  __dczerorl2.o(.text)
    FLASH_ClearFlag                          0x08004b15   Thumb Code     6  stm32f10x_flash.o(i.FLASH_ClearFlag)
    FLASH_ErasePage                          0x08004b21   Thumb Code    72  stm32f10x_flash.o(i.FLASH_ErasePage)
    FLASH_GetBank1Status                     0x08004b6d   Thumb Code    48  stm32f10x_flash.o(i.FLASH_GetBank1Status)
    FLASH_Lock                               0x08004ba1   Thumb Code    14  stm32f10x_flash.o(i.FLASH_Lock)
    FLASH_PrefetchBufferCmd                  0x08004bb5   Thumb Code    22  stm32f10x_flash.o(i.FLASH_PrefetchBufferCmd)
    FLASH_ProgramWord                        0x08004bd1   Thumb Code   102  stm32f10x_flash.o(i.FLASH_ProgramWord)
    FLASH_ReadWord                           0x08004c3d   Thumb Code     6  iap.o(i.FLASH_ReadWord)
    FLASH_SetLatency                         0x08004c45   Thumb Code    18  stm32f10x_flash.o(i.FLASH_SetLatency)
    FLASH_Unlock                             0x08004c5d   Thumb Code    12  stm32f10x_flash.o(i.FLASH_Unlock)
    FLASH_WaitForLastOperation               0x08004c75   Thumb Code    38  stm32f10x_flash.o(i.FLASH_WaitForLastOperation)
    GPIO_Init                                0x08004c9b   Thumb Code   278  stm32f10x_gpio.o(i.GPIO_Init)
    GPIO_PinRemapConfig                      0x08004db1   Thumb Code   138  stm32f10x_gpio.o(i.GPIO_PinRemapConfig)
    NVIC_Init                                0x08004eb9   Thumb Code   100  misc.o(i.NVIC_Init)
    NVIC_PriorityGroupConfig                 0x08004f29   Thumb Code    10  misc.o(i.NVIC_PriorityGroupConfig)
    RCC_APB1PeriphClockCmd                   0x08004f3d   Thumb Code    26  stm32f10x_rcc.o(i.RCC_APB1PeriphClockCmd)
    RCC_APB2PeriphClockCmd                   0x08004f5d   Thumb Code    26  stm32f10x_rcc.o(i.RCC_APB2PeriphClockCmd)
    RCC_DeInit                               0x08005009   Thumb Code    64  stm32f10x_rcc.o(i.RCC_DeInit)
    RCC_GetClocksFreq                        0x08005055   Thumb Code   192  stm32f10x_rcc.o(i.RCC_GetClocksFreq)
    RCC_GetFlagStatus                        0x08005129   Thumb Code    56  stm32f10x_rcc.o(i.RCC_GetFlagStatus)
    RCC_GetSYSCLKSource                      0x08005165   Thumb Code    10  stm32f10x_rcc.o(i.RCC_GetSYSCLKSource)
    RCC_HCLKConfig                           0x08005175   Thumb Code    18  stm32f10x_rcc.o(i.RCC_HCLKConfig)
    RCC_HSICmd                               0x0800518d   Thumb Code     6  stm32f10x_rcc.o(i.RCC_HSICmd)
    RCC_PCLK1Config                          0x08005199   Thumb Code    18  stm32f10x_rcc.o(i.RCC_PCLK1Config)
    RCC_PCLK2Config                          0x080051b1   Thumb Code    20  stm32f10x_rcc.o(i.RCC_PCLK2Config)
    RCC_PLLCmd                               0x080051c9   Thumb Code     6  stm32f10x_rcc.o(i.RCC_PLLCmd)
    RCC_PLLConfig                            0x080051d5   Thumb Code    24  stm32f10x_rcc.o(i.RCC_PLLConfig)
    RCC_SYSCLKConfig                         0x080051f1   Thumb Code    18  stm32f10x_rcc.o(i.RCC_SYSCLKConfig)
    SystemInit                               0x08005215   Thumb Code    96  system_stm32f10x.o(i.SystemInit)
    TIM2_IRQHandler                          0x0800528d   Thumb Code    18  hw_timer.o(i.TIM2_IRQHandler)
    TIM_ARRPreloadConfig                     0x080052a5   Thumb Code    24  stm32f10x_tim.o(i.TIM_ARRPreloadConfig)
    TIM_ClearITPendingBit                    0x080052bd   Thumb Code     6  stm32f10x_tim.o(i.TIM_ClearITPendingBit)
    TIM_Cmd                                  0x080052c3   Thumb Code    24  stm32f10x_tim.o(i.TIM_Cmd)
    TIM_GetCounter                           0x080052db   Thumb Code     6  stm32f10x_tim.o(i.TIM_GetCounter)
    TIM_ITConfig                             0x080052e1   Thumb Code    18  stm32f10x_tim.o(i.TIM_ITConfig)
    TIM_OC1Init                              0x080052f5   Thumb Code   132  stm32f10x_tim.o(i.TIM_OC1Init)
    TIM_OC1PreloadConfig                     0x0800538d   Thumb Code    18  stm32f10x_tim.o(i.TIM_OC1PreloadConfig)
    TIM_OC2Init                              0x080053a1   Thumb Code   154  stm32f10x_tim.o(i.TIM_OC2Init)
    TIM_OC2PreloadConfig                     0x08005445   Thumb Code    26  stm32f10x_tim.o(i.TIM_OC2PreloadConfig)
    TIM_OC3Init                              0x08005461   Thumb Code   150  stm32f10x_tim.o(i.TIM_OC3Init)
    TIM_OC3PreloadConfig                     0x08005501   Thumb Code    18  stm32f10x_tim.o(i.TIM_OC3PreloadConfig)
    TIM_OC4Init                              0x08005515   Thumb Code   114  stm32f10x_tim.o(i.TIM_OC4Init)
    TIM_OC4PreloadConfig                     0x08005591   Thumb Code    26  stm32f10x_tim.o(i.TIM_OC4PreloadConfig)
    TIM_SetCompare1                          0x080055ab   Thumb Code     4  stm32f10x_tim.o(i.TIM_SetCompare1)
    TIM_SetCompare2                          0x080055af   Thumb Code     4  stm32f10x_tim.o(i.TIM_SetCompare2)
    TIM_SetCompare3                          0x080055b3   Thumb Code     4  stm32f10x_tim.o(i.TIM_SetCompare3)
    TIM_SetCompare4                          0x080055b7   Thumb Code     6  stm32f10x_tim.o(i.TIM_SetCompare4)
    TIM_TimeBaseInit                         0x080055bd   Thumb Code   122  stm32f10x_tim.o(i.TIM_TimeBaseInit)
    USART1_IRQHandler                        0x08005661   Thumb Code   192  hw_uart.o(i.USART1_IRQHandler)
    USART3_IRQHandler                        0x08005729   Thumb Code   172  hw_uart.o(i.USART3_IRQHandler)
    USART_ClearITPendingBit                  0x080057dd   Thumb Code    30  stm32f10x_usart.o(i.USART_ClearITPendingBit)
    USART_Cmd                                0x080057fb   Thumb Code    24  stm32f10x_usart.o(i.USART_Cmd)
    USART_GetITStatus                        0x08005813   Thumb Code    84  stm32f10x_usart.o(i.USART_GetITStatus)
    USART_ITConfig                           0x08005867   Thumb Code    74  stm32f10x_usart.o(i.USART_ITConfig)
    USART_Init                               0x080058b1   Thumb Code   210  stm32f10x_usart.o(i.USART_Init)
    USART_ReceiveData                        0x08005989   Thumb Code    10  stm32f10x_usart.o(i.USART_ReceiveData)
    USART_SendData                           0x08005993   Thumb Code     8  stm32f10x_usart.o(i.USART_SendData)
    __0printf                                0x0800599d   Thumb Code    22  printfa.o(i.__0printf)
    __1printf                                0x0800599d   Thumb Code     0  printfa.o(i.__0printf)
    __2printf                                0x0800599d   Thumb Code     0  printfa.o(i.__0printf)
    __c89printf                              0x0800599d   Thumb Code     0  printfa.o(i.__0printf)
    printf                                   0x0800599d   Thumb Code     0  printfa.o(i.__0printf)
    __ARM_fpclassifyf                        0x080059bd   Thumb Code    38  fpclassifyf.o(i.__ARM_fpclassifyf)
    __mathlib_flt_divzero                    0x080059e3   Thumb Code    10  funder.o(i.__mathlib_flt_divzero)
    __mathlib_flt_infnan                     0x080059ed   Thumb Code     6  funder.o(i.__mathlib_flt_infnan)
    __mathlib_flt_infnan2                    0x080059f3   Thumb Code     4  funder.o(i.__mathlib_flt_infnan2)
    __mathlib_flt_invalid                    0x080059f7   Thumb Code     8  funder.o(i.__mathlib_flt_invalid)
    __mathlib_flt_overflow                   0x080059ff   Thumb Code    10  funder.o(i.__mathlib_flt_overflow)
    __mathlib_flt_underflow                  0x08005a09   Thumb Code    10  funder.o(i.__mathlib_flt_underflow)
    __mathlib_rredf2                         0x08005a15   Thumb Code   344  rredf.o(i.__mathlib_rredf2)
    __scatterload_copy                       0x08005b7d   Thumb Code    14  handlers.o(i.__scatterload_copy)
    __scatterload_null                       0x08005b8b   Thumb Code     2  handlers.o(i.__scatterload_null)
    __scatterload_zeroinit                   0x08005b8d   Thumb Code    14  handlers.o(i.__scatterload_zeroinit)
    __set_errno                              0x08005b9d   Thumb Code     6  errno.o(i.__set_errno)
    acc_calbration                           0x0800645d   Thumb Code   248  accgyro.o(i.acc_calbration)
    accgyro_init                             0x08006571   Thumb Code   164  accgyro.o(i.accgyro_init)
    accgyro_update                           0x08006645   Thumb Code   234  accgyro.o(i.accgyro_update)
    acos_approx                              0x0800673d   Thumb Code   128  mlib.o(i.acos_approx)
    altitude_baro_update                     0x080067d1   Thumb Code   556  altitude.o(i.altitude_baro_update)
    altitude_ctrl                            0x08006a5d   Thumb Code    26  altitude.o(i.altitude_ctrl)
    annexCode                                0x08006a7d   Thumb Code   508  decode.o(i.annexCode)
    app_flag_write                           0x08006c99   Thumb Code    50  iap.o(i.app_flag_write)
    applyBarometerMedianFilter               0x08006ccd   Thumb Code    56  altitude.o(i.applyBarometerMedianFilter)
    applyDeadband                            0x08006d11   Thumb Code    34  mlib.o(i.applyDeadband)
    apply_sensor_alignment                   0x08006d33   Thumb Code   124  alignment.o(i.apply_sensor_alignment)
    atan2_approx                             0x08006db1   Thumb Code   284  mlib.o(i.atan2_approx)
    atan2f                                   0x08006ef1   Thumb Code   528  atan2f.o(i.atan2f)
    baro_init                                0x0800714d   Thumb Code    32  barometer.o(i.baro_init)
    baro_update                              0x08007179   Thumb Code   142  barometer.o(i.baro_update)
    biquadFilterApply                        0x08007225   Thumb Code    96  filter.o(i.biquadFilterApply)
    biquadFilterInitLPF                      0x080073d1   Thumb Code    52  filter.o(i.biquadFilterInitLPF)
    cfg_init_temp                            0x08007405   Thumb Code    26  iap.o(i.cfg_init_temp)
    cfg_save_temp                            0x08007429   Thumb Code    88  iap.o(i.cfg_save_temp)
    constrain                                0x08007491   Thumb Code    14  mlib.o(i.constrain)
    constrain_float                          0x0800749f   Thumb Code    36  mlib.o(i.constrain_float)
    cosf                                     0x080074c5   Thumb Code   328  cosf.o(i.cosf)
    debug_uart_init                          0x08007641   Thumb Code    58  uart.o(i.debug_uart_init)
    decode                                   0x0800768d   Thumb Code    58  decode.o(i.decode)
    delay_ms                                 0x080076d1   Thumb Code    18  ticks.o(i.delay_ms)
    flight_ctrl                              0x08007711   Thumb Code    76  fc.o(i.flight_ctrl)
    fputc                                    0x0800776d   Thumb Code    20  uart.o(i.fputc)
    from_euler                               0x08007781   Thumb Code   304  imu.o(i.from_euler)
    getEstimatedAltitude                     0x080078b1   Thumb Code  1330  altitude.o(i.getEstimatedAltitude)
    gyro_calbration                          0x08007e09   Thumb Code   214  accgyro.o(i.gyro_calbration)
    hw_debug_uart_init                       0x08007ef5   Thumb Code   164  hw_uart.o(i.hw_debug_uart_init)
    hw_led_initialize                        0x08007fa5   Thumb Code   110  hw_led.o(i.hw_led_initialize)
    hw_opticalflow_uart_init                 0x08008019   Thumb Code   164  hw_uart.o(i.hw_opticalflow_uart_init)
    hw_soft_i2c_init                         0x080080c9   Thumb Code    60  hw_i2c_soft.o(i.hw_soft_i2c_init)
    hw_soft_i2c_sda_input                    0x08008109   Thumb Code    24  hw_i2c_soft.o(i.hw_soft_i2c_sda_input)
    hw_soft_i2c_sda_output                   0x08008125   Thumb Code    24  hw_i2c_soft.o(i.hw_soft_i2c_sda_output)
    hw_tim3_init                             0x08008141   Thumb Code   234  hw_timer.o(i.hw_tim3_init)
    hw_tim4_init                             0x08008239   Thumb Code    52  hw_timer.o(i.hw_tim4_init)
    hw_tim6_init                             0x08008271   Thumb Code    98  hw_timer.o(i.hw_tim6_init)
    iap_for_app                              0x080082d9   Thumb Code   132  iap.o(i.iap_for_app)
    iap_for_app_init                         0x0800838d   Thumb Code    38  iap.o(i.iap_for_app_init)
    imuCalculateAcceleration                 0x080083c1   Thumb Code   216  imu.o(i.imuCalculateAcceleration)
    imuCalculateEstimatedAttitude            0x080084ad   Thumb Code   270  imu.o(i.imuCalculateEstimatedAttitude)
    imuComputeRotationMatrix                 0x080085d9   Thumb Code   376  imu.o(i.imuComputeRotationMatrix)
    imuTransformVectorBodyToEarth            0x08008bf9   Thumb Code   158  imu.o(i.imuTransformVectorBodyToEarth)
    imuUpdateEulerAngles                     0x08008c99   Thumb Code   178  imu.o(i.imuUpdateEulerAngles)
    imu_init                                 0x08008d81   Thumb Code    54  imu.o(i.imu_init)
    invSqrt                                  0x08008dd5   Thumb Code    72  mlib.o(i.invSqrt)
    led_ctrl                                 0x08008e21   Thumb Code   144  led.o(i.led_ctrl)
    led_init                                 0x08008eb9   Thumb Code    14  led.o(i.led_init)
    led_off                                  0x08008ec9   Thumb Code    56  led.o(i.led_off)
    led_on                                   0x08008f05   Thumb Code    56  led.o(i.led_on)
    led_reverse                              0x08008f41   Thumb Code    74  led.o(i.led_reverse)
    lrintf                                   0x08008f91   Thumb Code    50  lrintf.o(i.lrintf)
    main                                     0x08008fc5   Thumb Code   366  main.o(i.main)
    max                                      0x080091ad   Thumb Code    14  mlib.o(i.max)
    micros16                                 0x080091bd   Thumb Code    14  ticks.o(i.micros16)
    motor_init                               0x080091d1   Thumb Code    20  motor.o(i.motor_init)
    motor_pwm_output                         0x080091e9   Thumb Code    44  motor.o(i.motor_pwm_output)
    mpu6050_init                             0x08009311   Thumb Code   134  mpu6050.o(i.mpu6050_init)
    mpu6050_read                             0x08009399   Thumb Code   206  mpu6050.o(i.mpu6050_read)
    msp                                      0x08009479   Thumb Code   278  msp.o(i.msp)
    opflow_init                              0x080095a5   Thumb Code    20  opflow.o(i.opflow_init)
    opflow_uart_init                         0x080095c1   Thumb Code    56  uart.o(i.opflow_uart_init)
    pid                                      0x08009609   Thumb Code  1264  pid.o(i.pid)
    __mathlib_powf                           0x08009b11   Thumb Code     0  powf.o(i.powf)
    powf                                     0x08009b11   Thumb Code  1548  powf.o(i.powf)
    pt1FilterApply                           0x0800a131   Thumb Code    60  filter.o(i.pt1FilterApply)
    pt1FilterInit                            0x0800a16d   Thumb Code    44  filter.o(i.pt1FilterInit)
    quickMedianFilter5                       0x0800a19d   Thumb Code   242  mlib.o(i.quickMedianFilter5)
    send_ack                                 0x0800a3d1   Thumb Code    66  iap.o(i.send_ack)
    serial_available                         0x0800a419   Thumb Code    28  uart.o(i.serial_available)
    serial_read_rx_fifo                      0x0800a439   Thumb Code    38  uart.o(i.serial_read_rx_fifo)
    serial_write_buffer                      0x0800a465   Thumb Code    30  uart.o(i.serial_write_buffer)
    serial_write_tx_fifo                     0x0800a485   Thumb Code    44  uart.o(i.serial_write_tx_fifo)
    sin_approx                               0x0800a4b5   Thumb Code   218  mlib.o(i.sin_approx)
    sinf                                     0x0800a5b5   Thumb Code   338  sinf.o(i.sinf)
    soft_i2c_buffer_read                     0x0800a73d   Thumb Code   114  i2c_soft.o(i.soft_i2c_buffer_read)
    soft_i2c_init                            0x0800a7c1   Thumb Code    18  i2c_soft.o(i.soft_i2c_init)
    soft_i2c_read                            0x0800a7d9   Thumb Code   114  i2c_soft.o(i.soft_i2c_read)
    soft_i2c_read_reg                        0x0800a851   Thumb Code    58  i2c_soft.o(i.soft_i2c_read_reg)
    soft_i2c_start                           0x0800a88d   Thumb Code    44  i2c_soft.o(i.soft_i2c_start)
    soft_i2c_stop                            0x0800a8bd   Thumb Code    34  i2c_soft.o(i.soft_i2c_stop)
    soft_i2c_write                           0x0800a8e5   Thumb Code   110  i2c_soft.o(i.soft_i2c_write)
    soft_i2c_write_reg                       0x0800a959   Thumb Code    44  i2c_soft.o(i.soft_i2c_write_reg)
    spl06Detect                              0x0800a985   Thumb Code    76  spl06.o(i.spl06Detect)
    spl06_calculate                          0x0800aa01   Thumb Code    62  spl06.o(i.spl06_calculate)
    sqrtf                                    0x0800ad73   Thumb Code    44  sqrtf.o(i.sqrtf)
    ticks_callback                           0x0800ada1   Thumb Code   132  ticks.o(i.ticks_callback)
    ticks_init                               0x0800ae55   Thumb Code    14  ticks.o(i.ticks_init)
    ticks_stop                               0x0800ae69   Thumb Code    14  ticks.o(i.ticks_stop)
    to_euler                                 0x0800ae79   Thumb Code   284  imu.o(i.to_euler)
    uart_send_data                           0x0800afa5   Thumb Code    16  uart.o(i.uart_send_data)
    Region$$Table$$Base                      0x0800b118   Number         0  anon$$obj.o(Region$$Table)
    Region$$Table$$Limit                     0x0800b138   Number         0  anon$$obj.o(Region$$Table)
    ledCtrlTimer                             0x20000000   Data           1  led.o(.data)
    i2cTestTimer                             0x20000007   Data           1  i2c_soft.o(.data)
    f_IAP_flashing                           0x20000008   Data           1  iap.o(.data)
    f_final_frame                            0x20000009   Data           1  iap.o(.data)
    f_receive_app_done                       0x2000000a   Data           1  iap.o(.data)
    slot_timer                               0x2000000c   Data           2  iap.o(.data)
    jump2app                                 0x20000018   Data           4  iap.o(.data)
    pages_number                             0x2000001c   Data           4  iap.o(.data)
    ready_write_addr                         0x20000020   Data           4  iap.o(.data)
    printTestTimer                           0x20000024   Data           1  main.o(.data)
    powerupTimer                             0x20000025   Data           1  main.o(.data)
    mpu6050TestTimer                         0x20000048   Data           1  mpu6050.o(.data)
    accRaw                                   0x2000004a   Data           6  mpu6050.o(.data)
    gyroRaw                                  0x20000050   Data           6  mpu6050.o(.data)
    temperuteRaw                             0x20000056   Data           2  mpu6050.o(.data)
    acc_1G                                   0x2000005c   Data           2  accgyro.o(.data)
    gyroScale                                0x20000060   Data           4  accgyro.o(.data)
    q0                                       0x20000070   Data           4  imu.o(.data)
    q1                                       0x20000074   Data           4  imu.o(.data)
    q2                                       0x20000078   Data           4  imu.o(.data)
    q3                                       0x2000007c   Data           4  imu.o(.data)
    angle                                    0x20000080   Data           6  imu.o(.data)
    baroUpdateTimer                          0x200000a4   Data           1  barometer.o(.data)
    baroPressure                             0x200000a8   Data           4  barometer.o(.data)
    baroTemperature                          0x200000ac   Data           4  barometer.o(.data)
    opflowUartIndex                          0x200000c0   Data           1  opflow.o(.data)
    opticalflowCtrlTimer                     0x200000c2   Data           2  opflow.o(.data)
    opticalflowMonitorTimer                  0x200000c4   Data           2  opflow.o(.data)
    OpticalflowAltitude                      0x200000c8   Data           4  opflow.o(.data)
    AngleDegreeForOF                         0x200000cc   Data           8  opflow.o(.data)
    HeadforOpticalflow                       0x200000d4   Data           4  opflow.o(.data)
    pixel_flow_distance                      0x200000d8   Data           8  opflow.o(.data)
    pixelVel                                 0x200000e0   Data           8  opflow.o(.data)
    optGyro                                  0x200000e8   Data           8  opflow.o(.data)
    optGyroLast                              0x200000f0   Data           8  opflow.o(.data)
    flagVelCtrl                              0x200000f8   Data           2  opflow.o(.data)
    opticalFlowEnbAfterStick                 0x200000fa   Data           2  opflow.o(.data)
    opticalflowPID                           0x200000fc   Data           8  opflow.o(.data)
    tiltAngle                                0x20000140   Data           2  altitude.o(.data)
    calibratingB                             0x20000142   Data           2  altitude.o(.data)
    baroGroundAltitude                       0x20000144   Data           4  altitude.o(.data)
    BaroAlt                                  0x20000148   Data           4  altitude.o(.data)
    lastBaroAlt                              0x2000014c   Data           4  altitude.o(.data)
    baroVel                                  0x20000150   Data           4  altitude.o(.data)
    accSumZCount                             0x20000154   Data           2  altitude.o(.data)
    accSumZTimer                             0x20000158   Data           4  altitude.o(.data)
    accZGlobal                               0x2000015c   Data           2  altitude.o(.data)
    vel                                      0x20000160   Data           4  altitude.o(.data)
    accAlt                                   0x20000164   Data           4  altitude.o(.data)
    EstAlt                                   0x20000168   Data           4  altitude.o(.data)
    AltHold                                  0x2000016c   Data           4  altitude.o(.data)
    BaroPID                                  0x20000170   Data           4  altitude.o(.data)
    altitudeCtrlTimer                        0x20000174   Data           1  altitude.o(.data)
    setVel                                   0x20000176   Data           2  altitude.o(.data)
    Pf_Pos                                   0x20000178   Data           4  altitude.o(.data)
    Pf_Vel                                   0x2000017c   Data           4  altitude.o(.data)
    If_Vel                                   0x20000180   Data           4  altitude.o(.data)
    Df_Vel                                   0x20000184   Data           4  altitude.o(.data)
    DispAccAvg                               0x20000188   Data           4  altitude.o(.data)
    DispError                                0x2000018c   Data           4  altitude.o(.data)
    DispVolicityPID                          0x20000190   Data           4  altitude.o(.data)
    DispVel                                  0x20000194   Data           4  altitude.o(.data)
    DispBaroVel                              0x20000198   Data           4  altitude.o(.data)
    DispSetV                                 0x2000019c   Data           4  altitude.o(.data)
    DispMatrix0                              0x200001a0   Data           4  altitude.o(.data)
    DispMatrix1                              0x200001a4   Data           4  altitude.o(.data)
    DispMatrix2                              0x200001a8   Data           4  altitude.o(.data)
    DispAcc0                                 0x200001ac   Data           4  altitude.o(.data)
    DispAcc1                                 0x200001b0   Data           4  altitude.o(.data)
    DispAcc2                                 0x200001b4   Data           4  altitude.o(.data)
    DispAngleRoll                            0x200001b8   Data           4  altitude.o(.data)
    DispAnglePitch                           0x200001bc   Data           4  altitude.o(.data)
    DispMidGyroRoll                          0x200001c0   Data           4  altitude.o(.data)
    DispMidGyroPitch                         0x200001c4   Data           4  altitude.o(.data)
    DispMidAccRoll                           0x200001c8   Data           4  altitude.o(.data)
    DispMidAccPitch                          0x200001cc   Data           4  altitude.o(.data)
    integralBaroThrottle                     0x200001d0   Data           4  altitude.o(.data)
    calibrationEnbTimer                      0x200001f4   Data           1  decode.o(.data)
    rcCommand                                0x200001f6   Data           8  decode.o(.data)
    rcCommandTrim                            0x200001fe   Data           6  decode.o(.data)
    setVelocity                              0x20000204   Data           2  decode.o(.data)
    fc                                       0x20000208   Data           2  fc.o(.data)
    motorPWMValue                            0x2000020c   Data           8  motor.o(.data)
    __stdout                                 0x20000214   Data           4  stdout.o(.data)
    debugUART                                0x2000021c   Data          28  uart.o(.bss)
    opflowUART                               0x200003c4   Data          28  uart.o(.bss)
    cfgTemp                                  0x20000460   Data          16  iap.o(.bss)
    RX_buf                                   0x20000470   Data         256  iap.o(.bss)
    flash_buf                                0x20000570   Data        2048  iap.o(.bss)
    hwDebugUart                              0x20000d70   Data          12  hw_uart.o(.bss)
    hwOpflowUart                             0x20000d7c   Data          12  hw_uart.o(.bss)
    accgyro                                  0x20000d88   Data          96  accgyro.o(.bss)
    accSmooth                                0x20000eb4   Data          12  imu.o(.bss)
    baro                                     0x20000ec0   Data          24  barometer.o(.bss)
    spl06_cal                                0x20000ed8   Data          24  spl06.o(.bss)
    accSumZ                                  0x20000ef0   Data          12  altitude.o(.bss)
    velGlobal                                0x20000efc   Data          12  altitude.o(.bss)
    distanceGlobal                           0x20000f08   Data          12  altitude.o(.bss)
    fcCmd                                    0x20000f44   Data          10  decode.o(.bss)
    pidconf                                  0x20000f50   Data          68  pid.o(.bss)
    __initial_sp                             0x200013c8   Data           0  startup_stm32f10x_hd_vl.o(STACK)



==============================================================================

Memory Map of the image

  Image Entry point : 0x08004135

  Load Region LR_IROM1 (Base: 0x08004000, Size: 0x00007354, Max: 0x0000c000, ABSOLUTE, COMPRESSED[0x00007170])

    Execution Region ER_IROM1 (Exec base: 0x08004000, Load base: 0x08004000, Size: 0x00007138, Max: 0x0000c000, ABSOLUTE)

    Exec Addr    Load Addr    Size         Type   Attr      Idx    E Section Name        Object

    0x08004000   0x08004000   0x00000134   Data   RO         3765    RESET               startup_stm32f10x_hd_vl.o
    0x08004134   0x08004134   0x00000000   Code   RO         4799  * .ARM.Collect$$$$00000000  mc_w.l(entry.o)
    0x08004134   0x08004134   0x00000004   Code   RO         5112    .ARM.Collect$$$$00000001  mc_w.l(entry2.o)
    0x08004138   0x08004138   0x00000004   Code   RO         5115    .ARM.Collect$$$$00000004  mc_w.l(entry5.o)
    0x0800413c   0x0800413c   0x00000000   Code   RO         5117    .ARM.Collect$$$$00000008  mc_w.l(entry7b.o)
    0x0800413c   0x0800413c   0x00000000   Code   RO         5119    .ARM.Collect$$$$0000000A  mc_w.l(entry8b.o)
    0x0800413c   0x0800413c   0x00000008   Code   RO         5120    .ARM.Collect$$$$0000000B  mc_w.l(entry9a.o)
    0x08004144   0x08004144   0x00000000   Code   RO         5122    .ARM.Collect$$$$0000000D  mc_w.l(entry10a.o)
    0x08004144   0x08004144   0x00000000   Code   RO         5124    .ARM.Collect$$$$0000000F  mc_w.l(entry11a.o)
    0x08004144   0x08004144   0x00000004   Code   RO         5113    .ARM.Collect$$$$00002712  mc_w.l(entry2.o)
    0x08004148   0x08004148   0x00000024   Code   RO         3766    .text               startup_stm32f10x_hd_vl.o
    0x0800416c   0x0800416c   0x00000024   Code   RO         4804    .text               mc_w.l(memseta.o)
    0x08004190   0x08004190   0x000000b0   Code   RO         5069    .text               mf_w.l(fadd.o)
    0x08004240   0x08004240   0x00000064   Code   RO         5071    .text               mf_w.l(fmul.o)
    0x080042a4   0x080042a4   0x0000007c   Code   RO         5073    .text               mf_w.l(fdiv.o)
    0x08004320   0x08004320   0x000000e4   Code   RO         5075    .text               mf_w.l(dmul.o)
    0x08004404   0x08004404   0x00000012   Code   RO         5077    .text               mf_w.l(fflti.o)
    0x08004416   0x08004416   0x0000000a   Code   RO         5079    .text               mf_w.l(ffltui.o)
    0x08004420   0x08004420   0x0000001a   Code   RO         5081    .text               mf_w.l(dfltui.o)
    0x0800443a   0x0800443a   0x00000032   Code   RO         5083    .text               mf_w.l(ffixi.o)
    0x0800446c   0x0800446c   0x00000026   Code   RO         5085    .text               mf_w.l(f2d.o)
    0x08004492   0x08004492   0x00000038   Code   RO         5087    .text               mf_w.l(d2f.o)
    0x080044ca   0x080044ca   0x00000002   PAD
    0x080044cc   0x080044cc   0x00000014   Code   RO         5089    .text               mf_w.l(cfcmple.o)
    0x080044e0   0x080044e0   0x00000014   Code   RO         5091    .text               mf_w.l(cfrcmple.o)
    0x080044f4   0x080044f4   0x0000002c   Code   RO         5127    .text               mc_w.l(uidiv.o)
    0x08004520   0x08004520   0x00000062   Code   RO         5129    .text               mc_w.l(uldiv.o)
    0x08004582   0x08004582   0x00000000   Code   RO         5138    .text               mc_w.l(iusefp.o)
    0x08004582   0x08004582   0x0000006e   Code   RO         5139    .text               mf_w.l(fepilogue.o)
    0x080045f0   0x080045f0   0x00000018   Code   RO         5141    .text               mf_w.l(fscalb.o)
    0x08004608   0x08004608   0x0000005e   Code   RO         5143    .text               mf_w.l(fsqrt.o)
    0x08004666   0x08004666   0x0000003c   Code   RO         5145    .text               mf_w.l(frnd.o)
    0x080046a2   0x080046a2   0x000000ba   Code   RO         5147    .text               mf_w.l(depilogue.o)
    0x0800475c   0x0800475c   0x0000014e   Code   RO         5149    .text               mf_w.l(dadd.o)
    0x080048aa   0x080048aa   0x000000de   Code   RO         5151    .text               mf_w.l(ddiv.o)
    0x08004988   0x08004988   0x00000030   Code   RO         5153    .text               mf_w.l(dfixul.o)
    0x080049b8   0x080049b8   0x0000004c   Code   RO         5155    .text               mf_w.l(ffixir.o)
    0x08004a04   0x08004a04   0x00000030   Code   RO         5157    .text               mf_w.l(cdrcmple.o)
    0x08004a34   0x08004a34   0x00000004   Code   RO         5159    .text               mf_w.l(fpstat.o)
    0x08004a38   0x08004a38   0x00000024   Code   RO         5161    .text               mc_w.l(init.o)
    0x08004a5c   0x08004a5c   0x0000001e   Code   RO         5163    .text               mc_w.l(llshl.o)
    0x08004a7a   0x08004a7a   0x00000020   Code   RO         5165    .text               mc_w.l(llushr.o)
    0x08004a9a   0x08004a9a   0x00000024   Code   RO         5167    .text               mc_w.l(llsshr.o)
    0x08004abe   0x08004abe   0x00000056   Code   RO         5177    .text               mc_w.l(__dczerorl2.o)
    0x08004b14   0x08004b14   0x0000000c   Code   RO         2740    i.FLASH_ClearFlag   stm32f10x_flash.o
    0x08004b20   0x08004b20   0x0000004c   Code   RO         2745    i.FLASH_ErasePage   stm32f10x_flash.o
    0x08004b6c   0x08004b6c   0x00000034   Code   RO         2746    i.FLASH_GetBank1Status  stm32f10x_flash.o
    0x08004ba0   0x08004ba0   0x00000014   Code   RO         2755    i.FLASH_Lock        stm32f10x_flash.o
    0x08004bb4   0x08004bb4   0x0000001c   Code   RO         2757    i.FLASH_PrefetchBufferCmd  stm32f10x_flash.o
    0x08004bd0   0x08004bd0   0x0000006c   Code   RO         2760    i.FLASH_ProgramWord  stm32f10x_flash.o
    0x08004c3c   0x08004c3c   0x00000006   Code   RO          419    i.FLASH_ReadWord    iap.o
    0x08004c42   0x08004c42   0x00000002   PAD
    0x08004c44   0x08004c44   0x00000018   Code   RO         2762    i.FLASH_SetLatency  stm32f10x_flash.o
    0x08004c5c   0x08004c5c   0x00000018   Code   RO         2763    i.FLASH_Unlock      stm32f10x_flash.o
    0x08004c74   0x08004c74   0x00000026   Code   RO         2767    i.FLASH_WaitForLastOperation  stm32f10x_flash.o
    0x08004c9a   0x08004c9a   0x00000116   Code   RO          905    i.GPIO_Init         stm32f10x_gpio.o
    0x08004db0   0x08004db0   0x00000090   Code   RO          907    i.GPIO_PinRemapConfig  stm32f10x_gpio.o
    0x08004e40   0x08004e40   0x00000078   Code   RO         3724    i.HSI_SetSysClock   system_stm32f10x.o
    0x08004eb8   0x08004eb8   0x00000070   Code   RO         1019    i.NVIC_Init         misc.o
    0x08004f28   0x08004f28   0x00000014   Code   RO         1020    i.NVIC_PriorityGroupConfig  misc.o
    0x08004f3c   0x08004f3c   0x00000020   Code   RO          632    i.RCC_APB1PeriphClockCmd  stm32f10x_rcc.o
    0x08004f5c   0x08004f5c   0x00000020   Code   RO          634    i.RCC_APB2PeriphClockCmd  stm32f10x_rcc.o
    0x08004f7c   0x08004f7c   0x0000008c   Code   RO         3725    i.RCC_Configuration  system_stm32f10x.o
    0x08005008   0x08005008   0x0000004c   Code   RO          641    i.RCC_DeInit        stm32f10x_rcc.o
    0x08005054   0x08005054   0x000000d4   Code   RO          642    i.RCC_GetClocksFreq  stm32f10x_rcc.o
    0x08005128   0x08005128   0x0000003c   Code   RO          643    i.RCC_GetFlagStatus  stm32f10x_rcc.o
    0x08005164   0x08005164   0x00000010   Code   RO          645    i.RCC_GetSYSCLKSource  stm32f10x_rcc.o
    0x08005174   0x08005174   0x00000018   Code   RO          646    i.RCC_HCLKConfig    stm32f10x_rcc.o
    0x0800518c   0x0800518c   0x0000000c   Code   RO          648    i.RCC_HSICmd        stm32f10x_rcc.o
    0x08005198   0x08005198   0x00000018   Code   RO          653    i.RCC_PCLK1Config   stm32f10x_rcc.o
    0x080051b0   0x080051b0   0x00000018   Code   RO          654    i.RCC_PCLK2Config   stm32f10x_rcc.o
    0x080051c8   0x080051c8   0x0000000c   Code   RO          655    i.RCC_PLLCmd        stm32f10x_rcc.o
    0x080051d4   0x080051d4   0x0000001c   Code   RO          656    i.RCC_PLLConfig     stm32f10x_rcc.o
    0x080051f0   0x080051f0   0x00000018   Code   RO          659    i.RCC_SYSCLKConfig  stm32f10x_rcc.o
    0x08005208   0x08005208   0x0000000a   Code   RO         3726    i.SetSysClock       system_stm32f10x.o
    0x08005212   0x08005212   0x00000002   PAD
    0x08005214   0x08005214   0x00000078   Code   RO         3728    i.SystemInit        system_stm32f10x.o
    0x0800528c   0x0800528c   0x00000018   Code   RO         3815    i.TIM2_IRQHandler   hw_timer.o
    0x080052a4   0x080052a4   0x00000018   Code   RO         3113    i.TIM_ARRPreloadConfig  stm32f10x_tim.o
    0x080052bc   0x080052bc   0x00000006   Code   RO         3120    i.TIM_ClearITPendingBit  stm32f10x_tim.o
    0x080052c2   0x080052c2   0x00000018   Code   RO         3125    i.TIM_Cmd           stm32f10x_tim.o
    0x080052da   0x080052da   0x00000006   Code   RO         3144    i.TIM_GetCounter    stm32f10x_tim.o
    0x080052e0   0x080052e0   0x00000012   Code   RO         3150    i.TIM_ITConfig      stm32f10x_tim.o
    0x080052f2   0x080052f2   0x00000002   PAD
    0x080052f4   0x080052f4   0x00000098   Code   RO         3154    i.TIM_OC1Init       stm32f10x_tim.o
    0x0800538c   0x0800538c   0x00000012   Code   RO         3157    i.TIM_OC1PreloadConfig  stm32f10x_tim.o
    0x0800539e   0x0800539e   0x00000002   PAD
    0x080053a0   0x080053a0   0x000000a4   Code   RO         3159    i.TIM_OC2Init       stm32f10x_tim.o
    0x08005444   0x08005444   0x0000001a   Code   RO         3162    i.TIM_OC2PreloadConfig  stm32f10x_tim.o
    0x0800545e   0x0800545e   0x00000002   PAD
    0x08005460   0x08005460   0x000000a0   Code   RO         3164    i.TIM_OC3Init       stm32f10x_tim.o
    0x08005500   0x08005500   0x00000012   Code   RO         3167    i.TIM_OC3PreloadConfig  stm32f10x_tim.o
    0x08005512   0x08005512   0x00000002   PAD
    0x08005514   0x08005514   0x0000007c   Code   RO         3169    i.TIM_OC4Init       stm32f10x_tim.o
    0x08005590   0x08005590   0x0000001a   Code   RO         3171    i.TIM_OC4PreloadConfig  stm32f10x_tim.o
    0x080055aa   0x080055aa   0x00000004   Code   RO         3186    i.TIM_SetCompare1   stm32f10x_tim.o
    0x080055ae   0x080055ae   0x00000004   Code   RO         3187    i.TIM_SetCompare2   stm32f10x_tim.o
    0x080055b2   0x080055b2   0x00000004   Code   RO         3188    i.TIM_SetCompare3   stm32f10x_tim.o
    0x080055b6   0x080055b6   0x00000006   Code   RO         3189    i.TIM_SetCompare4   stm32f10x_tim.o
    0x080055bc   0x080055bc   0x000000a4   Code   RO         3196    i.TIM_TimeBaseInit  stm32f10x_tim.o
    0x08005660   0x08005660   0x000000c8   Code   RO         3854    i.USART1_IRQHandler  hw_uart.o
    0x08005728   0x08005728   0x000000b4   Code   RO         3855    i.USART3_IRQHandler  hw_uart.o
    0x080057dc   0x080057dc   0x0000001e   Code   RO         1386    i.USART_ClearITPendingBit  stm32f10x_usart.o
    0x080057fa   0x080057fa   0x00000018   Code   RO         1389    i.USART_Cmd         stm32f10x_usart.o
    0x08005812   0x08005812   0x00000054   Code   RO         1393    i.USART_GetITStatus  stm32f10x_usart.o
    0x08005866   0x08005866   0x0000004a   Code   RO         1395    i.USART_ITConfig    stm32f10x_usart.o
    0x080058b0   0x080058b0   0x000000d8   Code   RO         1396    i.USART_Init        stm32f10x_usart.o
    0x08005988   0x08005988   0x0000000a   Code   RO         1403    i.USART_ReceiveData  stm32f10x_usart.o
    0x08005992   0x08005992   0x00000008   Code   RO         1406    i.USART_SendData    stm32f10x_usart.o
    0x0800599a   0x0800599a   0x00000002   PAD
    0x0800599c   0x0800599c   0x00000020   Code   RO         5041    i.__0printf         mc_w.l(printfa.o)
    0x080059bc   0x080059bc   0x00000026   Code   RO         5093    i.__ARM_fpclassifyf  m_ws.l(fpclassifyf.o)
    0x080059e2   0x080059e2   0x0000000a   Code   RO         5095    i.__mathlib_flt_divzero  m_ws.l(funder.o)
    0x080059ec   0x080059ec   0x00000006   Code   RO         5096    i.__mathlib_flt_infnan  m_ws.l(funder.o)
    0x080059f2   0x080059f2   0x00000004   Code   RO         5097    i.__mathlib_flt_infnan2  m_ws.l(funder.o)
    0x080059f6   0x080059f6   0x00000008   Code   RO         5098    i.__mathlib_flt_invalid  m_ws.l(funder.o)
    0x080059fe   0x080059fe   0x0000000a   Code   RO         5099    i.__mathlib_flt_overflow  m_ws.l(funder.o)
    0x08005a08   0x08005a08   0x0000000a   Code   RO         5101    i.__mathlib_flt_underflow  m_ws.l(funder.o)
    0x08005a12   0x08005a12   0x00000002   PAD
    0x08005a14   0x08005a14   0x00000168   Code   RO         5109    i.__mathlib_rredf2  m_ws.l(rredf.o)
    0x08005b7c   0x08005b7c   0x0000000e   Code   RO         5171    i.__scatterload_copy  mc_w.l(handlers.o)
    0x08005b8a   0x08005b8a   0x00000002   Code   RO         5172    i.__scatterload_null  mc_w.l(handlers.o)
    0x08005b8c   0x08005b8c   0x0000000e   Code   RO         5173    i.__scatterload_zeroinit  mc_w.l(handlers.o)
    0x08005b9a   0x08005b9a   0x00000002   PAD
    0x08005b9c   0x08005b9c   0x0000000c   Code   RO         5133    i.__set_errno       mc_w.l(errno.o)
    0x08005ba8   0x08005ba8   0x00000184   Code   RO         5048    i._fp_digits        mc_w.l(printfa.o)
    0x08005d2c   0x08005d2c   0x000006dc   Code   RO         5049    i._printf_core      mc_w.l(printfa.o)
    0x08006408   0x08006408   0x00000024   Code   RO         5050    i._printf_post_padding  mc_w.l(printfa.o)
    0x0800642c   0x0800642c   0x0000002e   Code   RO         5051    i._printf_pre_padding  mc_w.l(printfa.o)
    0x0800645a   0x0800645a   0x00000002   PAD
    0x0800645c   0x0800645c   0x00000114   Code   RO         4150    i.acc_calbration    accgyro.o
    0x08006570   0x08006570   0x000000d4   Code   RO         4151    i.accgyro_init      accgyro.o
    0x08006644   0x08006644   0x000000f8   Code   RO         4153    i.accgyro_update    accgyro.o
    0x0800673c   0x0800673c   0x00000094   Code   RO         3966    i.acos_approx       mlib.o
    0x080067d0   0x080067d0   0x0000028c   Code   RO         4521    i.altitude_baro_update  altitude.o
    0x08006a5c   0x08006a5c   0x00000020   Code   RO         4522    i.altitude_ctrl     altitude.o
    0x08006a7c   0x08006a7c   0x0000021c   Code   RO         4570    i.annexCode         decode.o
    0x08006c98   0x08006c98   0x00000032   Code   RO          421    i.app_flag_write    iap.o
    0x08006cca   0x08006cca   0x00000002   PAD
    0x08006ccc   0x08006ccc   0x00000044   Code   RO         4523    i.applyBarometerMedianFilter  altitude.o
    0x08006d10   0x08006d10   0x00000022   Code   RO         3967    i.applyDeadband     mlib.o
    0x08006d32   0x08006d32   0x0000007c   Code   RO         4314    i.apply_sensor_alignment  alignment.o
    0x08006dae   0x08006dae   0x00000002   PAD
    0x08006db0   0x08006db0   0x00000140   Code   RO         3968    i.atan2_approx      mlib.o
    0x08006ef0   0x08006ef0   0x0000025c   Code   RO         4754    i.atan2f            m_ws.l(atan2f.o)
    0x0800714c   0x0800714c   0x0000002c   Code   RO         4329    i.baro_init         barometer.o
    0x08007178   0x08007178   0x000000ac   Code   RO         4331    i.baro_update       barometer.o
    0x08007224   0x08007224   0x00000060   Code   RO         3911    i.biquadFilterApply  filter.o
    0x08007284   0x08007284   0x0000014c   Code   RO         3912    i.biquadFilterInit  filter.o
    0x080073d0   0x080073d0   0x00000034   Code   RO         3913    i.biquadFilterInitLPF  filter.o
    0x08007404   0x08007404   0x00000024   Code   RO          423    i.cfg_init_temp     iap.o
    0x08007428   0x08007428   0x00000068   Code   RO          424    i.cfg_save_temp     iap.o
    0x08007490   0x08007490   0x0000000e   Code   RO         3969    i.constrain         mlib.o
    0x0800749e   0x0800749e   0x00000024   Code   RO         3970    i.constrain_float   mlib.o
    0x080074c2   0x080074c2   0x00000002   PAD
    0x080074c4   0x080074c4   0x0000017c   Code   RO         4762    i.cosf              m_ws.l(cosf.o)
    0x08007640   0x08007640   0x0000004c   Code   RO          314    i.debug_uart_init   uart.o
    0x0800768c   0x0800768c   0x00000044   Code   RO         4571    i.decode            decode.o
    0x080076d0   0x080076d0   0x00000018   Code   RO          146    i.delay_ms          ticks.o
    0x080076e8   0x080076e8   0x00000028   Code   RO         4367    i.deviceDetect      spl06.o
    0x08007710   0x08007710   0x0000005c   Code   RO         4628    i.flight_ctrl       fc.o
    0x0800776c   0x0800776c   0x00000014   Code   RO          315    i.fputc             uart.o
    0x08007780   0x08007780   0x00000130   Code   RO         4211    i.from_euler        imu.o
    0x080078b0   0x080078b0   0x00000558   Code   RO         4524    i.getEstimatedAltitude  altitude.o
    0x08007e08   0x08007e08   0x000000ec   Code   RO         4154    i.gyro_calbration   accgyro.o
    0x08007ef4   0x08007ef4   0x000000b0   Code   RO         3856    i.hw_debug_uart_init  hw_uart.o
    0x08007fa4   0x08007fa4   0x00000074   Code   RO         3800    i.hw_led_initialize  hw_led.o
    0x08008018   0x08008018   0x000000b0   Code   RO         3857    i.hw_opticalflow_uart_init  hw_uart.o
    0x080080c8   0x080080c8   0x00000040   Code   RO         3770    i.hw_soft_i2c_init  hw_i2c_soft.o
    0x08008108   0x08008108   0x0000001c   Code   RO         3771    i.hw_soft_i2c_sda_input  hw_i2c_soft.o
    0x08008124   0x08008124   0x0000001c   Code   RO         3772    i.hw_soft_i2c_sda_output  hw_i2c_soft.o
    0x08008140   0x08008140   0x000000f8   Code   RO         3816    i.hw_tim3_init      hw_timer.o
    0x08008238   0x08008238   0x00000038   Code   RO         3817    i.hw_tim4_init      hw_timer.o
    0x08008270   0x08008270   0x00000068   Code   RO         3818    i.hw_tim6_init      hw_timer.o
    0x080082d8   0x080082d8   0x000000b4   Code   RO          425    i.iap_for_app       iap.o
    0x0800838c   0x0800838c   0x00000034   Code   RO          426    i.iap_for_app_init  iap.o
    0x080083c0   0x080083c0   0x000000ec   Code   RO         4212    i.imuCalculateAcceleration  imu.o
    0x080084ac   0x080084ac   0x0000012c   Code   RO         4213    i.imuCalculateEstimatedAttitude  imu.o
    0x080085d8   0x080085d8   0x00000178   Code   RO         4214    i.imuComputeRotationMatrix  imu.o
    0x08008750   0x08008750   0x00000018   Code   RO         4215    i.imuGetPGainScaleFactor  imu.o
    0x08008768   0x08008768   0x00000044   Code   RO         4216    i.imuIsAccelerometerHealthy  imu.o
    0x080087ac   0x080087ac   0x0000044c   Code   RO         4217    i.imuMahonyAHRSupdate  imu.o
    0x08008bf8   0x08008bf8   0x0000009e   Code   RO         4218    i.imuTransformVectorBodyToEarth  imu.o
    0x08008c96   0x08008c96   0x00000002   PAD
    0x08008c98   0x08008c98   0x000000c4   Code   RO         4219    i.imuUpdateEulerAngles  imu.o
    0x08008d5c   0x08008d5c   0x00000024   Code   RO         4220    i.imuUseFastGains   imu.o
    0x08008d80   0x08008d80   0x00000054   Code   RO         4221    i.imu_init          imu.o
    0x08008dd4   0x08008dd4   0x0000004c   Code   RO         3972    i.invSqrt           mlib.o
    0x08008e20   0x08008e20   0x00000098   Code   RO            1    i.led_ctrl          led.o
    0x08008eb8   0x08008eb8   0x0000000e   Code   RO            2    i.led_init          led.o
    0x08008ec6   0x08008ec6   0x00000002   PAD
    0x08008ec8   0x08008ec8   0x0000003c   Code   RO            3    i.led_off           led.o
    0x08008f04   0x08008f04   0x0000003c   Code   RO            4    i.led_on            led.o
    0x08008f40   0x08008f40   0x00000050   Code   RO            5    i.led_reverse       led.o
    0x08008f90   0x08008f90   0x00000032   Code   RO         4795    i.lrintf            m_ws.l(lrintf.o)
    0x08008fc2   0x08008fc2   0x00000002   PAD
    0x08008fc4   0x08008fc4   0x000001e8   Code   RO          537    i.main              main.o
    0x080091ac   0x080091ac   0x0000000e   Code   RO         3973    i.max               mlib.o
    0x080091ba   0x080091ba   0x00000002   PAD
    0x080091bc   0x080091bc   0x00000014   Code   RO          147    i.micros16          ticks.o
    0x080091d0   0x080091d0   0x00000018   Code   RO         4700    i.motor_init        motor.o
    0x080091e8   0x080091e8   0x00000034   Code   RO         4701    i.motor_pwm_output  motor.o
    0x0800921c   0x0800921c   0x000000f4   Code   RO         4094    i.mpu6050FindRevision  mpu6050.o
    0x08009310   0x08009310   0x00000086   Code   RO         4095    i.mpu6050_init      mpu6050.o
    0x08009396   0x08009396   0x00000002   PAD
    0x08009398   0x08009398   0x000000e0   Code   RO         4096    i.mpu6050_read      mpu6050.o
    0x08009478   0x08009478   0x0000012c   Code   RO         4052    i.msp               msp.o
    0x080095a4   0x080095a4   0x0000001c   Code   RO         4456    i.opflow_init       opflow.o
    0x080095c0   0x080095c0   0x00000048   Code   RO          317    i.opflow_uart_init  uart.o
    0x08009608   0x08009608   0x00000508   Code   RO         4667    i.pid               pid.o
    0x08009b10   0x08009b10   0x00000620   Code   RO         4770    i.powf              m_ws.l(powf.o)
    0x0800a130   0x0800a130   0x0000003c   Code   RO         3915    i.pt1FilterApply    filter.o
    0x0800a16c   0x0800a16c   0x00000030   Code   RO         3917    i.pt1FilterInit     filter.o
    0x0800a19c   0x0800a19c   0x000000f2   Code   RO         3975    i.quickMedianFilter5  mlib.o
    0x0800a28e   0x0800a28e   0x00000002   PAD
    0x0800a290   0x0800a290   0x00000140   Code   RO         4368    i.read_calibration_coefficients  spl06.o
    0x0800a3d0   0x0800a3d0   0x00000048   Code   RO          430    i.send_ack          iap.o
    0x0800a418   0x0800a418   0x00000020   Code   RO          319    i.serial_available  uart.o
    0x0800a438   0x0800a438   0x0000002c   Code   RO          321    i.serial_read_rx_fifo  uart.o
    0x0800a464   0x0800a464   0x0000001e   Code   RO          323    i.serial_write_buffer  uart.o
    0x0800a482   0x0800a482   0x00000002   PAD
    0x0800a484   0x0800a484   0x00000030   Code   RO          324    i.serial_write_tx_fifo  uart.o
    0x0800a4b4   0x0800a4b4   0x00000100   Code   RO         3977    i.sin_approx        mlib.o
    0x0800a5b4   0x0800a5b4   0x00000188   Code   RO         4780    i.sinf              m_ws.l(sinf.o)
    0x0800a73c   0x0800a73c   0x00000072   Code   RO          230    i.soft_i2c_buffer_read  i2c_soft.o
    0x0800a7ae   0x0800a7ae   0x00000010   Code   RO          231    i.soft_i2c_delay    i2c_soft.o
    0x0800a7be   0x0800a7be   0x00000002   PAD
    0x0800a7c0   0x0800a7c0   0x00000018   Code   RO          232    i.soft_i2c_init     i2c_soft.o
    0x0800a7d8   0x0800a7d8   0x00000078   Code   RO          233    i.soft_i2c_read     i2c_soft.o
    0x0800a850   0x0800a850   0x0000003a   Code   RO          234    i.soft_i2c_read_reg  i2c_soft.o
    0x0800a88a   0x0800a88a   0x00000002   PAD
    0x0800a88c   0x0800a88c   0x00000030   Code   RO          235    i.soft_i2c_start    i2c_soft.o
    0x0800a8bc   0x0800a8bc   0x00000028   Code   RO          236    i.soft_i2c_stop     i2c_soft.o
    0x0800a8e4   0x0800a8e4   0x00000074   Code   RO          237    i.soft_i2c_write    i2c_soft.o
    0x0800a958   0x0800a958   0x0000002c   Code   RO          238    i.soft_i2c_write_reg  i2c_soft.o
    0x0800a984   0x0800a984   0x0000007c   Code   RO         4369    i.spl06Detect       spl06.o
    0x0800aa00   0x0800aa00   0x0000004c   Code   RO         4370    i.spl06_calculate   spl06.o
    0x0800aa4c   0x0800aa4c   0x00000100   Code   RO         4371    i.spl06_compensate_pressure  spl06.o
    0x0800ab4c   0x0800ab4c   0x00000060   Code   RO         4372    i.spl06_compensate_temperature  spl06.o
    0x0800abac   0x0800abac   0x0000004c   Code   RO         4373    i.spl06_configure_measurements  spl06.o
    0x0800abf8   0x0800abf8   0x0000005e   Code   RO         4374    i.spl06_raw_value_scale_factor  spl06.o
    0x0800ac56   0x0800ac56   0x00000002   PAD
    0x0800ac58   0x0800ac58   0x00000050   Code   RO         4375    i.spl06_read_pressure  spl06.o
    0x0800aca8   0x0800aca8   0x00000050   Code   RO         4376    i.spl06_read_temperature  spl06.o
    0x0800acf8   0x0800acf8   0x0000004e   Code   RO         4377    i.spl06_samples_to_cfg_reg_value  spl06.o
    0x0800ad46   0x0800ad46   0x00000016   Code   RO         4378    i.spl06_start_pressure_measurement  spl06.o
    0x0800ad5c   0x0800ad5c   0x00000016   Code   RO         4379    i.spl06_start_temperature_measurement  spl06.o
    0x0800ad72   0x0800ad72   0x0000002c   Code   RO         4788    i.sqrtf             m_ws.l(sqrtf.o)
    0x0800ad9e   0x0800ad9e   0x00000002   PAD
    0x0800ada0   0x0800ada0   0x000000b4   Code   RO          148    i.ticks_callback    ticks.o
    0x0800ae54   0x0800ae54   0x00000014   Code   RO          149    i.ticks_init        ticks.o
    0x0800ae68   0x0800ae68   0x0000000e   Code   RO          150    i.ticks_stop        ticks.o
    0x0800ae76   0x0800ae76   0x00000002   PAD
    0x0800ae78   0x0800ae78   0x0000012c   Code   RO         4223    i.to_euler          imu.o
    0x0800afa4   0x0800afa4   0x00000014   Code   RO          325    i.uart_send_data    uart.o
    0x0800afb8   0x0800afb8   0x00000140   Data   RO         4771    .constdata          m_ws.l(powf.o)
    0x0800b0f8   0x0800b0f8   0x00000020   Data   RO         5110    .constdata          m_ws.l(rredf.o)
    0x0800b118   0x0800b118   0x00000020   Data   RO         5169    Region$$Table       anon$$obj.o


    Execution Region RW_IRAM1 (Exec base: 0x20000000, Load base: 0x0800b138, Size: 0x000013c8, Max: 0x00005000, ABSOLUTE, COMPRESSED[0x00000038])

    Exec Addr    Load Addr    Size         Type   Attr      Idx    E Section Name        Object

    0x20000000   COMPRESSED   0x00000003   Data   RW            7    .data               led.o
    0x20000003   COMPRESSED   0x00000001   PAD
    0x20000004   COMPRESSED   0x00000003   Data   RW          151    .data               ticks.o
    0x20000007   COMPRESSED   0x00000001   Data   RW          239    .data               i2c_soft.o
    0x20000008   COMPRESSED   0x0000001c   Data   RW          432    .data               iap.o
    0x20000024   COMPRESSED   0x00000002   Data   RW          538    .data               main.o
    0x20000026   COMPRESSED   0x00000014   Data   RW          662    .data               stm32f10x_rcc.o
    0x2000003a   COMPRESSED   0x00000002   PAD
    0x2000003c   COMPRESSED   0x00000004   Data   RW         3819    .data               hw_timer.o
    0x20000040   COMPRESSED   0x00000008   Data   RW         4053    .data               msp.o
    0x20000048   COMPRESSED   0x00000011   Data   RW         4098    .data               mpu6050.o
    0x20000059   COMPRESSED   0x00000003   PAD
    0x2000005c   COMPRESSED   0x00000012   Data   RW         4156    .data               accgyro.o
    0x2000006e   COMPRESSED   0x00000002   PAD
    0x20000070   COMPRESSED   0x00000034   Data   RW         4225    .data               imu.o
    0x200000a4   COMPRESSED   0x00000014   Data   RW         4333    .data               barometer.o
    0x200000b8   COMPRESSED   0x00000008   Data   RW         4381    .data               spl06.o
    0x200000c0   COMPRESSED   0x00000080   Data   RW         4460    .data               opflow.o
    0x20000140   COMPRESSED   0x000000b4   Data   RW         4526    .data               altitude.o
    0x200001f4   COMPRESSED   0x00000013   Data   RW         4574    .data               decode.o
    0x20000207   COMPRESSED   0x00000001   PAD
    0x20000208   COMPRESSED   0x00000004   Data   RW         4629    .data               fc.o
    0x2000020c   COMPRESSED   0x00000008   Data   RW         4704    .data               motor.o
    0x20000214   COMPRESSED   0x00000004   Data   RW         5126    .data               mc_w.l(stdout.o)
    0x20000218   COMPRESSED   0x00000004   Data   RW         5134    .data               mc_w.l(errno.o)
    0x2000021c        -       0x00000244   Zero   RW          327    .bss                uart.o
    0x20000460        -       0x00000910   Zero   RW          431    .bss                iap.o
    0x20000d70        -       0x00000018   Zero   RW         3858    .bss                hw_uart.o
    0x20000d88        -       0x00000108   Zero   RW         4155    .bss                accgyro.o
    0x20000e90        -       0x00000030   Zero   RW         4224    .bss                imu.o
    0x20000ec0        -       0x00000018   Zero   RW         4332    .bss                barometer.o
    0x20000ed8        -       0x00000018   Zero   RW         4380    .bss                spl06.o
    0x20000ef0        -       0x00000054   Zero   RW         4525    .bss                altitude.o
    0x20000f44        -       0x0000000a   Zero   RW         4573    .bss                decode.o
    0x20000f4e   COMPRESSED   0x00000002   PAD
    0x20000f50        -       0x00000074   Zero   RW         4668    .bss                pid.o
    0x20000fc4   COMPRESSED   0x00000004   PAD
    0x20000fc8        -       0x00000400   Zero   RW         3763    STACK               startup_stm32f10x_hd_vl.o


==============================================================================

Image component sizes


      Code (inc. data)   RO Data    RW Data    ZI Data      Debug   Object Name

       972        112          0         18        264       6013   accgyro.o
       124         10          0          0          0       1721   alignment.o
      2120        304          0        180         84       6563   altitude.o
       216         42          0         20         24       3422   barometer.o
       608         42          0         19         10       2617   decode.o
        92         16          0          4          0       1411   fc.o
       588         14          0          0          0       5083   filter.o
       120         12          0          0          0       1532   hw_i2c_soft.o
       116          6          0          0          0        572   hw_led.o
       432         30          0          4          0       3015   hw_timer.o
       732         40          0          0         24       5291   hw_uart.o
       580         28          0          1          0       6269   i2c_soft.o
       500         94          0         28       2320      21194   iap.o
      3182        180          0         52         48      10905   imu.o
       366         22          0          3          0     247471   led.o
       488        122          0          2          0        917   main.o
       132         22          0          0          0       3747   misc.o
      1140         98          0          0          0       7257   mlib.o
        76         12          0          8          0       1756   motor.o
       602         78          0         17          0       3077   mpu6050.o
       300         22          0          8          0       1078   msp.o
        28          8          0        128          0       4416   opflow.o
      1288        104          0          0        116       3096   pid.o
      1364         88          0          8         24       9728   spl06.o
        36          8        308          0       1024        936   startup_stm32f10x_hd_vl.o
       382         50          0          0          0      13825   stm32f10x_flash.o
       422          6          0          0          0      20566   stm32f10x_gpio.o
       576         92          0         20          0      19899   stm32f10x_rcc.o
       948         92          0          0          0      33296   stm32f10x_tim.o
       446          6          0          0          0      13109   stm32f10x_usart.o
       390         34          0          0          0       2573   system_stm32f10x.o
       258         66          0          3          0       2697   ticks.o
       342         52          0          0        580       7415   uart.o

    ----------------------------------------------------------------------
     20006       1912        340        532       4524     472467   Object Totals
         0          0         32          0          0          0   (incl. Generated)
        40          0          0          9          6          0   (incl. Padding)

    ----------------------------------------------------------------------

      Code (inc. data)   RO Data    RW Data    ZI Data      Debug   Library Member Name

       604         76          0          0          0        116   atan2f.o
       380         52          0          0          0        124   cosf.o
        38          0          0          0          0         68   fpclassifyf.o
        48          0          0          0          0        408   funder.o
        50          0          0          0          0         80   lrintf.o
      1568         80        320          0          0        224   powf.o
       360         16         32          0          0         88   rredf.o
       392         54          0          0          0        124   sinf.o
        44          0          0          0          0         80   sqrtf.o
        86          0          0          0          0          0   __dczerorl2.o
         0          0          0          0          0          0   entry.o
         0          0          0          0          0          0   entry10a.o
         0          0          0          0          0          0   entry11a.o
         8          4          0          0          0          0   entry2.o
         4          0          0          0          0          0   entry5.o
         0          0          0          0          0          0   entry7b.o
         0          0          0          0          0          0   entry8b.o
         8          4          0          0          0          0   entry9a.o
        12          6          0          4          0         68   errno.o
        30          0          0          0          0          0   handlers.o
        36          8          0          0          0         68   init.o
         0          0          0          0          0          0   iusefp.o
        30          0          0          0          0         68   llshl.o
        36          0          0          0          0         68   llsshr.o
        32          0          0          0          0         68   llushr.o
        36          0          0          0          0        108   memseta.o
      2258         90          0          0          0        452   printfa.o
         0          0          0          4          0          0   stdout.o
        44          0          0          0          0         80   uidiv.o
        98          0          0          0          0         92   uldiv.o
        48          0          0          0          0         68   cdrcmple.o
        20          0          0          0          0         68   cfcmple.o
        20          0          0          0          0         68   cfrcmple.o
        56          0          0          0          0         88   d2f.o
       334          0          0          0          0        148   dadd.o
       222          0          0          0          0        100   ddiv.o
       186          0          0          0          0        176   depilogue.o
        48          0          0          0          0         68   dfixul.o
        26          0          0          0          0         76   dfltui.o
       228          0          0          0          0         96   dmul.o
        38          0          0          0          0         68   f2d.o
       176          0          0          0          0        140   fadd.o
       124          0          0          0          0         88   fdiv.o
       110          0          0          0          0        168   fepilogue.o
        50          0          0          0          0         68   ffixi.o
        76          0          0          0          0         76   ffixir.o
        18          0          0          0          0         68   fflti.o
        10          0          0          0          0         68   ffltui.o
       100          0          0          0          0         76   fmul.o
         4          0          0          0          0         68   fpstat.o
        60          0          0          0          0         76   frnd.o
        24          0          0          0          0         68   fscalb.o
        94          0          0          0          0         96   fsqrt.o

    ----------------------------------------------------------------------
      8286        390        352          8          0       4468   Library Totals
        12          0          0          0          0          0   (incl. Padding)

    ----------------------------------------------------------------------

      Code (inc. data)   RO Data    RW Data    ZI Data      Debug   Library Name

      3484        278        352          0          0       1312   m_ws.l
      2718        112          0          8          0       1072   mc_w.l
      2072          0          0          0          0       2084   mf_w.l

    ----------------------------------------------------------------------
      8286        390        352          8          0       4468   Library Totals

    ----------------------------------------------------------------------

==============================================================================


      Code (inc. data)   RO Data    RW Data    ZI Data      Debug   

     28292       2302        692        540       4524     466403   Grand Totals
     28292       2302        692         56       4524     466403   ELF Image Totals (compressed)
     28292       2302        692         56          0          0   ROM Totals

==============================================================================

    Total RO  Size (Code + RO Data)                28984 (  28.30kB)
    Total RW  Size (RW Data + ZI Data)              5064 (   4.95kB)
    Total ROM Size (Code + RO Data + RW Data)      29040 (  28.36kB)

==============================================================================

