<!doctype html public "-//w3c//dtd html 4.0 transitional//en">
<html><head>
<title>Static Call Graph - [.\Objects\suav.axf]</title></head>
<body><HR>
<H1>Static Call Graph for image .\Objects\suav.axf</H1><HR>
<BR><P>#&#060CALLGRAPH&#062# ARM Linker, 5060750: Last Updated: Sat Dec 10 16:09:21 2022
<BR><P>
<H3>Maximum Stack Usage =        260 bytes + Unknown(Cycles, Untraceable Function Pointers)</H3><H3>
Call chain for Maximum Stack Depth:</H3>
main &rArr; flight_ctrl &rArr; imuCalculateEstimatedAttitude &rArr; imuCalculateAcceleration &rArr; from_euler &rArr; __hardfp_sinf &rArr; __mathlib_rredf2
<P>
<H3>
Mutually Recursive functions
</H3> <LI><a href="#[1]">NMI_Handler</a>&nbsp;&nbsp;&nbsp;&rArr;&nbsp;&nbsp;&nbsp;<a href="#[1]">NMI_Handler</a><BR>
 <LI><a href="#[2]">HardFault_Handler</a>&nbsp;&nbsp;&nbsp;&rArr;&nbsp;&nbsp;&nbsp;<a href="#[2]">HardFault_Handler</a><BR>
 <LI><a href="#[3]">MemManage_Handler</a>&nbsp;&nbsp;&nbsp;&rArr;&nbsp;&nbsp;&nbsp;<a href="#[3]">MemManage_Handler</a><BR>
 <LI><a href="#[4]">BusFault_Handler</a>&nbsp;&nbsp;&nbsp;&rArr;&nbsp;&nbsp;&nbsp;<a href="#[4]">BusFault_Handler</a><BR>
 <LI><a href="#[5]">UsageFault_Handler</a>&nbsp;&nbsp;&nbsp;&rArr;&nbsp;&nbsp;&nbsp;<a href="#[5]">UsageFault_Handler</a><BR>
 <LI><a href="#[6]">SVC_Handler</a>&nbsp;&nbsp;&nbsp;&rArr;&nbsp;&nbsp;&nbsp;<a href="#[6]">SVC_Handler</a><BR>
 <LI><a href="#[7]">DebugMon_Handler</a>&nbsp;&nbsp;&nbsp;&rArr;&nbsp;&nbsp;&nbsp;<a href="#[7]">DebugMon_Handler</a><BR>
 <LI><a href="#[8]">PendSV_Handler</a>&nbsp;&nbsp;&nbsp;&rArr;&nbsp;&nbsp;&nbsp;<a href="#[8]">PendSV_Handler</a><BR>
 <LI><a href="#[9]">SysTick_Handler</a>&nbsp;&nbsp;&nbsp;&rArr;&nbsp;&nbsp;&nbsp;<a href="#[9]">SysTick_Handler</a><BR>
 <LI><a href="#[1d]">ADC_IRQHandler</a>&nbsp;&nbsp;&nbsp;&rArr;&nbsp;&nbsp;&nbsp;<a href="#[1d]">ADC_IRQHandler</a><BR>
</UL>
<P>
<H3>
Function Pointers
</H3><UL>
 <LI><a href="#[1d]">ADC_IRQHandler</a> from startup_n32g430.o(.text) referenced from startup_n32g430.o(RESET)
 <LI><a href="#[4]">BusFault_Handler</a> from startup_n32g430.o(.text) referenced from startup_n32g430.o(RESET)
 <LI><a href="#[3c]">CAN_RX0_IRQHandler</a> from startup_n32g430.o(.text) referenced from startup_n32g430.o(RESET)
 <LI><a href="#[3d]">CAN_RX1_IRQHandler</a> from startup_n32g430.o(.text) referenced from startup_n32g430.o(RESET)
 <LI><a href="#[3e]">CAN_SCE_IRQHandler</a> from startup_n32g430.o(.text) referenced from startup_n32g430.o(RESET)
 <LI><a href="#[3b]">CAN_TX_IRQHandler</a> from startup_n32g430.o(.text) referenced from startup_n32g430.o(RESET)
 <LI><a href="#[1f]">COMP_1_2_3_IRQHandler</a> from startup_n32g430.o(.text) referenced from startup_n32g430.o(RESET)
 <LI><a href="#[15]">DMA_Channel1_IRQHandler</a> from startup_n32g430.o(.text) referenced from startup_n32g430.o(RESET)
 <LI><a href="#[16]">DMA_Channel2_IRQHandler</a> from startup_n32g430.o(.text) referenced from startup_n32g430.o(RESET)
 <LI><a href="#[17]">DMA_Channel3_IRQHandler</a> from startup_n32g430.o(.text) referenced from startup_n32g430.o(RESET)
 <LI><a href="#[18]">DMA_Channel4_IRQHandler</a> from startup_n32g430.o(.text) referenced from startup_n32g430.o(RESET)
 <LI><a href="#[19]">DMA_Channel5_IRQHandler</a> from startup_n32g430.o(.text) referenced from startup_n32g430.o(RESET)
 <LI><a href="#[1a]">DMA_Channel6_IRQHandler</a> from startup_n32g430.o(.text) referenced from startup_n32g430.o(RESET)
 <LI><a href="#[1b]">DMA_Channel7_IRQHandler</a> from startup_n32g430.o(.text) referenced from startup_n32g430.o(RESET)
 <LI><a href="#[1c]">DMA_Channel8_IRQHandler</a> from startup_n32g430.o(.text) referenced from startup_n32g430.o(RESET)
 <LI><a href="#[7]">DebugMon_Handler</a> from startup_n32g430.o(.text) referenced from startup_n32g430.o(RESET)
 <LI><a href="#[10]">EXTI0_IRQHandler</a> from startup_n32g430.o(.text) referenced from startup_n32g430.o(RESET)
 <LI><a href="#[31]">EXTI15_10_IRQHandler</a> from startup_n32g430.o(.text) referenced from startup_n32g430.o(RESET)
 <LI><a href="#[11]">EXTI1_IRQHandler</a> from startup_n32g430.o(.text) referenced from startup_n32g430.o(RESET)
 <LI><a href="#[12]">EXTI2_IRQHandler</a> from startup_n32g430.o(.text) referenced from startup_n32g430.o(RESET)
 <LI><a href="#[13]">EXTI3_IRQHandler</a> from startup_n32g430.o(.text) referenced from startup_n32g430.o(RESET)
 <LI><a href="#[14]">EXTI4_IRQHandler</a> from startup_n32g430.o(.text) referenced from startup_n32g430.o(RESET)
 <LI><a href="#[20]">EXTI9_5_IRQHandler</a> from startup_n32g430.o(.text) referenced from startup_n32g430.o(RESET)
 <LI><a href="#[e]">FLASH_IRQHandler</a> from startup_n32g430.o(.text) referenced from startup_n32g430.o(RESET)
 <LI><a href="#[2]">HardFault_Handler</a> from startup_n32g430.o(.text) referenced from startup_n32g430.o(RESET)
 <LI><a href="#[29]">I2C1_ER_IRQHandler</a> from startup_n32g430.o(.text) referenced from startup_n32g430.o(RESET)
 <LI><a href="#[28]">I2C1_EV_IRQHandler</a> from startup_n32g430.o(.text) referenced from startup_n32g430.o(RESET)
 <LI><a href="#[2b]">I2C2_ER_IRQHandler</a> from startup_n32g430.o(.text) referenced from startup_n32g430.o(RESET)
 <LI><a href="#[2a]">I2C2_EV_IRQHandler</a> from startup_n32g430.o(.text) referenced from startup_n32g430.o(RESET)
 <LI><a href="#[33]">LPTIM_WKUP_IRQHandler</a> from startup_n32g430.o(.text) referenced from startup_n32g430.o(RESET)
 <LI><a href="#[1e]">MMU_IRQHandler</a> from startup_n32g430.o(.text) referenced from startup_n32g430.o(RESET)
 <LI><a href="#[3]">MemManage_Handler</a> from startup_n32g430.o(.text) referenced from startup_n32g430.o(RESET)
 <LI><a href="#[1]">NMI_Handler</a> from startup_n32g430.o(.text) referenced from startup_n32g430.o(RESET)
 <LI><a href="#[b]">PVD_IRQHandler</a> from startup_n32g430.o(.text) referenced from startup_n32g430.o(RESET)
 <LI><a href="#[8]">PendSV_Handler</a> from startup_n32g430.o(.text) referenced from startup_n32g430.o(RESET)
 <LI><a href="#[f]">RCC_IRQHandler</a> from startup_n32g430.o(.text) referenced from startup_n32g430.o(RESET)
 <LI><a href="#[32]">RTCAlarm_IRQHandler</a> from startup_n32g430.o(.text) referenced from startup_n32g430.o(RESET)
 <LI><a href="#[c]">RTC_TAMPER_STAMP_IRQHandler</a> from startup_n32g430.o(.text) referenced from startup_n32g430.o(RESET)
 <LI><a href="#[d]">RTC_WKUP_IRQHandler</a> from startup_n32g430.o(.text) referenced from startup_n32g430.o(RESET)
 <LI><a href="#[0]">Reset_Handler</a> from startup_n32g430.o(.text) referenced from startup_n32g430.o(RESET)
 <LI><a href="#[2c]">SPI1_IRQHandler</a> from startup_n32g430.o(.text) referenced from startup_n32g430.o(RESET)
 <LI><a href="#[2d]">SPI2_IRQHandler</a> from startup_n32g430.o(.text) referenced from startup_n32g430.o(RESET)
 <LI><a href="#[6]">SVC_Handler</a> from startup_n32g430.o(.text) referenced from startup_n32g430.o(RESET)
 <LI><a href="#[9]">SysTick_Handler</a> from startup_n32g430.o(.text) referenced from startup_n32g430.o(RESET)
 <LI><a href="#[40]">System_Initializes</a> from system_n32g430.o(i.System_Initializes) referenced from startup_n32g430.o(.text)
 <LI><a href="#[21]">TIM1_BRK_IRQHandler</a> from startup_n32g430.o(.text) referenced from startup_n32g430.o(RESET)
 <LI><a href="#[24]">TIM1_CC_IRQHandler</a> from startup_n32g430.o(.text) referenced from startup_n32g430.o(RESET)
 <LI><a href="#[23]">TIM1_TRG_COM_IRQHandler</a> from startup_n32g430.o(.text) referenced from startup_n32g430.o(RESET)
 <LI><a href="#[22]">TIM1_UP_IRQHandler</a> from startup_n32g430.o(.text) referenced from startup_n32g430.o(RESET)
 <LI><a href="#[25]">TIM2_IRQHandler</a> from startup_n32g430.o(.text) referenced from startup_n32g430.o(RESET)
 <LI><a href="#[26]">TIM3_IRQHandler</a> from startup_n32g430.o(.text) referenced from startup_n32g430.o(RESET)
 <LI><a href="#[27]">TIM4_IRQHandler</a> from startup_n32g430.o(.text) referenced from startup_n32g430.o(RESET)
 <LI><a href="#[39]">TIM5_IRQHandler</a> from startup_n32g430.o(.text) referenced from startup_n32g430.o(RESET)
 <LI><a href="#[3a]">TIM6_IRQHandler</a> from hw_timer.o(i.TIM6_IRQHandler) referenced from startup_n32g430.o(RESET)
 <LI><a href="#[34]">TIM8_BRK_IRQHandler</a> from startup_n32g430.o(.text) referenced from startup_n32g430.o(RESET)
 <LI><a href="#[37]">TIM8_CC_IRQHandler</a> from startup_n32g430.o(.text) referenced from startup_n32g430.o(RESET)
 <LI><a href="#[36]">TIM8_TRG_COM_IRQHandler</a> from startup_n32g430.o(.text) referenced from startup_n32g430.o(RESET)
 <LI><a href="#[35]">TIM8_UP_IRQHandler</a> from startup_n32g430.o(.text) referenced from startup_n32g430.o(RESET)
 <LI><a href="#[30]">UART3_IRQHandler</a> from hw_uart.o(i.UART3_IRQHandler) referenced from startup_n32g430.o(RESET)
 <LI><a href="#[38]">UART4_IRQHandler</a> from startup_n32g430.o(.text) referenced from startup_n32g430.o(RESET)
 <LI><a href="#[2e]">USART1_IRQHandler</a> from hw_uart.o(i.USART1_IRQHandler) referenced from startup_n32g430.o(RESET)
 <LI><a href="#[2f]">USART2_IRQHandler</a> from startup_n32g430.o(.text) referenced from startup_n32g430.o(RESET)
 <LI><a href="#[5]">UsageFault_Handler</a> from startup_n32g430.o(.text) referenced from startup_n32g430.o(RESET)
 <LI><a href="#[a]">WWDG_IRQHandler</a> from startup_n32g430.o(.text) referenced from startup_n32g430.o(RESET)
 <LI><a href="#[41]">__main</a> from entry.o(.ARM.Collect$$$$00000000) referenced from startup_n32g430.o(.text)
 <LI><a href="#[42]">fputc</a> from uart.o(i.fputc) referenced from printfa.o(i.__0printf)
 <LI><a href="#[3f]">main</a> from main.o(i.main) referenced from entry9a.o(.ARM.Collect$$$$0000000B)
 <LI><a href="#[43]">mpu6050_init</a> from mpu6050.o(i.mpu6050_init) referenced from accgyro.o(i.accgyro_init)
 <LI><a href="#[44]">mpu6050_read</a> from mpu6050.o(i.mpu6050_read) referenced from accgyro.o(i.accgyro_init)
 <LI><a href="#[49]">spl06_calculate</a> from spl06.o(i.spl06_calculate) referenced from spl06.o(i.spl06Detect)
 <LI><a href="#[48]">spl06_read_pressure</a> from spl06.o(i.spl06_read_pressure) referenced from spl06.o(i.spl06Detect)
 <LI><a href="#[45]">spl06_read_temperature</a> from spl06.o(i.spl06_read_temperature) referenced from spl06.o(i.spl06Detect)
 <LI><a href="#[47]">spl06_start_pressure_measurement</a> from spl06.o(i.spl06_start_pressure_measurement) referenced from spl06.o(i.spl06Detect)
 <LI><a href="#[46]">spl06_start_temperature_measurement</a> from spl06.o(i.spl06_start_temperature_measurement) referenced from spl06.o(i.spl06Detect)
 <LI><a href="#[4a]">ticks_callback</a> from ticks.o(i.ticks_callback) referenced from ticks.o(i.ticks_init)
</UL>
<P>
<H3>
Global Symbols
</H3>
<P><STRONG><a name="[41]"></a>__main</STRONG> (Thumb, 0 bytes, Stack size unknown bytes, entry.o(.ARM.Collect$$$$00000000))
<BR>[Address Reference Count : 1]<UL><LI> startup_n32g430.o(.text)
</UL>
<P><STRONG><a name="[125]"></a>_main_stk</STRONG> (Thumb, 0 bytes, Stack size unknown bytes, entry2.o(.ARM.Collect$$$$00000001))

<P><STRONG><a name="[4b]"></a>_main_scatterload</STRONG> (Thumb, 0 bytes, Stack size unknown bytes, entry5.o(.ARM.Collect$$$$00000004))
<BR><BR>[Calls]<UL><LI><a href="#[4c]">&gt;&gt;</a>&nbsp;&nbsp;&nbsp;__scatterload
</UL>

<P><STRONG><a name="[61]"></a>__main_after_scatterload</STRONG> (Thumb, 0 bytes, Stack size unknown bytes, entry5.o(.ARM.Collect$$$$00000004))
<BR><BR>[Called By]<UL><LI><a href="#[4c]">&gt;&gt;</a>&nbsp;&nbsp;&nbsp;__scatterload
</UL>

<P><STRONG><a name="[126]"></a>_main_clock</STRONG> (Thumb, 0 bytes, Stack size unknown bytes, entry7b.o(.ARM.Collect$$$$00000008))

<P><STRONG><a name="[127]"></a>_main_cpp_init</STRONG> (Thumb, 0 bytes, Stack size unknown bytes, entry8b.o(.ARM.Collect$$$$0000000A))

<P><STRONG><a name="[128]"></a>_main_init</STRONG> (Thumb, 0 bytes, Stack size unknown bytes, entry9a.o(.ARM.Collect$$$$0000000B))

<P><STRONG><a name="[129]"></a>__rt_final_cpp</STRONG> (Thumb, 0 bytes, Stack size unknown bytes, entry10a.o(.ARM.Collect$$$$0000000D))

<P><STRONG><a name="[12a]"></a>__rt_final_exit</STRONG> (Thumb, 0 bytes, Stack size unknown bytes, entry11a.o(.ARM.Collect$$$$0000000F))

<P><STRONG><a name="[0]"></a>Reset_Handler</STRONG> (Thumb, 8 bytes, Stack size 0 bytes, startup_n32g430.o(.text))
<BR>[Address Reference Count : 1]<UL><LI> startup_n32g430.o(RESET)
</UL>
<P><STRONG><a name="[1]"></a>NMI_Handler</STRONG> (Thumb, 2 bytes, Stack size 0 bytes, startup_n32g430.o(.text))
<BR><BR>[Calls]<UL><LI><a href="#[1]">&gt;&gt;</a>&nbsp;&nbsp;&nbsp;NMI_Handler
</UL>
<BR>[Called By]<UL><LI><a href="#[1]">&gt;&gt;</a>&nbsp;&nbsp;&nbsp;NMI_Handler
</UL>
<BR>[Address Reference Count : 1]<UL><LI> startup_n32g430.o(RESET)
</UL>
<P><STRONG><a name="[2]"></a>HardFault_Handler</STRONG> (Thumb, 2 bytes, Stack size 0 bytes, startup_n32g430.o(.text))
<BR><BR>[Calls]<UL><LI><a href="#[2]">&gt;&gt;</a>&nbsp;&nbsp;&nbsp;HardFault_Handler
</UL>
<BR>[Called By]<UL><LI><a href="#[2]">&gt;&gt;</a>&nbsp;&nbsp;&nbsp;HardFault_Handler
</UL>
<BR>[Address Reference Count : 1]<UL><LI> startup_n32g430.o(RESET)
</UL>
<P><STRONG><a name="[3]"></a>MemManage_Handler</STRONG> (Thumb, 2 bytes, Stack size 0 bytes, startup_n32g430.o(.text))
<BR><BR>[Calls]<UL><LI><a href="#[3]">&gt;&gt;</a>&nbsp;&nbsp;&nbsp;MemManage_Handler
</UL>
<BR>[Called By]<UL><LI><a href="#[3]">&gt;&gt;</a>&nbsp;&nbsp;&nbsp;MemManage_Handler
</UL>
<BR>[Address Reference Count : 1]<UL><LI> startup_n32g430.o(RESET)
</UL>
<P><STRONG><a name="[4]"></a>BusFault_Handler</STRONG> (Thumb, 2 bytes, Stack size 0 bytes, startup_n32g430.o(.text))
<BR><BR>[Calls]<UL><LI><a href="#[4]">&gt;&gt;</a>&nbsp;&nbsp;&nbsp;BusFault_Handler
</UL>
<BR>[Called By]<UL><LI><a href="#[4]">&gt;&gt;</a>&nbsp;&nbsp;&nbsp;BusFault_Handler
</UL>
<BR>[Address Reference Count : 1]<UL><LI> startup_n32g430.o(RESET)
</UL>
<P><STRONG><a name="[5]"></a>UsageFault_Handler</STRONG> (Thumb, 2 bytes, Stack size 0 bytes, startup_n32g430.o(.text))
<BR><BR>[Calls]<UL><LI><a href="#[5]">&gt;&gt;</a>&nbsp;&nbsp;&nbsp;UsageFault_Handler
</UL>
<BR>[Called By]<UL><LI><a href="#[5]">&gt;&gt;</a>&nbsp;&nbsp;&nbsp;UsageFault_Handler
</UL>
<BR>[Address Reference Count : 1]<UL><LI> startup_n32g430.o(RESET)
</UL>
<P><STRONG><a name="[6]"></a>SVC_Handler</STRONG> (Thumb, 2 bytes, Stack size 0 bytes, startup_n32g430.o(.text))
<BR><BR>[Calls]<UL><LI><a href="#[6]">&gt;&gt;</a>&nbsp;&nbsp;&nbsp;SVC_Handler
</UL>
<BR>[Called By]<UL><LI><a href="#[6]">&gt;&gt;</a>&nbsp;&nbsp;&nbsp;SVC_Handler
</UL>
<BR>[Address Reference Count : 1]<UL><LI> startup_n32g430.o(RESET)
</UL>
<P><STRONG><a name="[7]"></a>DebugMon_Handler</STRONG> (Thumb, 2 bytes, Stack size 0 bytes, startup_n32g430.o(.text))
<BR><BR>[Calls]<UL><LI><a href="#[7]">&gt;&gt;</a>&nbsp;&nbsp;&nbsp;DebugMon_Handler
</UL>
<BR>[Called By]<UL><LI><a href="#[7]">&gt;&gt;</a>&nbsp;&nbsp;&nbsp;DebugMon_Handler
</UL>
<BR>[Address Reference Count : 1]<UL><LI> startup_n32g430.o(RESET)
</UL>
<P><STRONG><a name="[8]"></a>PendSV_Handler</STRONG> (Thumb, 2 bytes, Stack size 0 bytes, startup_n32g430.o(.text))
<BR><BR>[Calls]<UL><LI><a href="#[8]">&gt;&gt;</a>&nbsp;&nbsp;&nbsp;PendSV_Handler
</UL>
<BR>[Called By]<UL><LI><a href="#[8]">&gt;&gt;</a>&nbsp;&nbsp;&nbsp;PendSV_Handler
</UL>
<BR>[Address Reference Count : 1]<UL><LI> startup_n32g430.o(RESET)
</UL>
<P><STRONG><a name="[9]"></a>SysTick_Handler</STRONG> (Thumb, 2 bytes, Stack size 0 bytes, startup_n32g430.o(.text))
<BR><BR>[Calls]<UL><LI><a href="#[9]">&gt;&gt;</a>&nbsp;&nbsp;&nbsp;SysTick_Handler
</UL>
<BR>[Called By]<UL><LI><a href="#[9]">&gt;&gt;</a>&nbsp;&nbsp;&nbsp;SysTick_Handler
</UL>
<BR>[Address Reference Count : 1]<UL><LI> startup_n32g430.o(RESET)
</UL>
<P><STRONG><a name="[1d]"></a>ADC_IRQHandler</STRONG> (Thumb, 0 bytes, Stack size 0 bytes, startup_n32g430.o(.text))
<BR><BR>[Calls]<UL><LI><a href="#[1d]">&gt;&gt;</a>&nbsp;&nbsp;&nbsp;ADC_IRQHandler
</UL>
<BR>[Called By]<UL><LI><a href="#[1d]">&gt;&gt;</a>&nbsp;&nbsp;&nbsp;ADC_IRQHandler
</UL>
<BR>[Address Reference Count : 1]<UL><LI> startup_n32g430.o(RESET)
</UL>
<P><STRONG><a name="[3c]"></a>CAN_RX0_IRQHandler</STRONG> (Thumb, 0 bytes, Stack size 0 bytes, startup_n32g430.o(.text))
<BR>[Address Reference Count : 1]<UL><LI> startup_n32g430.o(RESET)
</UL>
<P><STRONG><a name="[3d]"></a>CAN_RX1_IRQHandler</STRONG> (Thumb, 0 bytes, Stack size 0 bytes, startup_n32g430.o(.text))
<BR>[Address Reference Count : 1]<UL><LI> startup_n32g430.o(RESET)
</UL>
<P><STRONG><a name="[3e]"></a>CAN_SCE_IRQHandler</STRONG> (Thumb, 0 bytes, Stack size 0 bytes, startup_n32g430.o(.text))
<BR>[Address Reference Count : 1]<UL><LI> startup_n32g430.o(RESET)
</UL>
<P><STRONG><a name="[3b]"></a>CAN_TX_IRQHandler</STRONG> (Thumb, 0 bytes, Stack size 0 bytes, startup_n32g430.o(.text))
<BR>[Address Reference Count : 1]<UL><LI> startup_n32g430.o(RESET)
</UL>
<P><STRONG><a name="[1f]"></a>COMP_1_2_3_IRQHandler</STRONG> (Thumb, 0 bytes, Stack size 0 bytes, startup_n32g430.o(.text))
<BR>[Address Reference Count : 1]<UL><LI> startup_n32g430.o(RESET)
</UL>
<P><STRONG><a name="[15]"></a>DMA_Channel1_IRQHandler</STRONG> (Thumb, 0 bytes, Stack size 0 bytes, startup_n32g430.o(.text))
<BR>[Address Reference Count : 1]<UL><LI> startup_n32g430.o(RESET)
</UL>
<P><STRONG><a name="[16]"></a>DMA_Channel2_IRQHandler</STRONG> (Thumb, 0 bytes, Stack size 0 bytes, startup_n32g430.o(.text))
<BR>[Address Reference Count : 1]<UL><LI> startup_n32g430.o(RESET)
</UL>
<P><STRONG><a name="[17]"></a>DMA_Channel3_IRQHandler</STRONG> (Thumb, 0 bytes, Stack size 0 bytes, startup_n32g430.o(.text))
<BR>[Address Reference Count : 1]<UL><LI> startup_n32g430.o(RESET)
</UL>
<P><STRONG><a name="[18]"></a>DMA_Channel4_IRQHandler</STRONG> (Thumb, 0 bytes, Stack size 0 bytes, startup_n32g430.o(.text))
<BR>[Address Reference Count : 1]<UL><LI> startup_n32g430.o(RESET)
</UL>
<P><STRONG><a name="[19]"></a>DMA_Channel5_IRQHandler</STRONG> (Thumb, 0 bytes, Stack size 0 bytes, startup_n32g430.o(.text))
<BR>[Address Reference Count : 1]<UL><LI> startup_n32g430.o(RESET)
</UL>
<P><STRONG><a name="[1a]"></a>DMA_Channel6_IRQHandler</STRONG> (Thumb, 0 bytes, Stack size 0 bytes, startup_n32g430.o(.text))
<BR>[Address Reference Count : 1]<UL><LI> startup_n32g430.o(RESET)
</UL>
<P><STRONG><a name="[1b]"></a>DMA_Channel7_IRQHandler</STRONG> (Thumb, 0 bytes, Stack size 0 bytes, startup_n32g430.o(.text))
<BR>[Address Reference Count : 1]<UL><LI> startup_n32g430.o(RESET)
</UL>
<P><STRONG><a name="[1c]"></a>DMA_Channel8_IRQHandler</STRONG> (Thumb, 0 bytes, Stack size 0 bytes, startup_n32g430.o(.text))
<BR>[Address Reference Count : 1]<UL><LI> startup_n32g430.o(RESET)
</UL>
<P><STRONG><a name="[10]"></a>EXTI0_IRQHandler</STRONG> (Thumb, 0 bytes, Stack size 0 bytes, startup_n32g430.o(.text))
<BR>[Address Reference Count : 1]<UL><LI> startup_n32g430.o(RESET)
</UL>
<P><STRONG><a name="[31]"></a>EXTI15_10_IRQHandler</STRONG> (Thumb, 0 bytes, Stack size 0 bytes, startup_n32g430.o(.text))
<BR>[Address Reference Count : 1]<UL><LI> startup_n32g430.o(RESET)
</UL>
<P><STRONG><a name="[11]"></a>EXTI1_IRQHandler</STRONG> (Thumb, 0 bytes, Stack size 0 bytes, startup_n32g430.o(.text))
<BR>[Address Reference Count : 1]<UL><LI> startup_n32g430.o(RESET)
</UL>
<P><STRONG><a name="[12]"></a>EXTI2_IRQHandler</STRONG> (Thumb, 0 bytes, Stack size 0 bytes, startup_n32g430.o(.text))
<BR>[Address Reference Count : 1]<UL><LI> startup_n32g430.o(RESET)
</UL>
<P><STRONG><a name="[13]"></a>EXTI3_IRQHandler</STRONG> (Thumb, 0 bytes, Stack size 0 bytes, startup_n32g430.o(.text))
<BR>[Address Reference Count : 1]<UL><LI> startup_n32g430.o(RESET)
</UL>
<P><STRONG><a name="[14]"></a>EXTI4_IRQHandler</STRONG> (Thumb, 0 bytes, Stack size 0 bytes, startup_n32g430.o(.text))
<BR>[Address Reference Count : 1]<UL><LI> startup_n32g430.o(RESET)
</UL>
<P><STRONG><a name="[20]"></a>EXTI9_5_IRQHandler</STRONG> (Thumb, 0 bytes, Stack size 0 bytes, startup_n32g430.o(.text))
<BR>[Address Reference Count : 1]<UL><LI> startup_n32g430.o(RESET)
</UL>
<P><STRONG><a name="[e]"></a>FLASH_IRQHandler</STRONG> (Thumb, 0 bytes, Stack size 0 bytes, startup_n32g430.o(.text))
<BR>[Address Reference Count : 1]<UL><LI> startup_n32g430.o(RESET)
</UL>
<P><STRONG><a name="[29]"></a>I2C1_ER_IRQHandler</STRONG> (Thumb, 0 bytes, Stack size 0 bytes, startup_n32g430.o(.text))
<BR>[Address Reference Count : 1]<UL><LI> startup_n32g430.o(RESET)
</UL>
<P><STRONG><a name="[28]"></a>I2C1_EV_IRQHandler</STRONG> (Thumb, 0 bytes, Stack size 0 bytes, startup_n32g430.o(.text))
<BR>[Address Reference Count : 1]<UL><LI> startup_n32g430.o(RESET)
</UL>
<P><STRONG><a name="[2b]"></a>I2C2_ER_IRQHandler</STRONG> (Thumb, 0 bytes, Stack size 0 bytes, startup_n32g430.o(.text))
<BR>[Address Reference Count : 1]<UL><LI> startup_n32g430.o(RESET)
</UL>
<P><STRONG><a name="[2a]"></a>I2C2_EV_IRQHandler</STRONG> (Thumb, 0 bytes, Stack size 0 bytes, startup_n32g430.o(.text))
<BR>[Address Reference Count : 1]<UL><LI> startup_n32g430.o(RESET)
</UL>
<P><STRONG><a name="[33]"></a>LPTIM_WKUP_IRQHandler</STRONG> (Thumb, 0 bytes, Stack size 0 bytes, startup_n32g430.o(.text))
<BR>[Address Reference Count : 1]<UL><LI> startup_n32g430.o(RESET)
</UL>
<P><STRONG><a name="[1e]"></a>MMU_IRQHandler</STRONG> (Thumb, 0 bytes, Stack size 0 bytes, startup_n32g430.o(.text))
<BR>[Address Reference Count : 1]<UL><LI> startup_n32g430.o(RESET)
</UL>
<P><STRONG><a name="[b]"></a>PVD_IRQHandler</STRONG> (Thumb, 0 bytes, Stack size 0 bytes, startup_n32g430.o(.text))
<BR>[Address Reference Count : 1]<UL><LI> startup_n32g430.o(RESET)
</UL>
<P><STRONG><a name="[f]"></a>RCC_IRQHandler</STRONG> (Thumb, 0 bytes, Stack size 0 bytes, startup_n32g430.o(.text))
<BR>[Address Reference Count : 1]<UL><LI> startup_n32g430.o(RESET)
</UL>
<P><STRONG><a name="[32]"></a>RTCAlarm_IRQHandler</STRONG> (Thumb, 0 bytes, Stack size 0 bytes, startup_n32g430.o(.text))
<BR>[Address Reference Count : 1]<UL><LI> startup_n32g430.o(RESET)
</UL>
<P><STRONG><a name="[c]"></a>RTC_TAMPER_STAMP_IRQHandler</STRONG> (Thumb, 0 bytes, Stack size 0 bytes, startup_n32g430.o(.text))
<BR>[Address Reference Count : 1]<UL><LI> startup_n32g430.o(RESET)
</UL>
<P><STRONG><a name="[d]"></a>RTC_WKUP_IRQHandler</STRONG> (Thumb, 0 bytes, Stack size 0 bytes, startup_n32g430.o(.text))
<BR>[Address Reference Count : 1]<UL><LI> startup_n32g430.o(RESET)
</UL>
<P><STRONG><a name="[2c]"></a>SPI1_IRQHandler</STRONG> (Thumb, 0 bytes, Stack size 0 bytes, startup_n32g430.o(.text))
<BR>[Address Reference Count : 1]<UL><LI> startup_n32g430.o(RESET)
</UL>
<P><STRONG><a name="[2d]"></a>SPI2_IRQHandler</STRONG> (Thumb, 0 bytes, Stack size 0 bytes, startup_n32g430.o(.text))
<BR>[Address Reference Count : 1]<UL><LI> startup_n32g430.o(RESET)
</UL>
<P><STRONG><a name="[21]"></a>TIM1_BRK_IRQHandler</STRONG> (Thumb, 0 bytes, Stack size 0 bytes, startup_n32g430.o(.text))
<BR>[Address Reference Count : 1]<UL><LI> startup_n32g430.o(RESET)
</UL>
<P><STRONG><a name="[24]"></a>TIM1_CC_IRQHandler</STRONG> (Thumb, 0 bytes, Stack size 0 bytes, startup_n32g430.o(.text))
<BR>[Address Reference Count : 1]<UL><LI> startup_n32g430.o(RESET)
</UL>
<P><STRONG><a name="[23]"></a>TIM1_TRG_COM_IRQHandler</STRONG> (Thumb, 0 bytes, Stack size 0 bytes, startup_n32g430.o(.text))
<BR>[Address Reference Count : 1]<UL><LI> startup_n32g430.o(RESET)
</UL>
<P><STRONG><a name="[22]"></a>TIM1_UP_IRQHandler</STRONG> (Thumb, 0 bytes, Stack size 0 bytes, startup_n32g430.o(.text))
<BR>[Address Reference Count : 1]<UL><LI> startup_n32g430.o(RESET)
</UL>
<P><STRONG><a name="[25]"></a>TIM2_IRQHandler</STRONG> (Thumb, 0 bytes, Stack size 0 bytes, startup_n32g430.o(.text))
<BR>[Address Reference Count : 1]<UL><LI> startup_n32g430.o(RESET)
</UL>
<P><STRONG><a name="[26]"></a>TIM3_IRQHandler</STRONG> (Thumb, 0 bytes, Stack size 0 bytes, startup_n32g430.o(.text))
<BR>[Address Reference Count : 1]<UL><LI> startup_n32g430.o(RESET)
</UL>
<P><STRONG><a name="[27]"></a>TIM4_IRQHandler</STRONG> (Thumb, 0 bytes, Stack size 0 bytes, startup_n32g430.o(.text))
<BR>[Address Reference Count : 1]<UL><LI> startup_n32g430.o(RESET)
</UL>
<P><STRONG><a name="[39]"></a>TIM5_IRQHandler</STRONG> (Thumb, 0 bytes, Stack size 0 bytes, startup_n32g430.o(.text))
<BR>[Address Reference Count : 1]<UL><LI> startup_n32g430.o(RESET)
</UL>
<P><STRONG><a name="[34]"></a>TIM8_BRK_IRQHandler</STRONG> (Thumb, 0 bytes, Stack size 0 bytes, startup_n32g430.o(.text))
<BR>[Address Reference Count : 1]<UL><LI> startup_n32g430.o(RESET)
</UL>
<P><STRONG><a name="[37]"></a>TIM8_CC_IRQHandler</STRONG> (Thumb, 0 bytes, Stack size 0 bytes, startup_n32g430.o(.text))
<BR>[Address Reference Count : 1]<UL><LI> startup_n32g430.o(RESET)
</UL>
<P><STRONG><a name="[36]"></a>TIM8_TRG_COM_IRQHandler</STRONG> (Thumb, 0 bytes, Stack size 0 bytes, startup_n32g430.o(.text))
<BR>[Address Reference Count : 1]<UL><LI> startup_n32g430.o(RESET)
</UL>
<P><STRONG><a name="[35]"></a>TIM8_UP_IRQHandler</STRONG> (Thumb, 0 bytes, Stack size 0 bytes, startup_n32g430.o(.text))
<BR>[Address Reference Count : 1]<UL><LI> startup_n32g430.o(RESET)
</UL>
<P><STRONG><a name="[38]"></a>UART4_IRQHandler</STRONG> (Thumb, 0 bytes, Stack size 0 bytes, startup_n32g430.o(.text))
<BR>[Address Reference Count : 1]<UL><LI> startup_n32g430.o(RESET)
</UL>
<P><STRONG><a name="[2f]"></a>USART2_IRQHandler</STRONG> (Thumb, 0 bytes, Stack size 0 bytes, startup_n32g430.o(.text))
<BR>[Address Reference Count : 1]<UL><LI> startup_n32g430.o(RESET)
</UL>
<P><STRONG><a name="[a]"></a>WWDG_IRQHandler</STRONG> (Thumb, 0 bytes, Stack size 0 bytes, startup_n32g430.o(.text))
<BR>[Address Reference Count : 1]<UL><LI> startup_n32g430.o(RESET)
</UL>
<P><STRONG><a name="[4e]"></a>__aeabi_memset</STRONG> (Thumb, 14 bytes, Stack size 0 bytes, memseta.o(.text))
<BR><BR>[Called By]<UL><LI><a href="#[4f]">&gt;&gt;</a>&nbsp;&nbsp;&nbsp;_memset$wrapper
<LI><a href="#[4d]">&gt;&gt;</a>&nbsp;&nbsp;&nbsp;__aeabi_memclr
</UL>

<P><STRONG><a name="[12b]"></a>__aeabi_memset4</STRONG> (Thumb, 0 bytes, Stack size 0 bytes, memseta.o(.text), UNUSED)

<P><STRONG><a name="[12c]"></a>__aeabi_memset8</STRONG> (Thumb, 0 bytes, Stack size 0 bytes, memseta.o(.text), UNUSED)

<P><STRONG><a name="[4d]"></a>__aeabi_memclr</STRONG> (Thumb, 4 bytes, Stack size 0 bytes, memseta.o(.text))
<BR><BR>[Calls]<UL><LI><a href="#[4e]">&gt;&gt;</a>&nbsp;&nbsp;&nbsp;__aeabi_memset
</UL>
<BR>[Called By]<UL><LI><a href="#[105]">&gt;&gt;</a>&nbsp;&nbsp;&nbsp;msp
</UL>

<P><STRONG><a name="[ad]"></a>__aeabi_memclr4</STRONG> (Thumb, 0 bytes, Stack size 0 bytes, memseta.o(.text))
<BR><BR>[Called By]<UL><LI><a href="#[112]">&gt;&gt;</a>&nbsp;&nbsp;&nbsp;opflow_uart_init
<LI><a href="#[ef]">&gt;&gt;</a>&nbsp;&nbsp;&nbsp;iap_for_app_init
<LI><a href="#[c7]">&gt;&gt;</a>&nbsp;&nbsp;&nbsp;debug_uart_init
<LI><a href="#[ac]">&gt;&gt;</a>&nbsp;&nbsp;&nbsp;accgyro_init
</UL>

<P><STRONG><a name="[12d]"></a>__aeabi_memclr8</STRONG> (Thumb, 0 bytes, Stack size 0 bytes, memseta.o(.text), UNUSED)

<P><STRONG><a name="[4f]"></a>_memset$wrapper</STRONG> (Thumb, 18 bytes, Stack size 8 bytes, memseta.o(.text), UNUSED)
<BR><BR>[Calls]<UL><LI><a href="#[4e]">&gt;&gt;</a>&nbsp;&nbsp;&nbsp;__aeabi_memset
</UL>

<P><STRONG><a name="[50]"></a>__aeabi_dmul</STRONG> (Thumb, 228 bytes, Stack size 48 bytes, dmul.o(.text))
<BR><BR>[Stack]<UL><LI>Max Depth = 88<LI>Call Chain = __aeabi_dmul &rArr; _double_epilogue &rArr; _double_round
</UL>
<BR>[Calls]<UL><LI><a href="#[51]">&gt;&gt;</a>&nbsp;&nbsp;&nbsp;_double_epilogue
</UL>
<BR>[Called By]<UL><LI><a href="#[113]">&gt;&gt;</a>&nbsp;&nbsp;&nbsp;opticalflow_update
<LI><a href="#[bb]">&gt;&gt;</a>&nbsp;&nbsp;&nbsp;getEstimatedAltitude
<LI><a href="#[ce]">&gt;&gt;</a>&nbsp;&nbsp;&nbsp;imuCalculateEstimatedAttitude
<LI><a href="#[cc]">&gt;&gt;</a>&nbsp;&nbsp;&nbsp;flight_ctrl
<LI><a href="#[a5]">&gt;&gt;</a>&nbsp;&nbsp;&nbsp;_fp_digits
</UL>

<P><STRONG><a name="[52]"></a>__aeabi_ui2d</STRONG> (Thumb, 26 bytes, Stack size 16 bytes, dfltui.o(.text))
<BR><BR>[Stack]<UL><LI>Max Depth = 56<LI>Call Chain = __aeabi_ui2d &rArr; _double_epilogue &rArr; _double_round
</UL>
<BR>[Calls]<UL><LI><a href="#[51]">&gt;&gt;</a>&nbsp;&nbsp;&nbsp;_double_epilogue
</UL>
<BR>[Called By]<UL><LI><a href="#[113]">&gt;&gt;</a>&nbsp;&nbsp;&nbsp;opticalflow_update
<LI><a href="#[bb]">&gt;&gt;</a>&nbsp;&nbsp;&nbsp;getEstimatedAltitude
<LI><a href="#[ce]">&gt;&gt;</a>&nbsp;&nbsp;&nbsp;imuCalculateEstimatedAttitude
<LI><a href="#[cc]">&gt;&gt;</a>&nbsp;&nbsp;&nbsp;flight_ctrl
</UL>

<P><STRONG><a name="[116]"></a>__aeabi_f2d</STRONG> (Thumb, 38 bytes, Stack size 0 bytes, f2d.o(.text))
<BR><BR>[Called By]<UL><LI><a href="#[113]">&gt;&gt;</a>&nbsp;&nbsp;&nbsp;opticalflow_update
</UL>

<P><STRONG><a name="[53]"></a>__aeabi_d2f</STRONG> (Thumb, 56 bytes, Stack size 8 bytes, d2f.o(.text))
<BR><BR>[Stack]<UL><LI>Max Depth = 8<LI>Call Chain = __aeabi_d2f
</UL>
<BR>[Calls]<UL><LI><a href="#[54]">&gt;&gt;</a>&nbsp;&nbsp;&nbsp;_float_round
</UL>
<BR>[Called By]<UL><LI><a href="#[113]">&gt;&gt;</a>&nbsp;&nbsp;&nbsp;opticalflow_update
<LI><a href="#[bb]">&gt;&gt;</a>&nbsp;&nbsp;&nbsp;getEstimatedAltitude
<LI><a href="#[ce]">&gt;&gt;</a>&nbsp;&nbsp;&nbsp;imuCalculateEstimatedAttitude
<LI><a href="#[cc]">&gt;&gt;</a>&nbsp;&nbsp;&nbsp;flight_ctrl
</UL>

<P><STRONG><a name="[12e]"></a>__aeabi_uidiv</STRONG> (Thumb, 0 bytes, Stack size 12 bytes, uidiv.o(.text), UNUSED)

<P><STRONG><a name="[a9]"></a>__aeabi_uidivmod</STRONG> (Thumb, 44 bytes, Stack size 12 bytes, uidiv.o(.text), UNUSED)
<BR><BR>[Called By]<UL><LI><a href="#[94]">&gt;&gt;</a>&nbsp;&nbsp;&nbsp;_printf_core
</UL>

<P><STRONG><a name="[55]"></a>__aeabi_uldivmod</STRONG> (Thumb, 98 bytes, Stack size 40 bytes, uldiv.o(.text), UNUSED)
<BR><BR>[Calls]<UL><LI><a href="#[56]">&gt;&gt;</a>&nbsp;&nbsp;&nbsp;__aeabi_llsr
<LI><a href="#[57]">&gt;&gt;</a>&nbsp;&nbsp;&nbsp;__aeabi_llsl
</UL>
<BR>[Called By]<UL><LI><a href="#[94]">&gt;&gt;</a>&nbsp;&nbsp;&nbsp;_printf_core
<LI><a href="#[a5]">&gt;&gt;</a>&nbsp;&nbsp;&nbsp;_fp_digits
</UL>

<P><STRONG><a name="[12f]"></a>__I$use$fp</STRONG> (Thumb, 0 bytes, Stack size 0 bytes, iusefp.o(.text), UNUSED)

<P><STRONG><a name="[54]"></a>_float_round</STRONG> (Thumb, 18 bytes, Stack size 0 bytes, fepilogue.o(.text))
<BR><BR>[Called By]<UL><LI><a href="#[53]">&gt;&gt;</a>&nbsp;&nbsp;&nbsp;__aeabi_d2f
<LI><a href="#[58]">&gt;&gt;</a>&nbsp;&nbsp;&nbsp;_frnd
<LI><a href="#[60]">&gt;&gt;</a>&nbsp;&nbsp;&nbsp;_ffix_r
</UL>

<P><STRONG><a name="[130]"></a>_float_epilogue</STRONG> (Thumb, 92 bytes, Stack size 4 bytes, fepilogue.o(.text), UNUSED)

<P><STRONG><a name="[58]"></a>_frnd</STRONG> (Thumb, 60 bytes, Stack size 8 bytes, frnd.o(.text))
<BR><BR>[Stack]<UL><LI>Max Depth = 8<LI>Call Chain = _frnd
</UL>
<BR>[Calls]<UL><LI><a href="#[54]">&gt;&gt;</a>&nbsp;&nbsp;&nbsp;_float_round
</UL>
<BR>[Called By]<UL><LI><a href="#[9e]">&gt;&gt;</a>&nbsp;&nbsp;&nbsp;__hardfp_lrintf
</UL>

<P><STRONG><a name="[59]"></a>_double_round</STRONG> (Thumb, 30 bytes, Stack size 8 bytes, depilogue.o(.text))
<BR><BR>[Stack]<UL><LI>Max Depth = 8<LI>Call Chain = _double_round
</UL>
<BR>[Called By]<UL><LI><a href="#[51]">&gt;&gt;</a>&nbsp;&nbsp;&nbsp;_double_epilogue
<LI><a href="#[5e]">&gt;&gt;</a>&nbsp;&nbsp;&nbsp;__aeabi_ddiv
<LI><a href="#[5a]">&gt;&gt;</a>&nbsp;&nbsp;&nbsp;__aeabi_dadd
</UL>

<P><STRONG><a name="[51]"></a>_double_epilogue</STRONG> (Thumb, 156 bytes, Stack size 32 bytes, depilogue.o(.text))
<BR><BR>[Stack]<UL><LI>Max Depth = 40<LI>Call Chain = _double_epilogue &rArr; _double_round
</UL>
<BR>[Calls]<UL><LI><a href="#[56]">&gt;&gt;</a>&nbsp;&nbsp;&nbsp;__aeabi_llsr
<LI><a href="#[57]">&gt;&gt;</a>&nbsp;&nbsp;&nbsp;__aeabi_llsl
<LI><a href="#[59]">&gt;&gt;</a>&nbsp;&nbsp;&nbsp;_double_round
</UL>
<BR>[Called By]<UL><LI><a href="#[52]">&gt;&gt;</a>&nbsp;&nbsp;&nbsp;__aeabi_ui2d
<LI><a href="#[50]">&gt;&gt;</a>&nbsp;&nbsp;&nbsp;__aeabi_dmul
<LI><a href="#[5a]">&gt;&gt;</a>&nbsp;&nbsp;&nbsp;__aeabi_dadd
</UL>

<P><STRONG><a name="[5a]"></a>__aeabi_dadd</STRONG> (Thumb, 322 bytes, Stack size 48 bytes, dadd.o(.text), UNUSED)
<BR><BR>[Calls]<UL><LI><a href="#[5b]">&gt;&gt;</a>&nbsp;&nbsp;&nbsp;__aeabi_lasr
<LI><a href="#[57]">&gt;&gt;</a>&nbsp;&nbsp;&nbsp;__aeabi_llsl
<LI><a href="#[59]">&gt;&gt;</a>&nbsp;&nbsp;&nbsp;_double_round
<LI><a href="#[51]">&gt;&gt;</a>&nbsp;&nbsp;&nbsp;_double_epilogue
</UL>
<BR>[Called By]<UL><LI><a href="#[a5]">&gt;&gt;</a>&nbsp;&nbsp;&nbsp;_fp_digits
<LI><a href="#[5d]">&gt;&gt;</a>&nbsp;&nbsp;&nbsp;__aeabi_drsub
<LI><a href="#[5c]">&gt;&gt;</a>&nbsp;&nbsp;&nbsp;__aeabi_dsub
</UL>

<P><STRONG><a name="[5c]"></a>__aeabi_dsub</STRONG> (Thumb, 6 bytes, Stack size 0 bytes, dadd.o(.text), UNUSED)
<BR><BR>[Calls]<UL><LI><a href="#[5a]">&gt;&gt;</a>&nbsp;&nbsp;&nbsp;__aeabi_dadd
</UL>

<P><STRONG><a name="[5d]"></a>__aeabi_drsub</STRONG> (Thumb, 6 bytes, Stack size 0 bytes, dadd.o(.text), UNUSED)
<BR><BR>[Calls]<UL><LI><a href="#[5a]">&gt;&gt;</a>&nbsp;&nbsp;&nbsp;__aeabi_dadd
</UL>

<P><STRONG><a name="[5e]"></a>__aeabi_ddiv</STRONG> (Thumb, 222 bytes, Stack size 32 bytes, ddiv.o(.text), UNUSED)
<BR><BR>[Calls]<UL><LI><a href="#[59]">&gt;&gt;</a>&nbsp;&nbsp;&nbsp;_double_round
</UL>
<BR>[Called By]<UL><LI><a href="#[a5]">&gt;&gt;</a>&nbsp;&nbsp;&nbsp;_fp_digits
</UL>

<P><STRONG><a name="[5f]"></a>__aeabi_d2ulz</STRONG> (Thumb, 48 bytes, Stack size 0 bytes, dfixul.o(.text), UNUSED)
<BR><BR>[Calls]<UL><LI><a href="#[56]">&gt;&gt;</a>&nbsp;&nbsp;&nbsp;__aeabi_llsr
<LI><a href="#[57]">&gt;&gt;</a>&nbsp;&nbsp;&nbsp;__aeabi_llsl
</UL>
<BR>[Called By]<UL><LI><a href="#[a5]">&gt;&gt;</a>&nbsp;&nbsp;&nbsp;_fp_digits
</UL>

<P><STRONG><a name="[60]"></a>_ffix_r</STRONG> (Thumb, 76 bytes, Stack size 8 bytes, ffixir.o(.text))
<BR><BR>[Stack]<UL><LI>Max Depth = 8<LI>Call Chain = _ffix_r
</UL>
<BR>[Calls]<UL><LI><a href="#[54]">&gt;&gt;</a>&nbsp;&nbsp;&nbsp;_float_round
</UL>
<BR>[Called By]<UL><LI><a href="#[9e]">&gt;&gt;</a>&nbsp;&nbsp;&nbsp;__hardfp_lrintf
</UL>

<P><STRONG><a name="[a6]"></a>__aeabi_cdrcmple</STRONG> (Thumb, 48 bytes, Stack size 0 bytes, cdrcmple.o(.text), UNUSED)
<BR><BR>[Called By]<UL><LI><a href="#[a5]">&gt;&gt;</a>&nbsp;&nbsp;&nbsp;_fp_digits
</UL>

<P><STRONG><a name="[131]"></a>__fp_status</STRONG> (Thumb, 4 bytes, Stack size 0 bytes, fpstat.o(.text), UNUSED)

<P><STRONG><a name="[a0]"></a>__ieee_status</STRONG> (Thumb, 0 bytes, Stack size 0 bytes, fpstat.o(.text))
<BR><BR>[Called By]<UL><LI><a href="#[9f]">&gt;&gt;</a>&nbsp;&nbsp;&nbsp;__hardfp_powf
</UL>

<P><STRONG><a name="[4c]"></a>__scatterload</STRONG> (Thumb, 28 bytes, Stack size 0 bytes, init.o(.text))
<BR><BR>[Calls]<UL><LI><a href="#[61]">&gt;&gt;</a>&nbsp;&nbsp;&nbsp;__main_after_scatterload
</UL>
<BR>[Called By]<UL><LI><a href="#[4b]">&gt;&gt;</a>&nbsp;&nbsp;&nbsp;_main_scatterload
</UL>

<P><STRONG><a name="[132]"></a>__scatterload_rt2</STRONG> (Thumb, 0 bytes, Stack size 0 bytes, init.o(.text), UNUSED)

<P><STRONG><a name="[57]"></a>__aeabi_llsl</STRONG> (Thumb, 30 bytes, Stack size 0 bytes, llshl.o(.text))
<BR><BR>[Called By]<UL><LI><a href="#[55]">&gt;&gt;</a>&nbsp;&nbsp;&nbsp;__aeabi_uldivmod
<LI><a href="#[51]">&gt;&gt;</a>&nbsp;&nbsp;&nbsp;_double_epilogue
<LI><a href="#[5a]">&gt;&gt;</a>&nbsp;&nbsp;&nbsp;__aeabi_dadd
<LI><a href="#[5f]">&gt;&gt;</a>&nbsp;&nbsp;&nbsp;__aeabi_d2ulz
</UL>

<P><STRONG><a name="[133]"></a>_ll_shift_l</STRONG> (Thumb, 0 bytes, Stack size 0 bytes, llshl.o(.text), UNUSED)

<P><STRONG><a name="[56]"></a>__aeabi_llsr</STRONG> (Thumb, 32 bytes, Stack size 0 bytes, llushr.o(.text))
<BR><BR>[Called By]<UL><LI><a href="#[55]">&gt;&gt;</a>&nbsp;&nbsp;&nbsp;__aeabi_uldivmod
<LI><a href="#[51]">&gt;&gt;</a>&nbsp;&nbsp;&nbsp;_double_epilogue
<LI><a href="#[5f]">&gt;&gt;</a>&nbsp;&nbsp;&nbsp;__aeabi_d2ulz
</UL>

<P><STRONG><a name="[134]"></a>_ll_ushift_r</STRONG> (Thumb, 0 bytes, Stack size 0 bytes, llushr.o(.text), UNUSED)

<P><STRONG><a name="[5b]"></a>__aeabi_lasr</STRONG> (Thumb, 36 bytes, Stack size 0 bytes, llsshr.o(.text), UNUSED)
<BR><BR>[Called By]<UL><LI><a href="#[5a]">&gt;&gt;</a>&nbsp;&nbsp;&nbsp;__aeabi_dadd
</UL>

<P><STRONG><a name="[135]"></a>_ll_sshift_r</STRONG> (Thumb, 0 bytes, Stack size 0 bytes, llsshr.o(.text), UNUSED)

<P><STRONG><a name="[136]"></a>__decompress</STRONG> (Thumb, 0 bytes, Stack size unknown bytes, __dczerorl2.o(.text), UNUSED)

<P><STRONG><a name="[137]"></a>__decompress1</STRONG> (Thumb, 86 bytes, Stack size unknown bytes, __dczerorl2.o(.text), UNUSED)

<P><STRONG><a name="[65]"></a>FLASH_Flag_Status_Clear</STRONG> (Thumb, 12 bytes, Stack size 0 bytes, n32g430_flash.o(i.FLASH_Flag_Status_Clear))
<BR><BR>[Called By]<UL><LI><a href="#[66]">&gt;&gt;</a>&nbsp;&nbsp;&nbsp;FLASH_Word_Program
<LI><a href="#[64]">&gt;&gt;</a>&nbsp;&nbsp;&nbsp;FLASH_One_Page_Erase
</UL>

<P><STRONG><a name="[62]"></a>FLASH_Last_Operation_Wait</STRONG> (Thumb, 38 bytes, Stack size 4 bytes, n32g430_flash.o(i.FLASH_Last_Operation_Wait))
<BR><BR>[Stack]<UL><LI>Max Depth = 4<LI>Call Chain = FLASH_Last_Operation_Wait
</UL>
<BR>[Calls]<UL><LI><a href="#[63]">&gt;&gt;</a>&nbsp;&nbsp;&nbsp;FLASH_Status_Get
</UL>
<BR>[Called By]<UL><LI><a href="#[66]">&gt;&gt;</a>&nbsp;&nbsp;&nbsp;FLASH_Word_Program
<LI><a href="#[64]">&gt;&gt;</a>&nbsp;&nbsp;&nbsp;FLASH_One_Page_Erase
</UL>

<P><STRONG><a name="[c0]"></a>FLASH_Lock</STRONG> (Thumb, 14 bytes, Stack size 0 bytes, n32g430_flash.o(i.FLASH_Lock))
<BR><BR>[Called By]<UL><LI><a href="#[ab]">&gt;&gt;</a>&nbsp;&nbsp;&nbsp;cfg_save_temp
<LI><a href="#[be]">&gt;&gt;</a>&nbsp;&nbsp;&nbsp;app_flag_write
</UL>

<P><STRONG><a name="[64]"></a>FLASH_One_Page_Erase</STRONG> (Thumb, 76 bytes, Stack size 12 bytes, n32g430_flash.o(i.FLASH_One_Page_Erase))
<BR><BR>[Stack]<UL><LI>Max Depth = 16<LI>Call Chain = FLASH_One_Page_Erase &rArr; FLASH_Last_Operation_Wait
</UL>
<BR>[Calls]<UL><LI><a href="#[62]">&gt;&gt;</a>&nbsp;&nbsp;&nbsp;FLASH_Last_Operation_Wait
<LI><a href="#[65]">&gt;&gt;</a>&nbsp;&nbsp;&nbsp;FLASH_Flag_Status_Clear
</UL>
<BR>[Called By]<UL><LI><a href="#[ab]">&gt;&gt;</a>&nbsp;&nbsp;&nbsp;cfg_save_temp
<LI><a href="#[be]">&gt;&gt;</a>&nbsp;&nbsp;&nbsp;app_flag_write
</UL>

<P><STRONG><a name="[c6]"></a>FLASH_ReadWord</STRONG> (Thumb, 6 bytes, Stack size 0 bytes, iap.o(i.FLASH_ReadWord))
<BR><BR>[Called By]<UL><LI><a href="#[c5]">&gt;&gt;</a>&nbsp;&nbsp;&nbsp;cfg_init_temp
<LI><a href="#[ef]">&gt;&gt;</a>&nbsp;&nbsp;&nbsp;iap_for_app_init
</UL>

<P><STRONG><a name="[63]"></a>FLASH_Status_Get</STRONG> (Thumb, 48 bytes, Stack size 0 bytes, n32g430_flash.o(i.FLASH_Status_Get))
<BR><BR>[Called By]<UL><LI><a href="#[62]">&gt;&gt;</a>&nbsp;&nbsp;&nbsp;FLASH_Last_Operation_Wait
</UL>

<P><STRONG><a name="[bf]"></a>FLASH_Unlock</STRONG> (Thumb, 12 bytes, Stack size 0 bytes, n32g430_flash.o(i.FLASH_Unlock))
<BR><BR>[Called By]<UL><LI><a href="#[ab]">&gt;&gt;</a>&nbsp;&nbsp;&nbsp;cfg_save_temp
<LI><a href="#[be]">&gt;&gt;</a>&nbsp;&nbsp;&nbsp;app_flag_write
</UL>

<P><STRONG><a name="[66]"></a>FLASH_Word_Program</STRONG> (Thumb, 76 bytes, Stack size 16 bytes, n32g430_flash.o(i.FLASH_Word_Program))
<BR><BR>[Stack]<UL><LI>Max Depth = 20<LI>Call Chain = FLASH_Word_Program &rArr; FLASH_Last_Operation_Wait
</UL>
<BR>[Calls]<UL><LI><a href="#[62]">&gt;&gt;</a>&nbsp;&nbsp;&nbsp;FLASH_Last_Operation_Wait
<LI><a href="#[65]">&gt;&gt;</a>&nbsp;&nbsp;&nbsp;FLASH_Flag_Status_Clear
</UL>
<BR>[Called By]<UL><LI><a href="#[ab]">&gt;&gt;</a>&nbsp;&nbsp;&nbsp;cfg_save_temp
<LI><a href="#[be]">&gt;&gt;</a>&nbsp;&nbsp;&nbsp;app_flag_write
</UL>

<P><STRONG><a name="[68]"></a>GPIO_Alternate_Set</STRONG> (Thumb, 64 bytes, Stack size 12 bytes, n32g430_gpio.o(i.GPIO_Alternate_Set))
<BR><BR>[Stack]<UL><LI>Max Depth = 12<LI>Call Chain = GPIO_Alternate_Set
</UL>
<BR>[Called By]<UL><LI><a href="#[67]">&gt;&gt;</a>&nbsp;&nbsp;&nbsp;GPIO_Peripheral_Initialize
</UL>

<P><STRONG><a name="[6c]"></a>GPIO_Driver_Set</STRONG> (Thumb, 28 bytes, Stack size 12 bytes, n32g430_gpio.o(i.GPIO_Driver_Set))
<BR><BR>[Stack]<UL><LI>Max Depth = 12<LI>Call Chain = GPIO_Driver_Set
</UL>
<BR>[Called By]<UL><LI><a href="#[67]">&gt;&gt;</a>&nbsp;&nbsp;&nbsp;GPIO_Peripheral_Initialize
</UL>

<P><STRONG><a name="[69]"></a>GPIO_Mode_Set</STRONG> (Thumb, 68 bytes, Stack size 16 bytes, n32g430_gpio.o(i.GPIO_Mode_Set))
<BR><BR>[Stack]<UL><LI>Max Depth = 16<LI>Call Chain = GPIO_Mode_Set
</UL>
<BR>[Called By]<UL><LI><a href="#[67]">&gt;&gt;</a>&nbsp;&nbsp;&nbsp;GPIO_Peripheral_Initialize
<LI><a href="#[e1]">&gt;&gt;</a>&nbsp;&nbsp;&nbsp;hw_soft_i2c_sda_output
<LI><a href="#[e0]">&gt;&gt;</a>&nbsp;&nbsp;&nbsp;hw_soft_i2c_sda_input
</UL>

<P><STRONG><a name="[67]"></a>GPIO_Peripheral_Initialize</STRONG> (Thumb, 86 bytes, Stack size 20 bytes, n32g430_gpio.o(i.GPIO_Peripheral_Initialize))
<BR><BR>[Stack]<UL><LI>Max Depth = 36<LI>Call Chain = GPIO_Peripheral_Initialize &rArr; GPIO_Mode_Set
</UL>
<BR>[Calls]<UL><LI><a href="#[6b]">&gt;&gt;</a>&nbsp;&nbsp;&nbsp;GPIO_SlewRate_Set
<LI><a href="#[6a]">&gt;&gt;</a>&nbsp;&nbsp;&nbsp;GPIO_Pull_Set
<LI><a href="#[69]">&gt;&gt;</a>&nbsp;&nbsp;&nbsp;GPIO_Mode_Set
<LI><a href="#[6c]">&gt;&gt;</a>&nbsp;&nbsp;&nbsp;GPIO_Driver_Set
<LI><a href="#[68]">&gt;&gt;</a>&nbsp;&nbsp;&nbsp;GPIO_Alternate_Set
</UL>
<BR>[Called By]<UL><LI><a href="#[e2]">&gt;&gt;</a>&nbsp;&nbsp;&nbsp;hw_tim3_init
<LI><a href="#[df]">&gt;&gt;</a>&nbsp;&nbsp;&nbsp;hw_soft_i2c_init
<LI><a href="#[de]">&gt;&gt;</a>&nbsp;&nbsp;&nbsp;hw_opticalflow_uart_init
<LI><a href="#[c8]">&gt;&gt;</a>&nbsp;&nbsp;&nbsp;hw_debug_uart_init
<LI><a href="#[dd]">&gt;&gt;</a>&nbsp;&nbsp;&nbsp;hw_led_initialize
</UL>

<P><STRONG><a name="[6a]"></a>GPIO_Pull_Set</STRONG> (Thumb, 28 bytes, Stack size 12 bytes, n32g430_gpio.o(i.GPIO_Pull_Set))
<BR><BR>[Stack]<UL><LI>Max Depth = 12<LI>Call Chain = GPIO_Pull_Set
</UL>
<BR>[Called By]<UL><LI><a href="#[67]">&gt;&gt;</a>&nbsp;&nbsp;&nbsp;GPIO_Peripheral_Initialize
</UL>

<P><STRONG><a name="[6b]"></a>GPIO_SlewRate_Set</STRONG> (Thumb, 24 bytes, Stack size 8 bytes, n32g430_gpio.o(i.GPIO_SlewRate_Set))
<BR><BR>[Stack]<UL><LI>Max Depth = 8<LI>Call Chain = GPIO_SlewRate_Set
</UL>
<BR>[Called By]<UL><LI><a href="#[67]">&gt;&gt;</a>&nbsp;&nbsp;&nbsp;GPIO_Peripheral_Initialize
</UL>

<P><STRONG><a name="[d9]"></a>GPIO_Structure_Initialize</STRONG> (Thumb, 24 bytes, Stack size 0 bytes, n32g430_gpio.o(i.GPIO_Structure_Initialize))
<BR><BR>[Called By]<UL><LI><a href="#[e2]">&gt;&gt;</a>&nbsp;&nbsp;&nbsp;hw_tim3_init
<LI><a href="#[df]">&gt;&gt;</a>&nbsp;&nbsp;&nbsp;hw_soft_i2c_init
<LI><a href="#[de]">&gt;&gt;</a>&nbsp;&nbsp;&nbsp;hw_opticalflow_uart_init
<LI><a href="#[c8]">&gt;&gt;</a>&nbsp;&nbsp;&nbsp;hw_debug_uart_init
<LI><a href="#[dd]">&gt;&gt;</a>&nbsp;&nbsp;&nbsp;hw_led_initialize
</UL>

<P><STRONG><a name="[da]"></a>NVIC_Initializes</STRONG> (Thumb, 100 bytes, Stack size 16 bytes, misc.o(i.NVIC_Initializes))
<BR><BR>[Stack]<UL><LI>Max Depth = 16<LI>Call Chain = NVIC_Initializes
</UL>
<BR>[Called By]<UL><LI><a href="#[de]">&gt;&gt;</a>&nbsp;&nbsp;&nbsp;hw_opticalflow_uart_init
<LI><a href="#[c8]">&gt;&gt;</a>&nbsp;&nbsp;&nbsp;hw_debug_uart_init
<LI><a href="#[e8]">&gt;&gt;</a>&nbsp;&nbsp;&nbsp;hw_tim6_init
</UL>

<P><STRONG><a name="[d7]"></a>RCC_AHB_Peripheral_Clock_Enable</STRONG> (Thumb, 12 bytes, Stack size 0 bytes, n32g430_rcc.o(i.RCC_AHB_Peripheral_Clock_Enable))
<BR><BR>[Called By]<UL><LI><a href="#[df]">&gt;&gt;</a>&nbsp;&nbsp;&nbsp;hw_soft_i2c_init
<LI><a href="#[de]">&gt;&gt;</a>&nbsp;&nbsp;&nbsp;hw_opticalflow_uart_init
<LI><a href="#[c8]">&gt;&gt;</a>&nbsp;&nbsp;&nbsp;hw_debug_uart_init
<LI><a href="#[dd]">&gt;&gt;</a>&nbsp;&nbsp;&nbsp;hw_led_initialize
</UL>

<P><STRONG><a name="[e3]"></a>RCC_APB1_Peripheral_Clock_Enable</STRONG> (Thumb, 12 bytes, Stack size 0 bytes, n32g430_rcc.o(i.RCC_APB1_Peripheral_Clock_Enable))
<BR><BR>[Called By]<UL><LI><a href="#[e2]">&gt;&gt;</a>&nbsp;&nbsp;&nbsp;hw_tim3_init
<LI><a href="#[e8]">&gt;&gt;</a>&nbsp;&nbsp;&nbsp;hw_tim6_init
<LI><a href="#[e7]">&gt;&gt;</a>&nbsp;&nbsp;&nbsp;hw_tim4_init
</UL>

<P><STRONG><a name="[d8]"></a>RCC_APB2_Peripheral_Clock_Enable</STRONG> (Thumb, 12 bytes, Stack size 0 bytes, n32g430_rcc.o(i.RCC_APB2_Peripheral_Clock_Enable))
<BR><BR>[Called By]<UL><LI><a href="#[e2]">&gt;&gt;</a>&nbsp;&nbsp;&nbsp;hw_tim3_init
<LI><a href="#[de]">&gt;&gt;</a>&nbsp;&nbsp;&nbsp;hw_opticalflow_uart_init
<LI><a href="#[c8]">&gt;&gt;</a>&nbsp;&nbsp;&nbsp;hw_debug_uart_init
</UL>

<P><STRONG><a name="[8c]"></a>RCC_Clocks_Frequencies_Value_Get</STRONG> (Thumb, 250 bytes, Stack size 20 bytes, n32g430_rcc.o(i.RCC_Clocks_Frequencies_Value_Get))
<BR><BR>[Stack]<UL><LI>Max Depth = 20<LI>Call Chain = RCC_Clocks_Frequencies_Value_Get
</UL>
<BR>[Called By]<UL><LI><a href="#[8b]">&gt;&gt;</a>&nbsp;&nbsp;&nbsp;USART_Baud_Rate_Config
</UL>

<P><STRONG><a name="[40]"></a>System_Initializes</STRONG> (Thumb, 142 bytes, Stack size 8 bytes, system_n32g430.o(i.System_Initializes))
<BR><BR>[Stack]<UL><LI>Max Depth = 28<LI>Call Chain = System_Initializes &rArr; System_Clock_Set
</UL>
<BR>[Calls]<UL><LI><a href="#[6d]">&gt;&gt;</a>&nbsp;&nbsp;&nbsp;System_Clock_Set
</UL>
<BR>[Address Reference Count : 1]<UL><LI> startup_n32g430.o(.text)
</UL>
<P><STRONG><a name="[3a]"></a>TIM6_IRQHandler</STRONG> (Thumb, 28 bytes, Stack size 8 bytes, hw_timer.o(i.TIM6_IRQHandler))
<BR><BR>[Stack]<UL><LI>Max Depth = 16<LI>Call Chain = TIM6_IRQHandler &rArr; TIM_Interrupt_Status_Get
</UL>
<BR>[Calls]<UL><LI><a href="#[6e]">&gt;&gt;</a>&nbsp;&nbsp;&nbsp;TIM_Interrupt_Status_Get
<LI><a href="#[6f]">&gt;&gt;</a>&nbsp;&nbsp;&nbsp;TIM_Interrupt_Status_Clear
</UL>
<BR>[Address Reference Count : 1]<UL><LI> startup_n32g430.o(RESET)
</UL>
<P><STRONG><a name="[73]"></a>TIM_Base_Auto_Reload_Set</STRONG> (Thumb, 4 bytes, Stack size 0 bytes, n32g430_tim.o(i.TIM_Base_Auto_Reload_Set))
<BR><BR>[Called By]<UL><LI><a href="#[70]">&gt;&gt;</a>&nbsp;&nbsp;&nbsp;TIM_Base_Initialize
</UL>

<P><STRONG><a name="[77]"></a>TIM_Base_Channel1</STRONG> (Thumb, 22 bytes, Stack size 0 bytes, n32g430_tim.o(i.TIM_Base_Channel1))
<BR><BR>[Called By]<UL><LI><a href="#[70]">&gt;&gt;</a>&nbsp;&nbsp;&nbsp;TIM_Base_Initialize
</UL>

<P><STRONG><a name="[79]"></a>TIM_Base_Channel2</STRONG> (Thumb, 22 bytes, Stack size 0 bytes, n32g430_tim.o(i.TIM_Base_Channel2))
<BR><BR>[Called By]<UL><LI><a href="#[70]">&gt;&gt;</a>&nbsp;&nbsp;&nbsp;TIM_Base_Initialize
</UL>

<P><STRONG><a name="[7a]"></a>TIM_Base_Channel3</STRONG> (Thumb, 22 bytes, Stack size 0 bytes, n32g430_tim.o(i.TIM_Base_Channel3))
<BR><BR>[Called By]<UL><LI><a href="#[70]">&gt;&gt;</a>&nbsp;&nbsp;&nbsp;TIM_Base_Initialize
</UL>

<P><STRONG><a name="[7b]"></a>TIM_Base_Channel4</STRONG> (Thumb, 22 bytes, Stack size 0 bytes, n32g430_tim.o(i.TIM_Base_Channel4))
<BR><BR>[Called By]<UL><LI><a href="#[70]">&gt;&gt;</a>&nbsp;&nbsp;&nbsp;TIM_Base_Initialize
</UL>

<P><STRONG><a name="[107]"></a>TIM_Base_Count_Get</STRONG> (Thumb, 6 bytes, Stack size 0 bytes, n32g430_tim.o(i.TIM_Base_Count_Get))
<BR><BR>[Called By]<UL><LI><a href="#[cd]">&gt;&gt;</a>&nbsp;&nbsp;&nbsp;micros16
</UL>

<P><STRONG><a name="[71]"></a>TIM_Base_Count_Mode_Set</STRONG> (Thumb, 16 bytes, Stack size 0 bytes, n32g430_tim.o(i.TIM_Base_Count_Mode_Set))
<BR><BR>[Called By]<UL><LI><a href="#[70]">&gt;&gt;</a>&nbsp;&nbsp;&nbsp;TIM_Base_Initialize
</UL>

<P><STRONG><a name="[70]"></a>TIM_Base_Initialize</STRONG> (Thumb, 156 bytes, Stack size 12 bytes, n32g430_tim.o(i.TIM_Base_Initialize))
<BR><BR>[Stack]<UL><LI>Max Depth = 12<LI>Call Chain = TIM_Base_Initialize
</UL>
<BR>[Calls]<UL><LI><a href="#[72]">&gt;&gt;</a>&nbsp;&nbsp;&nbsp;TIM_Clock_Division_Set
<LI><a href="#[75]">&gt;&gt;</a>&nbsp;&nbsp;&nbsp;TIM_Base_Repeat_Count_Set
<LI><a href="#[76]">&gt;&gt;</a>&nbsp;&nbsp;&nbsp;TIM_Base_Reload_Mode_Set
<LI><a href="#[74]">&gt;&gt;</a>&nbsp;&nbsp;&nbsp;TIM_Base_Prescaler_Set
<LI><a href="#[78]">&gt;&gt;</a>&nbsp;&nbsp;&nbsp;TIM_Base_OCrefClear
<LI><a href="#[71]">&gt;&gt;</a>&nbsp;&nbsp;&nbsp;TIM_Base_Count_Mode_Set
<LI><a href="#[7b]">&gt;&gt;</a>&nbsp;&nbsp;&nbsp;TIM_Base_Channel4
<LI><a href="#[7a]">&gt;&gt;</a>&nbsp;&nbsp;&nbsp;TIM_Base_Channel3
<LI><a href="#[79]">&gt;&gt;</a>&nbsp;&nbsp;&nbsp;TIM_Base_Channel2
<LI><a href="#[77]">&gt;&gt;</a>&nbsp;&nbsp;&nbsp;TIM_Base_Channel1
<LI><a href="#[73]">&gt;&gt;</a>&nbsp;&nbsp;&nbsp;TIM_Base_Auto_Reload_Set
</UL>
<BR>[Called By]<UL><LI><a href="#[e2]">&gt;&gt;</a>&nbsp;&nbsp;&nbsp;hw_tim3_init
<LI><a href="#[e8]">&gt;&gt;</a>&nbsp;&nbsp;&nbsp;hw_tim6_init
<LI><a href="#[e7]">&gt;&gt;</a>&nbsp;&nbsp;&nbsp;hw_tim4_init
</UL>

<P><STRONG><a name="[78]"></a>TIM_Base_OCrefClear</STRONG> (Thumb, 22 bytes, Stack size 0 bytes, n32g430_tim.o(i.TIM_Base_OCrefClear))
<BR><BR>[Called By]<UL><LI><a href="#[70]">&gt;&gt;</a>&nbsp;&nbsp;&nbsp;TIM_Base_Initialize
</UL>

<P><STRONG><a name="[74]"></a>TIM_Base_Prescaler_Set</STRONG> (Thumb, 4 bytes, Stack size 0 bytes, n32g430_tim.o(i.TIM_Base_Prescaler_Set))
<BR><BR>[Called By]<UL><LI><a href="#[70]">&gt;&gt;</a>&nbsp;&nbsp;&nbsp;TIM_Base_Initialize
</UL>

<P><STRONG><a name="[76]"></a>TIM_Base_Reload_Mode_Set</STRONG> (Thumb, 4 bytes, Stack size 0 bytes, n32g430_tim.o(i.TIM_Base_Reload_Mode_Set))
<BR><BR>[Called By]<UL><LI><a href="#[e8]">&gt;&gt;</a>&nbsp;&nbsp;&nbsp;hw_tim6_init
<LI><a href="#[e7]">&gt;&gt;</a>&nbsp;&nbsp;&nbsp;hw_tim4_init
<LI><a href="#[70]">&gt;&gt;</a>&nbsp;&nbsp;&nbsp;TIM_Base_Initialize
</UL>

<P><STRONG><a name="[75]"></a>TIM_Base_Repeat_Count_Set</STRONG> (Thumb, 4 bytes, Stack size 0 bytes, n32g430_tim.o(i.TIM_Base_Repeat_Count_Set))
<BR><BR>[Called By]<UL><LI><a href="#[70]">&gt;&gt;</a>&nbsp;&nbsp;&nbsp;TIM_Base_Initialize
</UL>

<P><STRONG><a name="[e4]"></a>TIM_Base_Struct_Initialize</STRONG> (Thumb, 30 bytes, Stack size 0 bytes, n32g430_tim.o(i.TIM_Base_Struct_Initialize))
<BR><BR>[Called By]<UL><LI><a href="#[e2]">&gt;&gt;</a>&nbsp;&nbsp;&nbsp;hw_tim3_init
<LI><a href="#[e8]">&gt;&gt;</a>&nbsp;&nbsp;&nbsp;hw_tim6_init
<LI><a href="#[e7]">&gt;&gt;</a>&nbsp;&nbsp;&nbsp;hw_tim4_init
</UL>

<P><STRONG><a name="[7d]"></a>TIM_Capture_Compare_Ch_Disable</STRONG> (Thumb, 12 bytes, Stack size 0 bytes, n32g430_tim.o(i.TIM_Capture_Compare_Ch_Disable))
<BR><BR>[Called By]<UL><LI><a href="#[85]">&gt;&gt;</a>&nbsp;&nbsp;&nbsp;TIM_Output_Channel4_Initialize
<LI><a href="#[84]">&gt;&gt;</a>&nbsp;&nbsp;&nbsp;TIM_Output_Channel3_Initialize
<LI><a href="#[83]">&gt;&gt;</a>&nbsp;&nbsp;&nbsp;TIM_Output_Channel2_Initialize
<LI><a href="#[7c]">&gt;&gt;</a>&nbsp;&nbsp;&nbsp;TIM_Output_Channel1_Initialize
</UL>

<P><STRONG><a name="[7f]"></a>TIM_Capture_Compare_Ch_Enable</STRONG> (Thumb, 12 bytes, Stack size 0 bytes, n32g430_tim.o(i.TIM_Capture_Compare_Ch_Enable))
<BR><BR>[Called By]<UL><LI><a href="#[85]">&gt;&gt;</a>&nbsp;&nbsp;&nbsp;TIM_Output_Channel4_Initialize
<LI><a href="#[84]">&gt;&gt;</a>&nbsp;&nbsp;&nbsp;TIM_Output_Channel3_Initialize
<LI><a href="#[83]">&gt;&gt;</a>&nbsp;&nbsp;&nbsp;TIM_Output_Channel2_Initialize
<LI><a href="#[7c]">&gt;&gt;</a>&nbsp;&nbsp;&nbsp;TIM_Output_Channel1_Initialize
</UL>

<P><STRONG><a name="[82]"></a>TIM_Capture_Compare_Ch_N_Disable</STRONG> (Thumb, 12 bytes, Stack size 0 bytes, n32g430_tim.o(i.TIM_Capture_Compare_Ch_N_Disable))
<BR><BR>[Called By]<UL><LI><a href="#[85]">&gt;&gt;</a>&nbsp;&nbsp;&nbsp;TIM_Output_Channel4_Initialize
<LI><a href="#[84]">&gt;&gt;</a>&nbsp;&nbsp;&nbsp;TIM_Output_Channel3_Initialize
<LI><a href="#[83]">&gt;&gt;</a>&nbsp;&nbsp;&nbsp;TIM_Output_Channel2_Initialize
<LI><a href="#[7c]">&gt;&gt;</a>&nbsp;&nbsp;&nbsp;TIM_Output_Channel1_Initialize
</UL>

<P><STRONG><a name="[81]"></a>TIM_Capture_Compare_Ch_N_Enable</STRONG> (Thumb, 12 bytes, Stack size 0 bytes, n32g430_tim.o(i.TIM_Capture_Compare_Ch_N_Enable))
<BR><BR>[Called By]<UL><LI><a href="#[85]">&gt;&gt;</a>&nbsp;&nbsp;&nbsp;TIM_Output_Channel4_Initialize
<LI><a href="#[84]">&gt;&gt;</a>&nbsp;&nbsp;&nbsp;TIM_Output_Channel3_Initialize
<LI><a href="#[83]">&gt;&gt;</a>&nbsp;&nbsp;&nbsp;TIM_Output_Channel2_Initialize
<LI><a href="#[7c]">&gt;&gt;</a>&nbsp;&nbsp;&nbsp;TIM_Output_Channel1_Initialize
</UL>

<P><STRONG><a name="[72]"></a>TIM_Clock_Division_Set</STRONG> (Thumb, 16 bytes, Stack size 0 bytes, n32g430_tim.o(i.TIM_Clock_Division_Set))
<BR><BR>[Called By]<UL><LI><a href="#[70]">&gt;&gt;</a>&nbsp;&nbsp;&nbsp;TIM_Base_Initialize
</UL>

<P><STRONG><a name="[108]"></a>TIM_Compare1_Set</STRONG> (Thumb, 14 bytes, Stack size 0 bytes, n32g430_tim.o(i.TIM_Compare1_Set))
<BR><BR>[Called By]<UL><LI><a href="#[d0]">&gt;&gt;</a>&nbsp;&nbsp;&nbsp;motor_pwm_output
</UL>

<P><STRONG><a name="[109]"></a>TIM_Compare2_Set</STRONG> (Thumb, 14 bytes, Stack size 0 bytes, n32g430_tim.o(i.TIM_Compare2_Set))
<BR><BR>[Called By]<UL><LI><a href="#[d0]">&gt;&gt;</a>&nbsp;&nbsp;&nbsp;motor_pwm_output
</UL>

<P><STRONG><a name="[10a]"></a>TIM_Compare3_Set</STRONG> (Thumb, 14 bytes, Stack size 0 bytes, n32g430_tim.o(i.TIM_Compare3_Set))
<BR><BR>[Called By]<UL><LI><a href="#[d0]">&gt;&gt;</a>&nbsp;&nbsp;&nbsp;motor_pwm_output
</UL>

<P><STRONG><a name="[10b]"></a>TIM_Compare4_Set</STRONG> (Thumb, 14 bytes, Stack size 0 bytes, n32g430_tim.o(i.TIM_Compare4_Set))
<BR><BR>[Called By]<UL><LI><a href="#[d0]">&gt;&gt;</a>&nbsp;&nbsp;&nbsp;motor_pwm_output
</UL>

<P><STRONG><a name="[e9]"></a>TIM_Interrupt_Enable</STRONG> (Thumb, 8 bytes, Stack size 0 bytes, n32g430_tim.o(i.TIM_Interrupt_Enable))
<BR><BR>[Called By]<UL><LI><a href="#[e8]">&gt;&gt;</a>&nbsp;&nbsp;&nbsp;hw_tim6_init
</UL>

<P><STRONG><a name="[6f]"></a>TIM_Interrupt_Status_Clear</STRONG> (Thumb, 6 bytes, Stack size 0 bytes, n32g430_tim.o(i.TIM_Interrupt_Status_Clear))
<BR><BR>[Called By]<UL><LI><a href="#[3a]">&gt;&gt;</a>&nbsp;&nbsp;&nbsp;TIM6_IRQHandler
</UL>

<P><STRONG><a name="[6e]"></a>TIM_Interrupt_Status_Get</STRONG> (Thumb, 32 bytes, Stack size 8 bytes, n32g430_tim.o(i.TIM_Interrupt_Status_Get))
<BR><BR>[Stack]<UL><LI>Max Depth = 8<LI>Call Chain = TIM_Interrupt_Status_Get
</UL>
<BR>[Called By]<UL><LI><a href="#[3a]">&gt;&gt;</a>&nbsp;&nbsp;&nbsp;TIM6_IRQHandler
</UL>

<P><STRONG><a name="[123]"></a>TIM_Off</STRONG> (Thumb, 10 bytes, Stack size 0 bytes, n32g430_tim.o(i.TIM_Off))
<BR><BR>[Called By]<UL><LI><a href="#[ee]">&gt;&gt;</a>&nbsp;&nbsp;&nbsp;ticks_stop
</UL>

<P><STRONG><a name="[e6]"></a>TIM_On</STRONG> (Thumb, 10 bytes, Stack size 0 bytes, n32g430_tim.o(i.TIM_On))
<BR><BR>[Called By]<UL><LI><a href="#[e2]">&gt;&gt;</a>&nbsp;&nbsp;&nbsp;hw_tim3_init
<LI><a href="#[e8]">&gt;&gt;</a>&nbsp;&nbsp;&nbsp;hw_tim6_init
<LI><a href="#[e7]">&gt;&gt;</a>&nbsp;&nbsp;&nbsp;hw_tim4_init
</UL>

<P><STRONG><a name="[7c]"></a>TIM_Output_Channel1_Initialize</STRONG> (Thumb, 140 bytes, Stack size 20 bytes, n32g430_tim.o(i.TIM_Output_Channel1_Initialize))
<BR><BR>[Stack]<UL><LI>Max Depth = 28<LI>Call Chain = TIM_Output_Channel1_Initialize &rArr; TIM_Output_Channel_Polarity_Set
</UL>
<BR>[Calls]<UL><LI><a href="#[7e]">&gt;&gt;</a>&nbsp;&nbsp;&nbsp;TIM_Output_Channel_Polarity_Set
<LI><a href="#[80]">&gt;&gt;</a>&nbsp;&nbsp;&nbsp;TIM_Output_Channel_N_Polarity_Set
<LI><a href="#[81]">&gt;&gt;</a>&nbsp;&nbsp;&nbsp;TIM_Capture_Compare_Ch_N_Enable
<LI><a href="#[82]">&gt;&gt;</a>&nbsp;&nbsp;&nbsp;TIM_Capture_Compare_Ch_N_Disable
<LI><a href="#[7f]">&gt;&gt;</a>&nbsp;&nbsp;&nbsp;TIM_Capture_Compare_Ch_Enable
<LI><a href="#[7d]">&gt;&gt;</a>&nbsp;&nbsp;&nbsp;TIM_Capture_Compare_Ch_Disable
</UL>
<BR>[Called By]<UL><LI><a href="#[e2]">&gt;&gt;</a>&nbsp;&nbsp;&nbsp;hw_tim3_init
</UL>

<P><STRONG><a name="[83]"></a>TIM_Output_Channel2_Initialize</STRONG> (Thumb, 152 bytes, Stack size 20 bytes, n32g430_tim.o(i.TIM_Output_Channel2_Initialize))
<BR><BR>[Stack]<UL><LI>Max Depth = 28<LI>Call Chain = TIM_Output_Channel2_Initialize &rArr; TIM_Output_Channel_Polarity_Set
</UL>
<BR>[Calls]<UL><LI><a href="#[7e]">&gt;&gt;</a>&nbsp;&nbsp;&nbsp;TIM_Output_Channel_Polarity_Set
<LI><a href="#[80]">&gt;&gt;</a>&nbsp;&nbsp;&nbsp;TIM_Output_Channel_N_Polarity_Set
<LI><a href="#[81]">&gt;&gt;</a>&nbsp;&nbsp;&nbsp;TIM_Capture_Compare_Ch_N_Enable
<LI><a href="#[82]">&gt;&gt;</a>&nbsp;&nbsp;&nbsp;TIM_Capture_Compare_Ch_N_Disable
<LI><a href="#[7f]">&gt;&gt;</a>&nbsp;&nbsp;&nbsp;TIM_Capture_Compare_Ch_Enable
<LI><a href="#[7d]">&gt;&gt;</a>&nbsp;&nbsp;&nbsp;TIM_Capture_Compare_Ch_Disable
</UL>
<BR>[Called By]<UL><LI><a href="#[e2]">&gt;&gt;</a>&nbsp;&nbsp;&nbsp;hw_tim3_init
</UL>

<P><STRONG><a name="[84]"></a>TIM_Output_Channel3_Initialize</STRONG> (Thumb, 146 bytes, Stack size 20 bytes, n32g430_tim.o(i.TIM_Output_Channel3_Initialize))
<BR><BR>[Stack]<UL><LI>Max Depth = 28<LI>Call Chain = TIM_Output_Channel3_Initialize &rArr; TIM_Output_Channel_Polarity_Set
</UL>
<BR>[Calls]<UL><LI><a href="#[7e]">&gt;&gt;</a>&nbsp;&nbsp;&nbsp;TIM_Output_Channel_Polarity_Set
<LI><a href="#[80]">&gt;&gt;</a>&nbsp;&nbsp;&nbsp;TIM_Output_Channel_N_Polarity_Set
<LI><a href="#[81]">&gt;&gt;</a>&nbsp;&nbsp;&nbsp;TIM_Capture_Compare_Ch_N_Enable
<LI><a href="#[82]">&gt;&gt;</a>&nbsp;&nbsp;&nbsp;TIM_Capture_Compare_Ch_N_Disable
<LI><a href="#[7f]">&gt;&gt;</a>&nbsp;&nbsp;&nbsp;TIM_Capture_Compare_Ch_Enable
<LI><a href="#[7d]">&gt;&gt;</a>&nbsp;&nbsp;&nbsp;TIM_Capture_Compare_Ch_Disable
</UL>
<BR>[Called By]<UL><LI><a href="#[e2]">&gt;&gt;</a>&nbsp;&nbsp;&nbsp;hw_tim3_init
</UL>

<P><STRONG><a name="[85]"></a>TIM_Output_Channel4_Initialize</STRONG> (Thumb, 166 bytes, Stack size 20 bytes, n32g430_tim.o(i.TIM_Output_Channel4_Initialize))
<BR><BR>[Stack]<UL><LI>Max Depth = 28<LI>Call Chain = TIM_Output_Channel4_Initialize &rArr; TIM_Output_Channel_Polarity_Set
</UL>
<BR>[Calls]<UL><LI><a href="#[7e]">&gt;&gt;</a>&nbsp;&nbsp;&nbsp;TIM_Output_Channel_Polarity_Set
<LI><a href="#[80]">&gt;&gt;</a>&nbsp;&nbsp;&nbsp;TIM_Output_Channel_N_Polarity_Set
<LI><a href="#[81]">&gt;&gt;</a>&nbsp;&nbsp;&nbsp;TIM_Capture_Compare_Ch_N_Enable
<LI><a href="#[82]">&gt;&gt;</a>&nbsp;&nbsp;&nbsp;TIM_Capture_Compare_Ch_N_Disable
<LI><a href="#[7f]">&gt;&gt;</a>&nbsp;&nbsp;&nbsp;TIM_Capture_Compare_Ch_Enable
<LI><a href="#[7d]">&gt;&gt;</a>&nbsp;&nbsp;&nbsp;TIM_Capture_Compare_Ch_Disable
</UL>
<BR>[Called By]<UL><LI><a href="#[e2]">&gt;&gt;</a>&nbsp;&nbsp;&nbsp;hw_tim3_init
</UL>

<P><STRONG><a name="[80]"></a>TIM_Output_Channel_N_Polarity_Set</STRONG> (Thumb, 22 bytes, Stack size 8 bytes, n32g430_tim.o(i.TIM_Output_Channel_N_Polarity_Set))
<BR><BR>[Stack]<UL><LI>Max Depth = 8<LI>Call Chain = TIM_Output_Channel_N_Polarity_Set
</UL>
<BR>[Called By]<UL><LI><a href="#[85]">&gt;&gt;</a>&nbsp;&nbsp;&nbsp;TIM_Output_Channel4_Initialize
<LI><a href="#[84]">&gt;&gt;</a>&nbsp;&nbsp;&nbsp;TIM_Output_Channel3_Initialize
<LI><a href="#[83]">&gt;&gt;</a>&nbsp;&nbsp;&nbsp;TIM_Output_Channel2_Initialize
<LI><a href="#[7c]">&gt;&gt;</a>&nbsp;&nbsp;&nbsp;TIM_Output_Channel1_Initialize
</UL>

<P><STRONG><a name="[7e]"></a>TIM_Output_Channel_Polarity_Set</STRONG> (Thumb, 22 bytes, Stack size 8 bytes, n32g430_tim.o(i.TIM_Output_Channel_Polarity_Set))
<BR><BR>[Stack]<UL><LI>Max Depth = 8<LI>Call Chain = TIM_Output_Channel_Polarity_Set
</UL>
<BR>[Called By]<UL><LI><a href="#[85]">&gt;&gt;</a>&nbsp;&nbsp;&nbsp;TIM_Output_Channel4_Initialize
<LI><a href="#[84]">&gt;&gt;</a>&nbsp;&nbsp;&nbsp;TIM_Output_Channel3_Initialize
<LI><a href="#[83]">&gt;&gt;</a>&nbsp;&nbsp;&nbsp;TIM_Output_Channel2_Initialize
<LI><a href="#[7c]">&gt;&gt;</a>&nbsp;&nbsp;&nbsp;TIM_Output_Channel1_Initialize
</UL>

<P><STRONG><a name="[e5]"></a>TIM_Output_Channel_Struct_Initialize</STRONG> (Thumb, 20 bytes, Stack size 0 bytes, n32g430_tim.o(i.TIM_Output_Channel_Struct_Initialize))
<BR><BR>[Called By]<UL><LI><a href="#[e2]">&gt;&gt;</a>&nbsp;&nbsp;&nbsp;hw_tim3_init
</UL>

<P><STRONG><a name="[30]"></a>UART3_IRQHandler</STRONG> (Thumb, 174 bytes, Stack size 16 bytes, hw_uart.o(i.UART3_IRQHandler))
<BR><BR>[Stack]<UL><LI>Max Depth = 32<LI>Call Chain = UART3_IRQHandler &rArr; USART_Interrput_Disable
</UL>
<BR>[Calls]<UL><LI><a href="#[8a]">&gt;&gt;</a>&nbsp;&nbsp;&nbsp;USART_Interrput_Disable
<LI><a href="#[86]">&gt;&gt;</a>&nbsp;&nbsp;&nbsp;USART_Flag_Status_Get
<LI><a href="#[87]">&gt;&gt;</a>&nbsp;&nbsp;&nbsp;USART_Flag_Clear
<LI><a href="#[89]">&gt;&gt;</a>&nbsp;&nbsp;&nbsp;USART_Data_Send
<LI><a href="#[88]">&gt;&gt;</a>&nbsp;&nbsp;&nbsp;USART_Data_Receive
</UL>
<BR>[Address Reference Count : 1]<UL><LI> startup_n32g430.o(RESET)
</UL>
<P><STRONG><a name="[2e]"></a>USART1_IRQHandler</STRONG> (Thumb, 174 bytes, Stack size 16 bytes, hw_uart.o(i.USART1_IRQHandler))
<BR><BR>[Stack]<UL><LI>Max Depth = 32<LI>Call Chain = USART1_IRQHandler &rArr; USART_Interrput_Disable
</UL>
<BR>[Calls]<UL><LI><a href="#[8a]">&gt;&gt;</a>&nbsp;&nbsp;&nbsp;USART_Interrput_Disable
<LI><a href="#[86]">&gt;&gt;</a>&nbsp;&nbsp;&nbsp;USART_Flag_Status_Get
<LI><a href="#[87]">&gt;&gt;</a>&nbsp;&nbsp;&nbsp;USART_Flag_Clear
<LI><a href="#[89]">&gt;&gt;</a>&nbsp;&nbsp;&nbsp;USART_Data_Send
<LI><a href="#[88]">&gt;&gt;</a>&nbsp;&nbsp;&nbsp;USART_Data_Receive
</UL>
<BR>[Address Reference Count : 1]<UL><LI> startup_n32g430.o(RESET)
</UL>
<P><STRONG><a name="[8b]"></a>USART_Baud_Rate_Config</STRONG> (Thumb, 114 bytes, Stack size 56 bytes, n32g430_usart.o(i.USART_Baud_Rate_Config))
<BR><BR>[Stack]<UL><LI>Max Depth = 76<LI>Call Chain = USART_Baud_Rate_Config &rArr; RCC_Clocks_Frequencies_Value_Get
</UL>
<BR>[Calls]<UL><LI><a href="#[8c]">&gt;&gt;</a>&nbsp;&nbsp;&nbsp;RCC_Clocks_Frequencies_Value_Get
</UL>
<BR>[Called By]<UL><LI><a href="#[8d]">&gt;&gt;</a>&nbsp;&nbsp;&nbsp;USART_Initializes
</UL>

<P><STRONG><a name="[88]"></a>USART_Data_Receive</STRONG> (Thumb, 10 bytes, Stack size 0 bytes, n32g430_usart.o(i.USART_Data_Receive))
<BR><BR>[Called By]<UL><LI><a href="#[2e]">&gt;&gt;</a>&nbsp;&nbsp;&nbsp;USART1_IRQHandler
<LI><a href="#[30]">&gt;&gt;</a>&nbsp;&nbsp;&nbsp;UART3_IRQHandler
</UL>

<P><STRONG><a name="[89]"></a>USART_Data_Send</STRONG> (Thumb, 8 bytes, Stack size 0 bytes, n32g430_usart.o(i.USART_Data_Send))
<BR><BR>[Called By]<UL><LI><a href="#[2e]">&gt;&gt;</a>&nbsp;&nbsp;&nbsp;USART1_IRQHandler
<LI><a href="#[30]">&gt;&gt;</a>&nbsp;&nbsp;&nbsp;UART3_IRQHandler
</UL>

<P><STRONG><a name="[ed]"></a>USART_Disable</STRONG> (Thumb, 10 bytes, Stack size 0 bytes, n32g430_usart.o(i.USART_Disable))
<BR><BR>[Called By]<UL><LI><a href="#[ea]">&gt;&gt;</a>&nbsp;&nbsp;&nbsp;iap_for_app
</UL>

<P><STRONG><a name="[dc]"></a>USART_Enable</STRONG> (Thumb, 10 bytes, Stack size 0 bytes, n32g430_usart.o(i.USART_Enable))
<BR><BR>[Called By]<UL><LI><a href="#[de]">&gt;&gt;</a>&nbsp;&nbsp;&nbsp;hw_opticalflow_uart_init
<LI><a href="#[c8]">&gt;&gt;</a>&nbsp;&nbsp;&nbsp;hw_debug_uart_init
</UL>

<P><STRONG><a name="[87]"></a>USART_Flag_Clear</STRONG> (Thumb, 6 bytes, Stack size 0 bytes, n32g430_usart.o(i.USART_Flag_Clear))
<BR><BR>[Called By]<UL><LI><a href="#[2e]">&gt;&gt;</a>&nbsp;&nbsp;&nbsp;USART1_IRQHandler
<LI><a href="#[30]">&gt;&gt;</a>&nbsp;&nbsp;&nbsp;UART3_IRQHandler
</UL>

<P><STRONG><a name="[86]"></a>USART_Flag_Status_Get</STRONG> (Thumb, 16 bytes, Stack size 0 bytes, n32g430_usart.o(i.USART_Flag_Status_Get))
<BR><BR>[Called By]<UL><LI><a href="#[2e]">&gt;&gt;</a>&nbsp;&nbsp;&nbsp;USART1_IRQHandler
<LI><a href="#[30]">&gt;&gt;</a>&nbsp;&nbsp;&nbsp;UART3_IRQHandler
</UL>

<P><STRONG><a name="[92]"></a>USART_Hardware_Flow_Control_Config</STRONG> (Thumb, 16 bytes, Stack size 0 bytes, n32g430_usart.o(i.USART_Hardware_Flow_Control_Config))
<BR><BR>[Called By]<UL><LI><a href="#[8d]">&gt;&gt;</a>&nbsp;&nbsp;&nbsp;USART_Initializes
</UL>

<P><STRONG><a name="[8d]"></a>USART_Initializes</STRONG> (Thumb, 56 bytes, Stack size 16 bytes, n32g430_usart.o(i.USART_Initializes))
<BR><BR>[Stack]<UL><LI>Max Depth = 92<LI>Call Chain = USART_Initializes &rArr; USART_Baud_Rate_Config &rArr; RCC_Clocks_Frequencies_Value_Get
</UL>
<BR>[Calls]<UL><LI><a href="#[8e]">&gt;&gt;</a>&nbsp;&nbsp;&nbsp;USART_Word_Length_Config
<LI><a href="#[8f]">&gt;&gt;</a>&nbsp;&nbsp;&nbsp;USART_Stop_Bits_Config
<LI><a href="#[90]">&gt;&gt;</a>&nbsp;&nbsp;&nbsp;USART_Parity_Config
<LI><a href="#[91]">&gt;&gt;</a>&nbsp;&nbsp;&nbsp;USART_Mode_Config
<LI><a href="#[92]">&gt;&gt;</a>&nbsp;&nbsp;&nbsp;USART_Hardware_Flow_Control_Config
<LI><a href="#[8b]">&gt;&gt;</a>&nbsp;&nbsp;&nbsp;USART_Baud_Rate_Config
</UL>
<BR>[Called By]<UL><LI><a href="#[de]">&gt;&gt;</a>&nbsp;&nbsp;&nbsp;hw_opticalflow_uart_init
<LI><a href="#[c8]">&gt;&gt;</a>&nbsp;&nbsp;&nbsp;hw_debug_uart_init
</UL>

<P><STRONG><a name="[8a]"></a>USART_Interrput_Disable</STRONG> (Thumb, 54 bytes, Stack size 16 bytes, n32g430_usart.o(i.USART_Interrput_Disable))
<BR><BR>[Stack]<UL><LI>Max Depth = 16<LI>Call Chain = USART_Interrput_Disable
</UL>
<BR>[Called By]<UL><LI><a href="#[2e]">&gt;&gt;</a>&nbsp;&nbsp;&nbsp;USART1_IRQHandler
<LI><a href="#[30]">&gt;&gt;</a>&nbsp;&nbsp;&nbsp;UART3_IRQHandler
</UL>

<P><STRONG><a name="[db]"></a>USART_Interrput_Enable</STRONG> (Thumb, 54 bytes, Stack size 16 bytes, n32g430_usart.o(i.USART_Interrput_Enable))
<BR><BR>[Stack]<UL><LI>Max Depth = 16<LI>Call Chain = USART_Interrput_Enable
</UL>
<BR>[Called By]<UL><LI><a href="#[de]">&gt;&gt;</a>&nbsp;&nbsp;&nbsp;hw_opticalflow_uart_init
<LI><a href="#[c8]">&gt;&gt;</a>&nbsp;&nbsp;&nbsp;hw_debug_uart_init
<LI><a href="#[d2]">&gt;&gt;</a>&nbsp;&nbsp;&nbsp;uart_send_data
</UL>

<P><STRONG><a name="[91]"></a>USART_Mode_Config</STRONG> (Thumb, 16 bytes, Stack size 0 bytes, n32g430_usart.o(i.USART_Mode_Config))
<BR><BR>[Called By]<UL><LI><a href="#[8d]">&gt;&gt;</a>&nbsp;&nbsp;&nbsp;USART_Initializes
</UL>

<P><STRONG><a name="[90]"></a>USART_Parity_Config</STRONG> (Thumb, 16 bytes, Stack size 0 bytes, n32g430_usart.o(i.USART_Parity_Config))
<BR><BR>[Called By]<UL><LI><a href="#[8d]">&gt;&gt;</a>&nbsp;&nbsp;&nbsp;USART_Initializes
</UL>

<P><STRONG><a name="[8f]"></a>USART_Stop_Bits_Config</STRONG> (Thumb, 16 bytes, Stack size 0 bytes, n32g430_usart.o(i.USART_Stop_Bits_Config))
<BR><BR>[Called By]<UL><LI><a href="#[8d]">&gt;&gt;</a>&nbsp;&nbsp;&nbsp;USART_Initializes
</UL>

<P><STRONG><a name="[8e]"></a>USART_Word_Length_Config</STRONG> (Thumb, 16 bytes, Stack size 0 bytes, n32g430_usart.o(i.USART_Word_Length_Config))
<BR><BR>[Called By]<UL><LI><a href="#[8d]">&gt;&gt;</a>&nbsp;&nbsp;&nbsp;USART_Initializes
</UL>

<P><STRONG><a name="[93]"></a>__0printf</STRONG> (Thumb, 22 bytes, Stack size 24 bytes, printfa.o(i.__0printf), UNUSED)
<BR><BR>[Calls]<UL><LI><a href="#[94]">&gt;&gt;</a>&nbsp;&nbsp;&nbsp;_printf_core
</UL>

<P><STRONG><a name="[138]"></a>__1printf</STRONG> (Thumb, 0 bytes, Stack size 24 bytes, printfa.o(i.__0printf), UNUSED)

<P><STRONG><a name="[ec]"></a>__2printf</STRONG> (Thumb, 0 bytes, Stack size 24 bytes, printfa.o(i.__0printf))
<BR><BR>[Stack]<UL><LI>Max Depth = 24<LI>Call Chain = __2printf
</UL>
<BR>[Called By]<UL><LI><a href="#[ea]">&gt;&gt;</a>&nbsp;&nbsp;&nbsp;iap_for_app
<LI><a href="#[113]">&gt;&gt;</a>&nbsp;&nbsp;&nbsp;opticalflow_update
<LI><a href="#[c3]">&gt;&gt;</a>&nbsp;&nbsp;&nbsp;spl06Detect
<LI><a href="#[10c]">&gt;&gt;</a>&nbsp;&nbsp;&nbsp;mpu6050FindRevision
<LI><a href="#[3f]">&gt;&gt;</a>&nbsp;&nbsp;&nbsp;main
</UL>

<P><STRONG><a name="[139]"></a>__c89printf</STRONG> (Thumb, 0 bytes, Stack size 24 bytes, printfa.o(i.__0printf), UNUSED)

<P><STRONG><a name="[13a]"></a>printf</STRONG> (Thumb, 0 bytes, Stack size 24 bytes, printfa.o(i.__0printf), UNUSED)

<P><STRONG><a name="[96]"></a>__ARM_fpclassifyf</STRONG> (Thumb, 38 bytes, Stack size 0 bytes, fpclassifyf.o(i.__ARM_fpclassifyf))
<BR><BR>[Called By]<UL><LI><a href="#[a3]">&gt;&gt;</a>&nbsp;&nbsp;&nbsp;__hardfp_sinf
<LI><a href="#[9f]">&gt;&gt;</a>&nbsp;&nbsp;&nbsp;__hardfp_powf
<LI><a href="#[95]">&gt;&gt;</a>&nbsp;&nbsp;&nbsp;__hardfp_atan2f
</UL>

<P><STRONG><a name="[95]"></a>__hardfp_atan2f</STRONG> (Thumb, 502 bytes, Stack size 16 bytes, atan2f.o(i.__hardfp_atan2f))
<BR><BR>[Stack]<UL><LI>Max Depth = 16<LI>Call Chain = __hardfp_atan2f
</UL>
<BR>[Calls]<UL><LI><a href="#[97]">&gt;&gt;</a>&nbsp;&nbsp;&nbsp;__mathlib_flt_underflow
<LI><a href="#[98]">&gt;&gt;</a>&nbsp;&nbsp;&nbsp;__mathlib_flt_infnan2
<LI><a href="#[96]">&gt;&gt;</a>&nbsp;&nbsp;&nbsp;__ARM_fpclassifyf
</UL>
<BR>[Called By]<UL><LI><a href="#[f1]">&gt;&gt;</a>&nbsp;&nbsp;&nbsp;to_euler
</UL>

<P><STRONG><a name="[99]"></a>__hardfp_cosf</STRONG> (Thumb, 280 bytes, Stack size 8 bytes, cosf.o(i.__hardfp_cosf))
<BR><BR>[Stack]<UL><LI>Max Depth = 28<LI>Call Chain = __hardfp_cosf &rArr; __mathlib_rredf2
</UL>
<BR>[Calls]<UL><LI><a href="#[9b]">&gt;&gt;</a>&nbsp;&nbsp;&nbsp;__set_errno
<LI><a href="#[9a]">&gt;&gt;</a>&nbsp;&nbsp;&nbsp;__mathlib_rredf2
<LI><a href="#[9c]">&gt;&gt;</a>&nbsp;&nbsp;&nbsp;__mathlib_flt_invalid
<LI><a href="#[9d]">&gt;&gt;</a>&nbsp;&nbsp;&nbsp;__mathlib_flt_infnan
</UL>
<BR>[Called By]<UL><LI><a href="#[c4]">&gt;&gt;</a>&nbsp;&nbsp;&nbsp;biquadFilterInit
<LI><a href="#[d3]">&gt;&gt;</a>&nbsp;&nbsp;&nbsp;from_euler
</UL>

<P><STRONG><a name="[9e]"></a>__hardfp_lrintf</STRONG> (Thumb, 72 bytes, Stack size 16 bytes, lrintf.o(i.__hardfp_lrintf))
<BR><BR>[Stack]<UL><LI>Max Depth = 24<LI>Call Chain = __hardfp_lrintf &rArr; _frnd
</UL>
<BR>[Calls]<UL><LI><a href="#[58]">&gt;&gt;</a>&nbsp;&nbsp;&nbsp;_frnd
<LI><a href="#[60]">&gt;&gt;</a>&nbsp;&nbsp;&nbsp;_ffix_r
<LI><a href="#[9b]">&gt;&gt;</a>&nbsp;&nbsp;&nbsp;__set_errno
</UL>
<BR>[Called By]<UL><LI><a href="#[49]">&gt;&gt;</a>&nbsp;&nbsp;&nbsp;spl06_calculate
<LI><a href="#[c3]">&gt;&gt;</a>&nbsp;&nbsp;&nbsp;spl06Detect
</UL>

<P><STRONG><a name="[9f]"></a>__hardfp_powf</STRONG> (Thumb, 1606 bytes, Stack size 32 bytes, powf.o(i.__hardfp_powf))
<BR><BR>[Stack]<UL><LI>Max Depth = 32<LI>Call Chain = __hardfp_powf
</UL>
<BR>[Calls]<UL><LI><a href="#[a0]">&gt;&gt;</a>&nbsp;&nbsp;&nbsp;__ieee_status
<LI><a href="#[9b]">&gt;&gt;</a>&nbsp;&nbsp;&nbsp;__set_errno
<LI><a href="#[97]">&gt;&gt;</a>&nbsp;&nbsp;&nbsp;__mathlib_flt_underflow
<LI><a href="#[a1]">&gt;&gt;</a>&nbsp;&nbsp;&nbsp;__mathlib_flt_overflow
<LI><a href="#[9c]">&gt;&gt;</a>&nbsp;&nbsp;&nbsp;__mathlib_flt_invalid
<LI><a href="#[98]">&gt;&gt;</a>&nbsp;&nbsp;&nbsp;__mathlib_flt_infnan2
<LI><a href="#[a2]">&gt;&gt;</a>&nbsp;&nbsp;&nbsp;__mathlib_flt_divzero
<LI><a href="#[96]">&gt;&gt;</a>&nbsp;&nbsp;&nbsp;__ARM_fpclassifyf
</UL>
<BR>[Called By]<UL><LI><a href="#[b6]">&gt;&gt;</a>&nbsp;&nbsp;&nbsp;altitude_baro_update
</UL>

<P><STRONG><a name="[13b]"></a>__mathlib_powf</STRONG> (Thumb, 0 bytes, Stack size 32 bytes, powf.o(i.__hardfp_powf), UNUSED)

<P><STRONG><a name="[a3]"></a>__hardfp_sinf</STRONG> (Thumb, 344 bytes, Stack size 16 bytes, sinf.o(i.__hardfp_sinf))
<BR><BR>[Stack]<UL><LI>Max Depth = 36<LI>Call Chain = __hardfp_sinf &rArr; __mathlib_rredf2
</UL>
<BR>[Calls]<UL><LI><a href="#[9b]">&gt;&gt;</a>&nbsp;&nbsp;&nbsp;__set_errno
<LI><a href="#[9a]">&gt;&gt;</a>&nbsp;&nbsp;&nbsp;__mathlib_rredf2
<LI><a href="#[97]">&gt;&gt;</a>&nbsp;&nbsp;&nbsp;__mathlib_flt_underflow
<LI><a href="#[9c]">&gt;&gt;</a>&nbsp;&nbsp;&nbsp;__mathlib_flt_invalid
<LI><a href="#[9d]">&gt;&gt;</a>&nbsp;&nbsp;&nbsp;__mathlib_flt_infnan
<LI><a href="#[96]">&gt;&gt;</a>&nbsp;&nbsp;&nbsp;__ARM_fpclassifyf
</UL>
<BR>[Called By]<UL><LI><a href="#[c4]">&gt;&gt;</a>&nbsp;&nbsp;&nbsp;biquadFilterInit
<LI><a href="#[d3]">&gt;&gt;</a>&nbsp;&nbsp;&nbsp;from_euler
</UL>

<P><STRONG><a name="[a4]"></a>__hardfp_sqrtf</STRONG> (Thumb, 58 bytes, Stack size 16 bytes, sqrtf.o(i.__hardfp_sqrtf))
<BR><BR>[Stack]<UL><LI>Max Depth = 16<LI>Call Chain = __hardfp_sqrtf
</UL>
<BR>[Calls]<UL><LI><a href="#[9b]">&gt;&gt;</a>&nbsp;&nbsp;&nbsp;__set_errno
</UL>
<BR>[Called By]<UL><LI><a href="#[ae]">&gt;&gt;</a>&nbsp;&nbsp;&nbsp;biquadFilterInitLPF
<LI><a href="#[f5]">&gt;&gt;</a>&nbsp;&nbsp;&nbsp;imuMahonyAHRSupdate
<LI><a href="#[b5]">&gt;&gt;</a>&nbsp;&nbsp;&nbsp;acos_approx
</UL>

<P><STRONG><a name="[a2]"></a>__mathlib_flt_divzero</STRONG> (Thumb, 14 bytes, Stack size 0 bytes, funder.o(i.__mathlib_flt_divzero))
<BR><BR>[Called By]<UL><LI><a href="#[9f]">&gt;&gt;</a>&nbsp;&nbsp;&nbsp;__hardfp_powf
</UL>

<P><STRONG><a name="[9d]"></a>__mathlib_flt_infnan</STRONG> (Thumb, 6 bytes, Stack size 0 bytes, funder.o(i.__mathlib_flt_infnan))
<BR><BR>[Called By]<UL><LI><a href="#[a3]">&gt;&gt;</a>&nbsp;&nbsp;&nbsp;__hardfp_sinf
<LI><a href="#[99]">&gt;&gt;</a>&nbsp;&nbsp;&nbsp;__hardfp_cosf
</UL>

<P><STRONG><a name="[98]"></a>__mathlib_flt_infnan2</STRONG> (Thumb, 6 bytes, Stack size 0 bytes, funder.o(i.__mathlib_flt_infnan2))
<BR><BR>[Called By]<UL><LI><a href="#[9f]">&gt;&gt;</a>&nbsp;&nbsp;&nbsp;__hardfp_powf
<LI><a href="#[95]">&gt;&gt;</a>&nbsp;&nbsp;&nbsp;__hardfp_atan2f
</UL>

<P><STRONG><a name="[9c]"></a>__mathlib_flt_invalid</STRONG> (Thumb, 10 bytes, Stack size 0 bytes, funder.o(i.__mathlib_flt_invalid))
<BR><BR>[Called By]<UL><LI><a href="#[a3]">&gt;&gt;</a>&nbsp;&nbsp;&nbsp;__hardfp_sinf
<LI><a href="#[9f]">&gt;&gt;</a>&nbsp;&nbsp;&nbsp;__hardfp_powf
<LI><a href="#[99]">&gt;&gt;</a>&nbsp;&nbsp;&nbsp;__hardfp_cosf
</UL>

<P><STRONG><a name="[a1]"></a>__mathlib_flt_overflow</STRONG> (Thumb, 10 bytes, Stack size 0 bytes, funder.o(i.__mathlib_flt_overflow))
<BR><BR>[Called By]<UL><LI><a href="#[9f]">&gt;&gt;</a>&nbsp;&nbsp;&nbsp;__hardfp_powf
</UL>

<P><STRONG><a name="[97]"></a>__mathlib_flt_underflow</STRONG> (Thumb, 10 bytes, Stack size 0 bytes, funder.o(i.__mathlib_flt_underflow))
<BR><BR>[Called By]<UL><LI><a href="#[a3]">&gt;&gt;</a>&nbsp;&nbsp;&nbsp;__hardfp_sinf
<LI><a href="#[9f]">&gt;&gt;</a>&nbsp;&nbsp;&nbsp;__hardfp_powf
<LI><a href="#[95]">&gt;&gt;</a>&nbsp;&nbsp;&nbsp;__hardfp_atan2f
</UL>

<P><STRONG><a name="[9a]"></a>__mathlib_rredf2</STRONG> (Thumb, 316 bytes, Stack size 20 bytes, rredf.o(i.__mathlib_rredf2))
<BR><BR>[Stack]<UL><LI>Max Depth = 20<LI>Call Chain = __mathlib_rredf2
</UL>
<BR>[Called By]<UL><LI><a href="#[a3]">&gt;&gt;</a>&nbsp;&nbsp;&nbsp;__hardfp_sinf
<LI><a href="#[99]">&gt;&gt;</a>&nbsp;&nbsp;&nbsp;__hardfp_cosf
</UL>

<P><STRONG><a name="[13c]"></a>__scatterload_copy</STRONG> (Thumb, 14 bytes, Stack size unknown bytes, handlers.o(i.__scatterload_copy), UNUSED)

<P><STRONG><a name="[13d]"></a>__scatterload_null</STRONG> (Thumb, 2 bytes, Stack size unknown bytes, handlers.o(i.__scatterload_null), UNUSED)

<P><STRONG><a name="[13e]"></a>__scatterload_zeroinit</STRONG> (Thumb, 14 bytes, Stack size unknown bytes, handlers.o(i.__scatterload_zeroinit), UNUSED)

<P><STRONG><a name="[9b]"></a>__set_errno</STRONG> (Thumb, 6 bytes, Stack size 0 bytes, errno.o(i.__set_errno))
<BR><BR>[Called By]<UL><LI><a href="#[9e]">&gt;&gt;</a>&nbsp;&nbsp;&nbsp;__hardfp_lrintf
<LI><a href="#[a4]">&gt;&gt;</a>&nbsp;&nbsp;&nbsp;__hardfp_sqrtf
<LI><a href="#[a3]">&gt;&gt;</a>&nbsp;&nbsp;&nbsp;__hardfp_sinf
<LI><a href="#[9f]">&gt;&gt;</a>&nbsp;&nbsp;&nbsp;__hardfp_powf
<LI><a href="#[99]">&gt;&gt;</a>&nbsp;&nbsp;&nbsp;__hardfp_cosf
</UL>

<P><STRONG><a name="[aa]"></a>acc_calbration</STRONG> (Thumb, 248 bytes, Stack size 16 bytes, accgyro.o(i.acc_calbration))
<BR><BR>[Stack]<UL><LI>Max Depth = 52<LI>Call Chain = acc_calbration &rArr; cfg_save_temp &rArr; FLASH_Word_Program &rArr; FLASH_Last_Operation_Wait
</UL>
<BR>[Calls]<UL><LI><a href="#[ab]">&gt;&gt;</a>&nbsp;&nbsp;&nbsp;cfg_save_temp
</UL>
<BR>[Called By]<UL><LI><a href="#[b0]">&gt;&gt;</a>&nbsp;&nbsp;&nbsp;accgyro_update
</UL>

<P><STRONG><a name="[ac]"></a>accgyro_init</STRONG> (Thumb, 172 bytes, Stack size 8 bytes, accgyro.o(i.accgyro_init))
<BR><BR>[Stack]<UL><LI>Max Depth = 140<LI>Call Chain = accgyro_init &rArr; biquadFilterInitLPF &rArr; biquadFilterInit &rArr; __hardfp_sinf &rArr; __mathlib_rredf2
</UL>
<BR>[Calls]<UL><LI><a href="#[af]">&gt;&gt;</a>&nbsp;&nbsp;&nbsp;pt1FilterInit
<LI><a href="#[ae]">&gt;&gt;</a>&nbsp;&nbsp;&nbsp;biquadFilterInitLPF
<LI><a href="#[ad]">&gt;&gt;</a>&nbsp;&nbsp;&nbsp;__aeabi_memclr4
</UL>
<BR>[Called By]<UL><LI><a href="#[3f]">&gt;&gt;</a>&nbsp;&nbsp;&nbsp;main
</UL>

<P><STRONG><a name="[b0]"></a>accgyro_update</STRONG> (Thumb, 250 bytes, Stack size 8 bytes, accgyro.o(i.accgyro_update))
<BR><BR>[Stack]<UL><LI>Max Depth = 60<LI>Call Chain = accgyro_update &rArr; gyro_calbration &rArr; cfg_save_temp &rArr; FLASH_Word_Program &rArr; FLASH_Last_Operation_Wait
</UL>
<BR>[Calls]<UL><LI><a href="#[b4]">&gt;&gt;</a>&nbsp;&nbsp;&nbsp;pt1FilterApply
<LI><a href="#[b3]">&gt;&gt;</a>&nbsp;&nbsp;&nbsp;biquadFilterApply
<LI><a href="#[b1]">&gt;&gt;</a>&nbsp;&nbsp;&nbsp;apply_sensor_alignment
<LI><a href="#[b2]">&gt;&gt;</a>&nbsp;&nbsp;&nbsp;gyro_calbration
<LI><a href="#[aa]">&gt;&gt;</a>&nbsp;&nbsp;&nbsp;acc_calbration
</UL>
<BR>[Called By]<UL><LI><a href="#[cc]">&gt;&gt;</a>&nbsp;&nbsp;&nbsp;flight_ctrl
</UL>

<P><STRONG><a name="[b5]"></a>acos_approx</STRONG> (Thumb, 112 bytes, Stack size 24 bytes, mlib.o(i.acos_approx))
<BR><BR>[Stack]<UL><LI>Max Depth = 40<LI>Call Chain = acos_approx &rArr; __hardfp_sqrtf
</UL>
<BR>[Calls]<UL><LI><a href="#[a4]">&gt;&gt;</a>&nbsp;&nbsp;&nbsp;__hardfp_sqrtf
</UL>
<BR>[Called By]<UL><LI><a href="#[f6]">&gt;&gt;</a>&nbsp;&nbsp;&nbsp;imuUpdateEulerAngles
</UL>

<P><STRONG><a name="[b6]"></a>altitude_baro_update</STRONG> (Thumb, 582 bytes, Stack size 32 bytes, altitude.o(i.altitude_baro_update))
<BR><BR>[Stack]<UL><LI>Max Depth = 68<LI>Call Chain = altitude_baro_update &rArr; applyBarometerMedianFilter &rArr; quickMedianFilter5
</UL>
<BR>[Calls]<UL><LI><a href="#[b8]">&gt;&gt;</a>&nbsp;&nbsp;&nbsp;applyBarometerMedianFilter
<LI><a href="#[b7]">&gt;&gt;</a>&nbsp;&nbsp;&nbsp;baro_update
<LI><a href="#[b9]">&gt;&gt;</a>&nbsp;&nbsp;&nbsp;constrain
<LI><a href="#[9f]">&gt;&gt;</a>&nbsp;&nbsp;&nbsp;__hardfp_powf
</UL>
<BR>[Called By]<UL><LI><a href="#[ba]">&gt;&gt;</a>&nbsp;&nbsp;&nbsp;altitude_ctrl
</UL>

<P><STRONG><a name="[ba]"></a>altitude_ctrl</STRONG> (Thumb, 26 bytes, Stack size 8 bytes, altitude.o(i.altitude_ctrl))
<BR><BR>[Stack]<UL><LI>Max Depth = 160<LI>Call Chain = altitude_ctrl &rArr; getEstimatedAltitude &rArr; __aeabi_dmul &rArr; _double_epilogue &rArr; _double_round
</UL>
<BR>[Calls]<UL><LI><a href="#[bb]">&gt;&gt;</a>&nbsp;&nbsp;&nbsp;getEstimatedAltitude
<LI><a href="#[b6]">&gt;&gt;</a>&nbsp;&nbsp;&nbsp;altitude_baro_update
</UL>
<BR>[Called By]<UL><LI><a href="#[3f]">&gt;&gt;</a>&nbsp;&nbsp;&nbsp;main
</UL>

<P><STRONG><a name="[bc]"></a>annexCode</STRONG> (Thumb, 548 bytes, Stack size 32 bytes, decode.o(i.annexCode))
<BR><BR>[Stack]<UL><LI>Max Depth = 32<LI>Call Chain = annexCode
</UL>
<BR>[Calls]<UL><LI><a href="#[b9]">&gt;&gt;</a>&nbsp;&nbsp;&nbsp;constrain
<LI><a href="#[bd]">&gt;&gt;</a>&nbsp;&nbsp;&nbsp;applyDeadband
</UL>
<BR>[Called By]<UL><LI><a href="#[3f]">&gt;&gt;</a>&nbsp;&nbsp;&nbsp;main
</UL>

<P><STRONG><a name="[be]"></a>app_flag_write</STRONG> (Thumb, 44 bytes, Stack size 16 bytes, iap.o(i.app_flag_write))
<BR><BR>[Stack]<UL><LI>Max Depth = 36<LI>Call Chain = app_flag_write &rArr; FLASH_Word_Program &rArr; FLASH_Last_Operation_Wait
</UL>
<BR>[Calls]<UL><LI><a href="#[66]">&gt;&gt;</a>&nbsp;&nbsp;&nbsp;FLASH_Word_Program
<LI><a href="#[bf]">&gt;&gt;</a>&nbsp;&nbsp;&nbsp;FLASH_Unlock
<LI><a href="#[64]">&gt;&gt;</a>&nbsp;&nbsp;&nbsp;FLASH_One_Page_Erase
<LI><a href="#[c0]">&gt;&gt;</a>&nbsp;&nbsp;&nbsp;FLASH_Lock
</UL>
<BR>[Called By]<UL><LI><a href="#[ea]">&gt;&gt;</a>&nbsp;&nbsp;&nbsp;iap_for_app
<LI><a href="#[ef]">&gt;&gt;</a>&nbsp;&nbsp;&nbsp;iap_for_app_init
</UL>

<P><STRONG><a name="[b8]"></a>applyBarometerMedianFilter</STRONG> (Thumb, 56 bytes, Stack size 16 bytes, altitude.o(i.applyBarometerMedianFilter))
<BR><BR>[Stack]<UL><LI>Max Depth = 36<LI>Call Chain = applyBarometerMedianFilter &rArr; quickMedianFilter5
</UL>
<BR>[Calls]<UL><LI><a href="#[c1]">&gt;&gt;</a>&nbsp;&nbsp;&nbsp;quickMedianFilter5
</UL>
<BR>[Called By]<UL><LI><a href="#[b6]">&gt;&gt;</a>&nbsp;&nbsp;&nbsp;altitude_baro_update
</UL>

<P><STRONG><a name="[bd]"></a>applyDeadband</STRONG> (Thumb, 34 bytes, Stack size 0 bytes, mlib.o(i.applyDeadband))
<BR><BR>[Called By]<UL><LI><a href="#[f0]">&gt;&gt;</a>&nbsp;&nbsp;&nbsp;imuCalculateAcceleration
<LI><a href="#[bc]">&gt;&gt;</a>&nbsp;&nbsp;&nbsp;annexCode
</UL>

<P><STRONG><a name="[b1]"></a>apply_sensor_alignment</STRONG> (Thumb, 124 bytes, Stack size 16 bytes, alignment.o(i.apply_sensor_alignment))
<BR><BR>[Stack]<UL><LI>Max Depth = 16<LI>Call Chain = apply_sensor_alignment
</UL>
<BR>[Called By]<UL><LI><a href="#[b0]">&gt;&gt;</a>&nbsp;&nbsp;&nbsp;accgyro_update
</UL>

<P><STRONG><a name="[fa]"></a>atan2_approx</STRONG> (Thumb, 256 bytes, Stack size 0 bytes, mlib.o(i.atan2_approx))
[...]
<BR><BR>[Stack]<UL><LI>Max Depth = 40<LI>Call Chain = serial_write_buffer &rArr; uart_send_data &rArr; USART_Interrput_Enable
</UL>
<BR>[Calls]<UL><LI><a href="#[d2]">&gt;&gt;</a>&nbsp;&nbsp;&nbsp;uart_send_data
<LI><a href="#[d1]">&gt;&gt;</a>&nbsp;&nbsp;&nbsp;serial_write_tx_fifo
</UL>
<BR>[Called By]<UL><LI><a href="#[eb]">&gt;&gt;</a>&nbsp;&nbsp;&nbsp;send_ack
</UL>

<P><STRONG><a name="[d1]"></a>serial_write_tx_fifo</STRONG> (Thumb, 44 bytes, Stack size 0 bytes, uart.o(i.serial_write_tx_fifo))
<BR><BR>[Called By]<UL><LI><a href="#[118]">&gt;&gt;</a>&nbsp;&nbsp;&nbsp;serial_write_buffer
<LI><a href="#[42]">&gt;&gt;</a>&nbsp;&nbsp;&nbsp;fputc
</UL>

<P><STRONG><a name="[124]"></a>sin_approx</STRONG> (Thumb, 200 bytes, Stack size 0 bytes, mlib.o(i.sin_approx))
<BR><BR>[Called By]<UL><LI><a href="#[f1]">&gt;&gt;</a>&nbsp;&nbsp;&nbsp;to_euler
</UL>

<P><STRONG><a name="[10d]"></a>soft_i2c_buffer_read</STRONG> (Thumb, 114 bytes, Stack size 24 bytes, i2c_soft.o(i.soft_i2c_buffer_read))
<BR><BR>[Stack]<UL><LI>Max Depth = 64<LI>Call Chain = soft_i2c_buffer_read &rArr; soft_i2c_write &rArr; hw_soft_i2c_sda_output &rArr; GPIO_Mode_Set
</UL>
<BR>[Calls]<UL><LI><a href="#[e1]">&gt;&gt;</a>&nbsp;&nbsp;&nbsp;hw_soft_i2c_sda_output
<LI><a href="#[e0]">&gt;&gt;</a>&nbsp;&nbsp;&nbsp;hw_soft_i2c_sda_input
<LI><a href="#[11a]">&gt;&gt;</a>&nbsp;&nbsp;&nbsp;soft_i2c_write
<LI><a href="#[11c]">&gt;&gt;</a>&nbsp;&nbsp;&nbsp;soft_i2c_stop
<LI><a href="#[119]">&gt;&gt;</a>&nbsp;&nbsp;&nbsp;soft_i2c_start
<LI><a href="#[11b]">&gt;&gt;</a>&nbsp;&nbsp;&nbsp;soft_i2c_read
</UL>
<BR>[Called By]<UL><LI><a href="#[45]">&gt;&gt;</a>&nbsp;&nbsp;&nbsp;spl06_read_temperature
<LI><a href="#[48]">&gt;&gt;</a>&nbsp;&nbsp;&nbsp;spl06_read_pressure
<LI><a href="#[117]">&gt;&gt;</a>&nbsp;&nbsp;&nbsp;read_calibration_coefficients
<LI><a href="#[44]">&gt;&gt;</a>&nbsp;&nbsp;&nbsp;mpu6050_read
<LI><a href="#[10c]">&gt;&gt;</a>&nbsp;&nbsp;&nbsp;mpu6050FindRevision
</UL>

<P><STRONG><a name="[102]"></a>soft_i2c_init</STRONG> (Thumb, 18 bytes, Stack size 8 bytes, i2c_soft.o(i.soft_i2c_init))
<BR><BR>[Stack]<UL><LI>Max Depth = 76<LI>Call Chain = soft_i2c_init &rArr; hw_soft_i2c_init &rArr; GPIO_Peripheral_Initialize &rArr; GPIO_Mode_Set
</UL>
<BR>[Calls]<UL><LI><a href="#[df]">&gt;&gt;</a>&nbsp;&nbsp;&nbsp;hw_soft_i2c_init
</UL>
<BR>[Called By]<UL><LI><a href="#[3f]">&gt;&gt;</a>&nbsp;&nbsp;&nbsp;main
</UL>

<P><STRONG><a name="[11b]"></a>soft_i2c_read</STRONG> (Thumb, 114 bytes, Stack size 16 bytes, i2c_soft.o(i.soft_i2c_read))
<BR><BR>[Stack]<UL><LI>Max Depth = 40<LI>Call Chain = soft_i2c_read &rArr; hw_soft_i2c_sda_output &rArr; GPIO_Mode_Set
</UL>
<BR>[Calls]<UL><LI><a href="#[e1]">&gt;&gt;</a>&nbsp;&nbsp;&nbsp;hw_soft_i2c_sda_output
<LI><a href="#[e0]">&gt;&gt;</a>&nbsp;&nbsp;&nbsp;hw_soft_i2c_sda_input
<LI><a href="#[11d]">&gt;&gt;</a>&nbsp;&nbsp;&nbsp;soft_i2c_delay
</UL>
<BR>[Called By]<UL><LI><a href="#[cb]">&gt;&gt;</a>&nbsp;&nbsp;&nbsp;soft_i2c_read_reg
<LI><a href="#[10d]">&gt;&gt;</a>&nbsp;&nbsp;&nbsp;soft_i2c_buffer_read
</UL>

<P><STRONG><a name="[cb]"></a>soft_i2c_read_reg</STRONG> (Thumb, 58 bytes, Stack size 16 bytes, i2c_soft.o(i.soft_i2c_read_reg))
<BR><BR>[Stack]<UL><LI>Max Depth = 56<LI>Call Chain = soft_i2c_read_reg &rArr; soft_i2c_write &rArr; hw_soft_i2c_sda_output &rArr; GPIO_Mode_Set
</UL>
<BR>[Calls]<UL><LI><a href="#[e1]">&gt;&gt;</a>&nbsp;&nbsp;&nbsp;hw_soft_i2c_sda_output
<LI><a href="#[e0]">&gt;&gt;</a>&nbsp;&nbsp;&nbsp;hw_soft_i2c_sda_input
<LI><a href="#[11a]">&gt;&gt;</a>&nbsp;&nbsp;&nbsp;soft_i2c_write
<LI><a href="#[11c]">&gt;&gt;</a>&nbsp;&nbsp;&nbsp;soft_i2c_stop
<LI><a href="#[119]">&gt;&gt;</a>&nbsp;&nbsp;&nbsp;soft_i2c_start
<LI><a href="#[11b]">&gt;&gt;</a>&nbsp;&nbsp;&nbsp;soft_i2c_read
</UL>
<BR>[Called By]<UL><LI><a href="#[117]">&gt;&gt;</a>&nbsp;&nbsp;&nbsp;read_calibration_coefficients
<LI><a href="#[c9]">&gt;&gt;</a>&nbsp;&nbsp;&nbsp;deviceDetect
</UL>

<P><STRONG><a name="[119]"></a>soft_i2c_start</STRONG> (Thumb, 44 bytes, Stack size 8 bytes, i2c_soft.o(i.soft_i2c_start))
<BR><BR>[Stack]<UL><LI>Max Depth = 8<LI>Call Chain = soft_i2c_start
</UL>
<BR>[Calls]<UL><LI><a href="#[11d]">&gt;&gt;</a>&nbsp;&nbsp;&nbsp;soft_i2c_delay
</UL>
<BR>[Called By]<UL><LI><a href="#[10e]">&gt;&gt;</a>&nbsp;&nbsp;&nbsp;soft_i2c_write_reg
<LI><a href="#[cb]">&gt;&gt;</a>&nbsp;&nbsp;&nbsp;soft_i2c_read_reg
<LI><a href="#[10d]">&gt;&gt;</a>&nbsp;&nbsp;&nbsp;soft_i2c_buffer_read
</UL>

<P><STRONG><a name="[11c]"></a>soft_i2c_stop</STRONG> (Thumb, 34 bytes, Stack size 8 bytes, i2c_soft.o(i.soft_i2c_stop))
<BR><BR>[Stack]<UL><LI>Max Depth = 8<LI>Call Chain = soft_i2c_stop
</UL>
<BR>[Calls]<UL><LI><a href="#[11d]">&gt;&gt;</a>&nbsp;&nbsp;&nbsp;soft_i2c_delay
</UL>
<BR>[Called By]<UL><LI><a href="#[10e]">&gt;&gt;</a>&nbsp;&nbsp;&nbsp;soft_i2c_write_reg
<LI><a href="#[cb]">&gt;&gt;</a>&nbsp;&nbsp;&nbsp;soft_i2c_read_reg
<LI><a href="#[10d]">&gt;&gt;</a>&nbsp;&nbsp;&nbsp;soft_i2c_buffer_read
</UL>

<P><STRONG><a name="[11a]"></a>soft_i2c_write</STRONG> (Thumb, 110 bytes, Stack size 16 bytes, i2c_soft.o(i.soft_i2c_write))
<BR><BR>[Stack]<UL><LI>Max Depth = 40<LI>Call Chain = soft_i2c_write &rArr; hw_soft_i2c_sda_output &rArr; GPIO_Mode_Set
</UL>
<BR>[Calls]<UL><LI><a href="#[e1]">&gt;&gt;</a>&nbsp;&nbsp;&nbsp;hw_soft_i2c_sda_output
<LI><a href="#[e0]">&gt;&gt;</a>&nbsp;&nbsp;&nbsp;hw_soft_i2c_sda_input
<LI><a href="#[11d]">&gt;&gt;</a>&nbsp;&nbsp;&nbsp;soft_i2c_delay
</UL>
<BR>[Called By]<UL><LI><a href="#[10e]">&gt;&gt;</a>&nbsp;&nbsp;&nbsp;soft_i2c_write_reg
<LI><a href="#[cb]">&gt;&gt;</a>&nbsp;&nbsp;&nbsp;soft_i2c_read_reg
<LI><a href="#[10d]">&gt;&gt;</a>&nbsp;&nbsp;&nbsp;soft_i2c_buffer_read
</UL>

<P><STRONG><a name="[10e]"></a>soft_i2c_write_reg</STRONG> (Thumb, 44 bytes, Stack size 24 bytes, i2c_soft.o(i.soft_i2c_write_reg))
<BR><BR>[Stack]<UL><LI>Max Depth = 64<LI>Call Chain = soft_i2c_write_reg &rArr; soft_i2c_write &rArr; hw_soft_i2c_sda_output &rArr; GPIO_Mode_Set
</UL>
<BR>[Calls]<UL><LI><a href="#[11a]">&gt;&gt;</a>&nbsp;&nbsp;&nbsp;soft_i2c_write
<LI><a href="#[11c]">&gt;&gt;</a>&nbsp;&nbsp;&nbsp;soft_i2c_stop
<LI><a href="#[119]">&gt;&gt;</a>&nbsp;&nbsp;&nbsp;soft_i2c_start
</UL>
<BR>[Called By]<UL><LI><a href="#[46]">&gt;&gt;</a>&nbsp;&nbsp;&nbsp;spl06_start_temperature_measurement
<LI><a href="#[47]">&gt;&gt;</a>&nbsp;&nbsp;&nbsp;spl06_start_pressure_measurement
<LI><a href="#[11e]">&gt;&gt;</a>&nbsp;&nbsp;&nbsp;spl06_configure_measurements
<LI><a href="#[43]">&gt;&gt;</a>&nbsp;&nbsp;&nbsp;mpu6050_init
</UL>

<P><STRONG><a name="[c3]"></a>spl06Detect</STRONG> (Thumb, 80 bytes, Stack size 8 bytes, spl06.o(i.spl06Detect))
<BR><BR>[Stack]<UL><LI>Max Depth = 104<LI>Call Chain = spl06Detect &rArr; read_calibration_coefficients &rArr; soft_i2c_buffer_read &rArr; soft_i2c_write &rArr; hw_soft_i2c_sda_output &rArr; GPIO_Mode_Set
</UL>
<BR>[Calls]<UL><LI><a href="#[11e]">&gt;&gt;</a>&nbsp;&nbsp;&nbsp;spl06_configure_measurements
<LI><a href="#[117]">&gt;&gt;</a>&nbsp;&nbsp;&nbsp;read_calibration_coefficients
<LI><a href="#[c9]">&gt;&gt;</a>&nbsp;&nbsp;&nbsp;deviceDetect
<LI><a href="#[9e]">&gt;&gt;</a>&nbsp;&nbsp;&nbsp;__hardfp_lrintf
<LI><a href="#[ec]">&gt;&gt;</a>&nbsp;&nbsp;&nbsp;__2printf
</UL>
<BR>[Called By]<UL><LI><a href="#[c2]">&gt;&gt;</a>&nbsp;&nbsp;&nbsp;baro_init
</UL>

<P><STRONG><a name="[49]"></a>spl06_calculate</STRONG> (Thumb, 70 bytes, Stack size 24 bytes, spl06.o(i.spl06_calculate))
<BR><BR>[Stack]<UL><LI>Max Depth = 56<LI>Call Chain = spl06_calculate &rArr; spl06_compensate_pressure
</UL>
<BR>[Calls]<UL><LI><a href="#[120]">&gt;&gt;</a>&nbsp;&nbsp;&nbsp;spl06_compensate_temperature
<LI><a href="#[11f]">&gt;&gt;</a>&nbsp;&nbsp;&nbsp;spl06_compensate_pressure
<LI><a href="#[9e]">&gt;&gt;</a>&nbsp;&nbsp;&nbsp;__hardfp_lrintf
</UL>
<BR>[Address Reference Count : 1]<UL><LI> spl06.o(i.spl06Detect)
</UL>
<P><STRONG><a name="[4a]"></a>ticks_callback</STRONG> (Thumb, 132 bytes, Stack size 0 bytes, ticks.o(i.ticks_callback))
<BR>[Address Reference Count : 1]<UL><LI> ticks.o(i.ticks_init)
</UL>
<P><STRONG><a name="[101]"></a>ticks_init</STRONG> (Thumb, 14 bytes, Stack size 8 bytes, ticks.o(i.ticks_init))
<BR><BR>[Stack]<UL><LI>Max Depth = 56<LI>Call Chain = ticks_init &rArr; hw_tim6_init &rArr; NVIC_Initializes
</UL>
<BR>[Calls]<UL><LI><a href="#[e8]">&gt;&gt;</a>&nbsp;&nbsp;&nbsp;hw_tim6_init
<LI><a href="#[e7]">&gt;&gt;</a>&nbsp;&nbsp;&nbsp;hw_tim4_init
</UL>
<BR>[Called By]<UL><LI><a href="#[3f]">&gt;&gt;</a>&nbsp;&nbsp;&nbsp;main
</UL>

<P><STRONG><a name="[ee]"></a>ticks_stop</STRONG> (Thumb, 10 bytes, Stack size 8 bytes, ticks.o(i.ticks_stop))
<BR><BR>[Stack]<UL><LI>Max Depth = 8<LI>Call Chain = ticks_stop
</UL>
<BR>[Calls]<UL><LI><a href="#[123]">&gt;&gt;</a>&nbsp;&nbsp;&nbsp;TIM_Off
</UL>
<BR>[Called By]<UL><LI><a href="#[ea]">&gt;&gt;</a>&nbsp;&nbsp;&nbsp;iap_for_app
</UL>

<P><STRONG><a name="[f1]"></a>to_euler</STRONG> (Thumb, 252 bytes, Stack size 16 bytes, imu.o(i.to_euler))
<BR><BR>[Stack]<UL><LI>Max Depth = 32<LI>Call Chain = to_euler &rArr; __hardfp_atan2f
</UL>
<BR>[Calls]<UL><LI><a href="#[124]">&gt;&gt;</a>&nbsp;&nbsp;&nbsp;sin_approx
<LI><a href="#[95]">&gt;&gt;</a>&nbsp;&nbsp;&nbsp;__hardfp_atan2f
</UL>
<BR>[Called By]<UL><LI><a href="#[f0]">&gt;&gt;</a>&nbsp;&nbsp;&nbsp;imuCalculateAcceleration
</UL>

<P><STRONG><a name="[d2]"></a>uart_send_data</STRONG> (Thumb, 14 bytes, Stack size 8 bytes, uart.o(i.uart_send_data))
<BR><BR>[Stack]<UL><LI>Max Depth = 24<LI>Call Chain = uart_send_data &rArr; USART_Interrput_Enable
</UL>
<BR>[Calls]<UL><LI><a href="#[db]">&gt;&gt;</a>&nbsp;&nbsp;&nbsp;USART_Interrput_Enable
</UL>
<BR>[Called By]<UL><LI><a href="#[118]">&gt;&gt;</a>&nbsp;&nbsp;&nbsp;serial_write_buffer
<LI><a href="#[42]">&gt;&gt;</a>&nbsp;&nbsp;&nbsp;fputc
</UL>
<P>
<H3>
Local Symbols
</H3>
<P><STRONG><a name="[6d]"></a>System_Clock_Set</STRONG> (Thumb, 250 bytes, Stack size 20 bytes, system_n32g430.o(i.System_Clock_Set))
<BR><BR>[Stack]<UL><LI>Max Depth = 20<LI>Call Chain = System_Clock_Set
</UL>
<BR>[Called By]<UL><LI><a href="#[40]">&gt;&gt;</a>&nbsp;&nbsp;&nbsp;System_Initializes
</UL>

<P><STRONG><a name="[11d]"></a>soft_i2c_delay</STRONG> (Thumb, 16 bytes, Stack size 0 bytes, i2c_soft.o(i.soft_i2c_delay))
<BR><BR>[Called By]<UL><LI><a href="#[11a]">&gt;&gt;</a>&nbsp;&nbsp;&nbsp;soft_i2c_write
<LI><a href="#[11c]">&gt;&gt;</a>&nbsp;&nbsp;&nbsp;soft_i2c_stop
<LI><a href="#[119]">&gt;&gt;</a>&nbsp;&nbsp;&nbsp;soft_i2c_start
<LI><a href="#[11b]">&gt;&gt;</a>&nbsp;&nbsp;&nbsp;soft_i2c_read
</UL>

<P><STRONG><a name="[c4]"></a>biquadFilterInit</STRONG> (Thumb, 280 bytes, Stack size 72 bytes, filter.o(i.biquadFilterInit))
<BR><BR>[Stack]<UL><LI>Max Depth = 108<LI>Call Chain = biquadFilterInit &rArr; __hardfp_sinf &rArr; __mathlib_rredf2
</UL>
<BR>[Calls]<UL><LI><a href="#[a3]">&gt;&gt;</a>&nbsp;&nbsp;&nbsp;__hardfp_sinf
<LI><a href="#[99]">&gt;&gt;</a>&nbsp;&nbsp;&nbsp;__hardfp_cosf
</UL>
<BR>[Called By]<UL><LI><a href="#[ae]">&gt;&gt;</a>&nbsp;&nbsp;&nbsp;biquadFilterInitLPF
</UL>

<P><STRONG><a name="[10c]"></a>mpu6050FindRevision</STRONG> (Thumb, 184 bytes, Stack size 24 bytes, mpu6050.o(i.mpu6050FindRevision))
<BR><BR>[Stack]<UL><LI>Max Depth = 88<LI>Call Chain = mpu6050FindRevision &rArr; soft_i2c_buffer_read &rArr; soft_i2c_write &rArr; hw_soft_i2c_sda_output &rArr; GPIO_Mode_Set
</UL>
<BR>[Calls]<UL><LI><a href="#[10d]">&gt;&gt;</a>&nbsp;&nbsp;&nbsp;soft_i2c_buffer_read
<LI><a href="#[ec]">&gt;&gt;</a>&nbsp;&nbsp;&nbsp;__2printf
</UL>
<BR>[Called By]<UL><LI><a href="#[43]">&gt;&gt;</a>&nbsp;&nbsp;&nbsp;mpu6050_init
</UL>

<P><STRONG><a name="[f7]"></a>imuGetPGainScaleFactor</STRONG> (Thumb, 20 bytes, Stack size 8 bytes, imu.o(i.imuGetPGainScaleFactor))
<BR><BR>[Stack]<UL><LI>Max Depth = 8<LI>Call Chain = imuGetPGainScaleFactor
</UL>
<BR>[Calls]<UL><LI><a href="#[f8]">&gt;&gt;</a>&nbsp;&nbsp;&nbsp;imuUseFastGains
</UL>
<BR>[Called By]<UL><LI><a href="#[f5]">&gt;&gt;</a>&nbsp;&nbsp;&nbsp;imuMahonyAHRSupdate
</UL>

<P><STRONG><a name="[f4]"></a>imuIsAccelerometerHealthy</STRONG> (Thumb, 60 bytes, Stack size 0 bytes, imu.o(i.imuIsAccelerometerHealthy))
<BR><BR>[Called By]<UL><LI><a href="#[ce]">&gt;&gt;</a>&nbsp;&nbsp;&nbsp;imuCalculateEstimatedAttitude
</UL>

<P><STRONG><a name="[f5]"></a>imuMahonyAHRSupdate</STRONG> (Thumb, 800 bytes, Stack size 88 bytes, imu.o(i.imuMahonyAHRSupdate))
<BR><BR>[Stack]<UL><LI>Max Depth = 104<LI>Call Chain = imuMahonyAHRSupdate &rArr; __hardfp_sqrtf
</UL>
<BR>[Calls]<UL><LI><a href="#[f2]">&gt;&gt;</a>&nbsp;&nbsp;&nbsp;imuComputeRotationMatrix
<LI><a href="#[f7]">&gt;&gt;</a>&nbsp;&nbsp;&nbsp;imuGetPGainScaleFactor
<LI><a href="#[f9]">&gt;&gt;</a>&nbsp;&nbsp;&nbsp;invSqrt
<LI><a href="#[a4]">&gt;&gt;</a>&nbsp;&nbsp;&nbsp;__hardfp_sqrtf
</UL>
<BR>[Called By]<UL><LI><a href="#[ce]">&gt;&gt;</a>&nbsp;&nbsp;&nbsp;imuCalculateEstimatedAttitude
</UL>

<P><STRONG><a name="[f8]"></a>imuUseFastGains</STRONG> (Thumb, 30 bytes, Stack size 0 bytes, imu.o(i.imuUseFastGains))
<BR><BR>[Called By]<UL><LI><a href="#[f7]">&gt;&gt;</a>&nbsp;&nbsp;&nbsp;imuGetPGainScaleFactor
</UL>

<P><STRONG><a name="[c9]"></a>deviceDetect</STRONG> (Thumb, 40 bytes, Stack size 16 bytes, spl06.o(i.deviceDetect))
<BR><BR>[Stack]<UL><LI>Max Depth = 72<LI>Call Chain = deviceDetect &rArr; soft_i2c_read_reg &rArr; soft_i2c_write &rArr; hw_soft_i2c_sda_output &rArr; GPIO_Mode_Set
</UL>
<BR>[Calls]<UL><LI><a href="#[cb]">&gt;&gt;</a>&nbsp;&nbsp;&nbsp;soft_i2c_read_reg
<LI><a href="#[ca]">&gt;&gt;</a>&nbsp;&nbsp;&nbsp;delay_ms
</UL>
<BR>[Called By]<UL><LI><a href="#[c3]">&gt;&gt;</a>&nbsp;&nbsp;&nbsp;spl06Detect
</UL>

<P><STRONG><a name="[117]"></a>read_calibration_coefficients</STRONG> (Thumb, 310 bytes, Stack size 32 bytes, spl06.o(i.read_calibration_coefficients))
<BR><BR>[Stack]<UL><LI>Max Depth = 96<LI>Call Chain = read_calibration_coefficients &rArr; soft_i2c_buffer_read &rArr; soft_i2c_write &rArr; hw_soft_i2c_sda_output &rArr; GPIO_Mode_Set
</UL>
<BR>[Calls]<UL><LI><a href="#[cb]">&gt;&gt;</a>&nbsp;&nbsp;&nbsp;soft_i2c_read_reg
<LI><a href="#[10d]">&gt;&gt;</a>&nbsp;&nbsp;&nbsp;soft_i2c_buffer_read
</UL>
<BR>[Called By]<UL><LI><a href="#[c3]">&gt;&gt;</a>&nbsp;&nbsp;&nbsp;spl06Detect
</UL>

<P><STRONG><a name="[11f]"></a>spl06_compensate_pressure</STRONG> (Thumb, 198 bytes, Stack size 32 bytes, spl06.o(i.spl06_compensate_pressure))
<BR><BR>[Stack]<UL><LI>Max Depth = 32<LI>Call Chain = spl06_compensate_pressure
</UL>
<BR>[Calls]<UL><LI><a href="#[121]">&gt;&gt;</a>&nbsp;&nbsp;&nbsp;spl06_raw_value_scale_factor
</UL>
<BR>[Called By]<UL><LI><a href="#[49]">&gt;&gt;</a>&nbsp;&nbsp;&nbsp;spl06_calculate
</UL>

<P><STRONG><a name="[120]"></a>spl06_compensate_temperature</STRONG> (Thumb, 92 bytes, Stack size 16 bytes, spl06.o(i.spl06_compensate_temperature))
<BR><BR>[Stack]<UL><LI>Max Depth = 16<LI>Call Chain = spl06_compensate_temperature
</UL>
<BR>[Calls]<UL><LI><a href="#[121]">&gt;&gt;</a>&nbsp;&nbsp;&nbsp;spl06_raw_value_scale_factor
</UL>
<BR>[Called By]<UL><LI><a href="#[49]">&gt;&gt;</a>&nbsp;&nbsp;&nbsp;spl06_calculate
</UL>

<P><STRONG><a name="[11e]"></a>spl06_configure_measurements</STRONG> (Thumb, 76 bytes, Stack size 8 bytes, spl06.o(i.spl06_configure_measurements))
<BR><BR>[Stack]<UL><LI>Max Depth = 72<LI>Call Chain = spl06_configure_measurements &rArr; soft_i2c_write_reg &rArr; soft_i2c_write &rArr; hw_soft_i2c_sda_output &rArr; GPIO_Mode_Set
</UL>
<BR>[Calls]<UL><LI><a href="#[10e]">&gt;&gt;</a>&nbsp;&nbsp;&nbsp;soft_i2c_write_reg
<LI><a href="#[122]">&gt;&gt;</a>&nbsp;&nbsp;&nbsp;spl06_samples_to_cfg_reg_value
</UL>
<BR>[Called By]<UL><LI><a href="#[c3]">&gt;&gt;</a>&nbsp;&nbsp;&nbsp;spl06Detect
</UL>

<P><STRONG><a name="[121]"></a>spl06_raw_value_scale_factor</STRONG> (Thumb, 94 bytes, Stack size 0 bytes, spl06.o(i.spl06_raw_value_scale_factor))
<BR><BR>[Called By]<UL><LI><a href="#[120]">&gt;&gt;</a>&nbsp;&nbsp;&nbsp;spl06_compensate_temperature
<LI><a href="#[11f]">&gt;&gt;</a>&nbsp;&nbsp;&nbsp;spl06_compensate_pressure
</UL>

<P><STRONG><a name="[48]"></a>spl06_read_pressure</STRONG> (Thumb, 76 bytes, Stack size 16 bytes, spl06.o(i.spl06_read_pressure))
<BR><BR>[Stack]<UL><LI>Max Depth = 80<LI>Call Chain = spl06_read_pressure &rArr; soft_i2c_buffer_read &rArr; soft_i2c_write &rArr; hw_soft_i2c_sda_output &rArr; GPIO_Mode_Set
</UL>
<BR>[Calls]<UL><LI><a href="#[10d]">&gt;&gt;</a>&nbsp;&nbsp;&nbsp;soft_i2c_buffer_read
</UL>
<BR>[Address Reference Count : 1]<UL><LI> spl06.o(i.spl06Detect)
</UL>
<P><STRONG><a name="[45]"></a>spl06_read_temperature</STRONG> (Thumb, 76 bytes, Stack size 16 bytes, spl06.o(i.spl06_read_temperature))
<BR><BR>[Stack]<UL><LI>Max Depth = 80<LI>Call Chain = spl06_read_temperature &rArr; soft_i2c_buffer_read &rArr; soft_i2c_write &rArr; hw_soft_i2c_sda_output &rArr; GPIO_Mode_Set
</UL>
<BR>[Calls]<UL><LI><a href="#[10d]">&gt;&gt;</a>&nbsp;&nbsp;&nbsp;soft_i2c_buffer_read
</UL>
<BR>[Address Reference Count : 1]<UL><LI> spl06.o(i.spl06Detect)
</UL>
<P><STRONG><a name="[122]"></a>spl06_samples_to_cfg_reg_value</STRONG> (Thumb, 78 bytes, Stack size 0 bytes, spl06.o(i.spl06_samples_to_cfg_reg_value))
<BR><BR>[Called By]<UL><LI><a href="#[11e]">&gt;&gt;</a>&nbsp;&nbsp;&nbsp;spl06_configure_measurements
</UL>

<P><STRONG><a name="[47]"></a>spl06_start_pressure_measurement</STRONG> (Thumb, 22 bytes, Stack size 8 bytes, spl06.o(i.spl06_start_pressure_measurement))
<BR><BR>[Stack]<UL><LI>Max Depth = 72<LI>Call Chain = spl06_start_pressure_measurement &rArr; soft_i2c_write_reg &rArr; soft_i2c_write &rArr; hw_soft_i2c_sda_output &rArr; GPIO_Mode_Set
</UL>
<BR>[Calls]<UL><LI><a href="#[10e]">&gt;&gt;</a>&nbsp;&nbsp;&nbsp;soft_i2c_write_reg
</UL>
<BR>[Address Reference Count : 1]<UL><LI> spl06.o(i.spl06Detect)
</UL>
<P><STRONG><a name="[46]"></a>spl06_start_temperature_measurement</STRONG> (Thumb, 22 bytes, Stack size 8 bytes, spl06.o(i.spl06_start_temperature_measurement))
<BR><BR>[Stack]<UL><LI>Max Depth = 72<LI>Call Chain = spl06_start_temperature_measurement &rArr; soft_i2c_write_reg &rArr; soft_i2c_write &rArr; hw_soft_i2c_sda_output &rArr; GPIO_Mode_Set
</UL>
<BR>[Calls]<UL><LI><a href="#[10e]">&gt;&gt;</a>&nbsp;&nbsp;&nbsp;soft_i2c_write_reg
</UL>
<BR>[Address Reference Count : 1]<UL><LI> spl06.o(i.spl06Detect)
</UL>
<P><STRONG><a name="[a5]"></a>_fp_digits</STRONG> (Thumb, 366 bytes, Stack size 64 bytes, printfa.o(i._fp_digits), UNUSED)
<BR><BR>[Calls]<UL><LI><a href="#[50]">&gt;&gt;</a>&nbsp;&nbsp;&nbsp;__aeabi_dmul
<LI><a href="#[55]">&gt;&gt;</a>&nbsp;&nbsp;&nbsp;__aeabi_uldivmod
<LI><a href="#[5e]">&gt;&gt;</a>&nbsp;&nbsp;&nbsp;__aeabi_ddiv
<LI><a href="#[5a]">&gt;&gt;</a>&nbsp;&nbsp;&nbsp;__aeabi_dadd
<LI><a href="#[5f]">&gt;&gt;</a>&nbsp;&nbsp;&nbsp;__aeabi_d2ulz
<LI><a href="#[a6]">&gt;&gt;</a>&nbsp;&nbsp;&nbsp;__aeabi_cdrcmple
</UL>
<BR>[Called By]<UL><LI><a href="#[94]">&gt;&gt;</a>&nbsp;&nbsp;&nbsp;_printf_core
</UL>

<P><STRONG><a name="[94]"></a>_printf_core</STRONG> (Thumb, 1744 bytes, Stack size 136 bytes, printfa.o(i._printf_core), UNUSED)
<BR><BR>[Calls]<UL><LI><a href="#[a7]">&gt;&gt;</a>&nbsp;&nbsp;&nbsp;_printf_pre_padding
<LI><a href="#[a8]">&gt;&gt;</a>&nbsp;&nbsp;&nbsp;_printf_post_padding
<LI><a href="#[a5]">&gt;&gt;</a>&nbsp;&nbsp;&nbsp;_fp_digits
<LI><a href="#[55]">&gt;&gt;</a>&nbsp;&nbsp;&nbsp;__aeabi_uldivmod
<LI><a href="#[a9]">&gt;&gt;</a>&nbsp;&nbsp;&nbsp;__aeabi_uidivmod
</UL>
<BR>[Called By]<UL><LI><a href="#[93]">&gt;&gt;</a>&nbsp;&nbsp;&nbsp;__0printf
</UL>

<P><STRONG><a name="[a8]"></a>_printf_post_padding</STRONG> (Thumb, 36 bytes, Stack size 24 bytes, printfa.o(i._printf_post_padding), UNUSED)
<BR><BR>[Called By]<UL><LI><a href="#[94]">&gt;&gt;</a>&nbsp;&nbsp;&nbsp;_printf_core
</UL>

<P><STRONG><a name="[a7]"></a>_printf_pre_padding</STRONG> (Thumb, 46 bytes, Stack size 24 bytes, printfa.o(i._printf_pre_padding), UNUSED)
<BR><BR>[Called By]<UL><LI><a href="#[94]">&gt;&gt;</a>&nbsp;&nbsp;&nbsp;_printf_core
</UL>
<P>
<H3>
Undefined Global Symbols
</H3><HR></body></html>
